Archive member included to satisfy reference by file (symbol)

c:/Users/vmyhr/AppData/Roaming/Code/User/globalStorage/bmd.stm32-for-vscode/@xpack-dev-tools/arm-none-eabi-gcc/13.2.1-1.1.1/.content/bin/../lib/gcc/arm-none-eabi/13.2.1/../../../../arm-none-eabi/lib/thumb/v7-m/nofp\libc_nano.a(libc_a-atexit.o)
                              c:/Users/vmyhr/AppData/Roaming/Code/User/globalStorage/bmd.stm32-for-vscode/@xpack-dev-tools/arm-none-eabi-gcc/13.2.1-1.1.1/.content/bin/../lib/gcc/arm-none-eabi/13.2.1/../../../../arm-none-eabi/lib/thumb/v7-m/nofp/crt0.o (atexit)
c:/Users/vmyhr/AppData/Roaming/Code/User/globalStorage/bmd.stm32-for-vscode/@xpack-dev-tools/arm-none-eabi-gcc/13.2.1-1.1.1/.content/bin/../lib/gcc/arm-none-eabi/13.2.1/../../../../arm-none-eabi/lib/thumb/v7-m/nofp\libc_nano.a(libc_a-exit.o)
                              c:/Users/vmyhr/AppData/Roaming/Code/User/globalStorage/bmd.stm32-for-vscode/@xpack-dev-tools/arm-none-eabi-gcc/13.2.1-1.1.1/.content/bin/../lib/gcc/arm-none-eabi/13.2.1/../../../../arm-none-eabi/lib/thumb/v7-m/nofp/crt0.o (exit)
c:/Users/vmyhr/AppData/Roaming/Code/User/globalStorage/bmd.stm32-for-vscode/@xpack-dev-tools/arm-none-eabi-gcc/13.2.1-1.1.1/.content/bin/../lib/gcc/arm-none-eabi/13.2.1/../../../../arm-none-eabi/lib/thumb/v7-m/nofp\libc_nano.a(libc_a-findfp.o)
                              c:/Users/vmyhr/AppData/Roaming/Code/User/globalStorage/bmd.stm32-for-vscode/@xpack-dev-tools/arm-none-eabi-gcc/13.2.1-1.1.1/.content/bin/../lib/gcc/arm-none-eabi/13.2.1/../../../../arm-none-eabi/lib/thumb/v7-m/nofp\libc_nano.a(libc_a-exit.o) (__stdio_exit_handler)
c:/Users/vmyhr/AppData/Roaming/Code/User/globalStorage/bmd.stm32-for-vscode/@xpack-dev-tools/arm-none-eabi-gcc/13.2.1-1.1.1/.content/bin/../lib/gcc/arm-none-eabi/13.2.1/../../../../arm-none-eabi/lib/thumb/v7-m/nofp\libc_nano.a(libc_a-fwalk.o)
                              c:/Users/vmyhr/AppData/Roaming/Code/User/globalStorage/bmd.stm32-for-vscode/@xpack-dev-tools/arm-none-eabi-gcc/13.2.1-1.1.1/.content/bin/../lib/gcc/arm-none-eabi/13.2.1/../../../../arm-none-eabi/lib/thumb/v7-m/nofp\libc_nano.a(libc_a-findfp.o) (_fwalk_sglue)
c:/Users/vmyhr/AppData/Roaming/Code/User/globalStorage/bmd.stm32-for-vscode/@xpack-dev-tools/arm-none-eabi-gcc/13.2.1-1.1.1/.content/bin/../lib/gcc/arm-none-eabi/13.2.1/../../../../arm-none-eabi/lib/thumb/v7-m/nofp\libc_nano.a(libc_a-sprintf.o)
                              build/main.o (sprintf)
c:/Users/vmyhr/AppData/Roaming/Code/User/globalStorage/bmd.stm32-for-vscode/@xpack-dev-tools/arm-none-eabi-gcc/13.2.1-1.1.1/.content/bin/../lib/gcc/arm-none-eabi/13.2.1/../../../../arm-none-eabi/lib/thumb/v7-m/nofp\libc_nano.a(libc_a-stdio.o)
                              c:/Users/vmyhr/AppData/Roaming/Code/User/globalStorage/bmd.stm32-for-vscode/@xpack-dev-tools/arm-none-eabi-gcc/13.2.1-1.1.1/.content/bin/../lib/gcc/arm-none-eabi/13.2.1/../../../../arm-none-eabi/lib/thumb/v7-m/nofp\libc_nano.a(libc_a-findfp.o) (__sread)
c:/Users/vmyhr/AppData/Roaming/Code/User/globalStorage/bmd.stm32-for-vscode/@xpack-dev-tools/arm-none-eabi-gcc/13.2.1-1.1.1/.content/bin/../lib/gcc/arm-none-eabi/13.2.1/../../../../arm-none-eabi/lib/thumb/v7-m/nofp\libc_nano.a(libc_a-memset.o)
                              c:/Users/vmyhr/AppData/Roaming/Code/User/globalStorage/bmd.stm32-for-vscode/@xpack-dev-tools/arm-none-eabi-gcc/13.2.1-1.1.1/.content/bin/../lib/gcc/arm-none-eabi/13.2.1/../../../../arm-none-eabi/lib/thumb/v7-m/nofp/crt0.o (memset)
c:/Users/vmyhr/AppData/Roaming/Code/User/globalStorage/bmd.stm32-for-vscode/@xpack-dev-tools/arm-none-eabi-gcc/13.2.1-1.1.1/.content/bin/../lib/gcc/arm-none-eabi/13.2.1/../../../../arm-none-eabi/lib/thumb/v7-m/nofp\libc_nano.a(libc_a-closer.o)
                              c:/Users/vmyhr/AppData/Roaming/Code/User/globalStorage/bmd.stm32-for-vscode/@xpack-dev-tools/arm-none-eabi-gcc/13.2.1-1.1.1/.content/bin/../lib/gcc/arm-none-eabi/13.2.1/../../../../arm-none-eabi/lib/thumb/v7-m/nofp\libc_nano.a(libc_a-stdio.o) (_close_r)
c:/Users/vmyhr/AppData/Roaming/Code/User/globalStorage/bmd.stm32-for-vscode/@xpack-dev-tools/arm-none-eabi-gcc/13.2.1-1.1.1/.content/bin/../lib/gcc/arm-none-eabi/13.2.1/../../../../arm-none-eabi/lib/thumb/v7-m/nofp\libc_nano.a(libc_a-reent.o)
                              c:/Users/vmyhr/AppData/Roaming/Code/User/globalStorage/bmd.stm32-for-vscode/@xpack-dev-tools/arm-none-eabi-gcc/13.2.1-1.1.1/.content/bin/../lib/gcc/arm-none-eabi/13.2.1/../../../../arm-none-eabi/lib/thumb/v7-m/nofp\libc_nano.a(libc_a-closer.o) (errno)
c:/Users/vmyhr/AppData/Roaming/Code/User/globalStorage/bmd.stm32-for-vscode/@xpack-dev-tools/arm-none-eabi-gcc/13.2.1-1.1.1/.content/bin/../lib/gcc/arm-none-eabi/13.2.1/../../../../arm-none-eabi/lib/thumb/v7-m/nofp\libc_nano.a(libc_a-impure.o)
[...]
Memory Configuration

Name             Origin             Length             Attributes
RAM              0x20000000         0x00005000         xrw
FLASH            0x08000000         0x00020000         xr
*default*        0x00000000         0xffffffff

Linker script and memory map

LOAD c:/Users/vmyhr/AppData/Roaming/Code/User/globalStorage/bmd.stm32-for-vscode/@xpack-dev-tools/arm-none-eabi-gcc/13.2.1-1.1.1/.content/bin/../lib/gcc/arm-none-eabi/13.2.1/thumb/v7-m/nofp/crti.o
LOAD c:/Users/vmyhr/AppData/Roaming/Code/User/globalStorage/bmd.stm32-for-vscode/@xpack-dev-tools/arm-none-eabi-gcc/13.2.1-1.1.1/.content/bin/../lib/gcc/arm-none-eabi/13.2.1/thumb/v7-m/nofp/crtbegin.o
LOAD c:/Users/vmyhr/AppData/Roaming/Code/User/globalStorage/bmd.stm32-for-vscode/@xpack-dev-tools/arm-none-eabi-gcc/13.2.1-1.1.1/.content/bin/../lib/gcc/arm-none-eabi/13.2.1/../../../../arm-none-eabi/lib/thumb/v7-m/nofp/crt0.o
LOAD build/freertos.o
LOAD build/lsm6dso_gyroscope.o
LOAD build/main.o
LOAD build/stm32f1xx_hal_msp.o
LOAD build/stm32f1xx_hal_timebase_tim.o
LOAD build/stm32f1xx_it.o
LOAD build/stts751_temperature_sensor.o
LOAD build/system_stm32f1xx.o
LOAD build/stm32f1xx_hal.o
LOAD build/stm32f1xx_hal_cortex.o
LOAD build/stm32f1xx_hal_dma.o
LOAD build/stm32f1xx_hal_exti.o
LOAD build/stm32f1xx_hal_flash.o
LOAD build/stm32f1xx_hal_flash_ex.o
LOAD build/stm32f1xx_hal_gpio.o
LOAD build/stm32f1xx_hal_gpio_ex.o
LOAD build/stm32f1xx_hal_i2c.o
LOAD build/stm32f1xx_hal_pwr.o
LOAD build/stm32f1xx_hal_rcc.o
LOAD build/stm32f1xx_hal_rcc_ex.o
LOAD build/stm32f1xx_hal_tim.o
LOAD build/stm32f1xx_hal_tim_ex.o
LOAD build/stm32f1xx_hal_uart.o
LOAD build/cmsis_os2.o
LOAD build/croutine.o
LOAD build/event_groups.o
LOAD build/list.o
LOAD build/port.o
LOAD build/heap_4.o
LOAD build/queue.o
LOAD build/stream_buffer.o
LOAD build/tasks.o
LOAD build/timers.o
LOAD build/startup_stm32f103xb.o
LOAD c:/Users/vmyhr/AppData/Roaming/Code/User/globalStorage/bmd.stm32-for-vscode/@xpack-dev-tools/arm-none-eabi-gcc/13.2.1-1.1.1/.content/bin/../lib/gcc/arm-none-eabi/13.2.1/../../../../arm-none-eabi/lib/thumb/v7-m/nofp\libc_nano.a
LOAD c:/Users/vmyhr/AppData/Roaming/Code/User/globalStorage/bmd.stm32-for-vscode/@xpack-dev-tools/arm-none-eabi-gcc/13.2.1-1.1.1/.content/bin/../lib/gcc/arm-none-eabi/13.2.1/../../../../arm-none-eabi/lib/thumb/v7-m/nofp\libm.a
LOAD c:/Users/vmyhr/AppData/Roaming/Code/User/globalStorage/bmd.stm32-for-vscode/@xpack-dev-tools/arm-none-eabi-gcc/13.2.1-1.1.1/.content/bin/../lib/gcc/arm-none-eabi/13.2.1/../../../../arm-none-eabi/lib/thumb/v7-m/nofp\libnosys.a
START GROUP
LOAD c:/Users/vmyhr/AppData/Roaming/Code/User/globalStorage/bmd.stm32-for-vscode/@xpack-dev-tools/arm-none-eabi-gcc/13.2.1-1.1.1/.content/bin/../lib/gcc/arm-none-eabi/13.2.1/thumb/v7-m/nofp\libgcc.a
LOAD c:/Users/vmyhr/AppData/Roaming/Code/User/globalStorage/bmd.stm32-for-vscode/@xpack-dev-tools/arm-none-eabi-gcc/13.2.1-1.1.1/.content/bin/../lib/gcc/arm-none-eabi/13.2.1/../../../../arm-none-eabi/lib/thumb/v7-m/nofp\libc_nano.a
END GROUP
START GROUP
LOAD c:/Users/vmyhr/AppData/Roaming/Code/User/globalStorage/bmd.stm32-for-vscode/@xpack-dev-tools/arm-none-eabi-gcc/13.2.1-1.1.1/.content/bin/../lib/gcc/arm-none-eabi/13.2.1/thumb/v7-m/nofp\libgcc.a
LOAD c:/Users/vmyhr/AppData/Roaming/Code/User/globalStorage/bmd.stm32-for-vscode/@xpack-dev-tools/arm-none-eabi-gcc/13.2.1-1.1.1/.content/bin/../lib/gcc/arm-none-eabi/13.2.1/../../../../arm-none-eabi/lib/thumb/v7-m/nofp\libc_nano.a
END GROUP
LOAD c:/Users/vmyhr/AppData/Roaming/Code/User/globalStorage/bmd.stm32-for-vscode/@xpack-dev-tools/arm-none-eabi-gcc/13.2.1-1.1.1/.content/bin/../lib/gcc/arm-none-eabi/13.2.1/thumb/v7-m/nofp/crtend.o
LOAD c:/Users/vmyhr/AppData/Roaming/Code/User/globalStorage/bmd.stm32-for-vscode/@xpack-dev-tools/arm-none-eabi-gcc/13.2.1-1.1.1/.content/bin/../lib/gcc/arm-none-eabi/13.2.1/thumb/v7-m/nofp/crtn.o
                0x20005000                        _estack = (ORIGIN (RAM) + LENGTH (RAM))
                0x00000200                        _Min_Heap_Size = 0x200
                0x00000400                        _Min_Stack_Size = 0x400

.isr_vector     0x08000000      0x10c
                0x08000000                        . = ALIGN (0x4)
 *(.isr_vector)
 .isr_vector    0x08000000      0x10c build/startup_stm32f103xb.o
                0x08000000                g_pfnVectors
                0x0800010c                        . = ALIGN (0x4)

.text           0x08000110     0x58e8
                0x08000110                        . = ALIGN (0x4)
 *(.text)
 .text          0x08000110       0x10 c:/Users/vmyhr/AppData/Roaming/Code/User/globalStorage/bmd.stm32-for-vscode/@xpack-dev-tools/arm-none-eabi-gcc/13.2.1-1.1.1/.content/bin/../lib/gcc/arm-none-eabi/13.2.1/../../../../arm-none-eabi/lib/thumb/v7-m/nofp\libc_nano.a(libc_a-strlen.o)
                0x08000110                strlen
 .text          0x08000120      0x378 c:/Users/vmyhr/AppData/Roaming/Code/User/globalStorage/bmd.stm32-for-vscode/@xpack-dev-tools/arm-none-eabi-gcc/13.2.1-1.1.1/.content/bin/../lib/gcc/arm-none-eabi/13.2.1/thumb/v7-m/nofp\libgcc.a(_arm_addsubdf3.o)
                0x08000120                __aeabi_drsub
                0x08000128                __aeabi_dsub
                0x08000128                __subdf3
                0x0800012c                __aeabi_dadd
                0x0800012c                __adddf3
                0x080003a4                __floatunsidf
                0x080003a4                __aeabi_ui2d
                0x080003c4                __floatsidf
                0x080003c4                __aeabi_i2d
                0x080003e8                __aeabi_f2d
                0x080003e8                __extendsfdf2
                0x0800042c                __floatundidf
                0x0800042c                __aeabi_ul2d
                0x0800043c                __floatdidf
                0x0800043c                __aeabi_l2d
 .text          0x08000498      0x424 c:/Users/vmyhr/AppData/Roaming/Code/User/globalStorage/bmd.stm32-for-vscode/@xpack-dev-tools/arm-none-eabi-gcc/13.2.1-1.1.1/.content/bin/../lib/gcc/arm-none-eabi/13.2.1/thumb/v7-m/nofp\libgcc.a(_arm_muldivdf3.o)
                0x08000498                __aeabi_dmul
                0x08000498                __muldf3
                0x080006ec                __divdf3
                0x080006ec                __aeabi_ddiv
 .text          0x080008bc      0x110 c:/Users/vmyhr/AppData/Roaming/Code/User/globalStorage/bmd.stm32-for-vscode/@xpack-dev-tools/arm-none-eabi-gcc/13.2.1-1.1.1/.content/bin/../lib/gcc/arm-none-eabi/13.2.1/thumb/v7-m/nofp\libgcc.a(_arm_cmpdf2.o)
                0x080008bc                __gtdf2
                0x080008bc                __gedf2
                0x080008c4                __ltdf2
                0x080008c4                __ledf2
                0x080008cc                __nedf2
                0x080008cc                __eqdf2
                0x080008cc                __cmpdf2
                0x08000948                __aeabi_cdrcmple
                0x08000958                __aeabi_cdcmpeq
                0x08000958                __aeabi_cdcmple
                0x08000968                __aeabi_dcmpeq
                0x0800097c                __aeabi_dcmplt
                0x08000990                __aeabi_dcmple
                0x080009a4                __aeabi_dcmpge
                0x080009b8                __aeabi_dcmpgt
 .text          0x080009cc       0x2c c:/Users/vmyhr/AppData/Roaming/Code/User/globalStorage/bmd.stm32-for-vscode/@xpack-dev-tools/arm-none-eabi-gcc/13.2.1-1.1.1/.content/bin/../lib/gcc/arm-none-eabi/13.2.1/thumb/v7-m/nofp\libgcc.a(_arm_unorddf2.o)
                0x080009cc                __unorddf2
                0x080009cc                __aeabi_dcmpun
 .text          0x080009f8       0xa0 c:/Users/vmyhr/AppData/Roaming/Code/User/globalStorage/bmd.stm32-for-vscode/@xpack-dev-tools/arm-none-eabi-gcc/13.2.1-1.1.1/.content/bin/../lib/gcc/arm-none-eabi/13.2.1/thumb/v7-m/nofp\libgcc.a(_arm_truncdfsf2.o)
                0x080009f8                __truncdfsf2
                0x080009f8                __aeabi_d2f
 .text          0x08000a98      0x21c c:/Users/vmyhr/AppData/Roaming/Code/User/globalStorage/bmd.stm32-for-vscode/@xpack-dev-tools/arm-none-eabi-gcc/13.2.1-1.1.1/.content/bin/../lib/gcc/arm-none-eabi/13.2.1/thumb/v7-m/nofp\libgcc.a(_arm_addsubsf3.o)
                0x08000a98                __aeabi_frsub
                0x08000aa0                __subsf3
                0x08000aa0                __aeabi_fsub
                0x08000aa4                __aeabi_fadd
                0x08000aa4                __addsf3
                0x08000c04                __aeabi_ui2f
                0x08000c04                __floatunsisf
                0x08000c0c                __aeabi_i2f
                0x08000c0c                __floatsisf
                0x08000c28                __aeabi_ul2f
                0x08000c28                __floatundisf
                0x08000c38                __aeabi_l2f
                0x08000c38                __floatdisf
 .text          0x08000cb4      0x2a0 c:/Users/vmyhr/AppData/Roaming/Code/User/globalStorage/bmd.stm32-for-vscode/@xpack-dev-tools/arm-none-eabi-gcc/13.2.1-1.1.1/.content/bin/../lib/gcc/arm-none-eabi/13.2.1/thumb/v7-m/nofp\libgcc.a(_arm_muldivsf3.o)
                0x08000cb4                __mulsf3
                0x08000cb4                __aeabi_fmul
                0x08000e1c                __aeabi_fdiv
                0x08000e1c                __divsf3
 .text          0x08000f54       0x4c c:/Users/vmyhr/AppData/Roaming/Code/User/globalStorage/bmd.stm32-for-vscode/@xpack-dev-tools/arm-none-eabi-gcc/13.2.1-1.1.1/.content/bin/../lib/gcc/arm-none-eabi/13.2.1/thumb/v7-m/nofp\libgcc.a(_arm_fixsfsi.o)
                0x08000f54                __aeabi_f2iz
                0x08000f54                __fixsfsi
 *(.text*)
 .text.__do_global_dtors_aux
                0x08000fa0       0x24 c:/Users/vmyhr/AppData/Roaming/Code/User/globalStorage/bmd.stm32-for-vscode/@xpack-dev-tools/arm-none-eabi-gcc/13.2.1-1.1.1/.content/bin/../lib/gcc/arm-none-eabi/13.2.1/thumb/v7-m/nofp/crtbegin.o
 .text.frame_dummy
                0x08000fc4       0x1c c:/Users/vmyhr/AppData/Roaming/Code/User/globalStorage/bmd.stm32-for-vscode/@xpack-dev-tools/arm-none-eabi-gcc/13.2.1-1.1.1/.content/bin/../lib/gcc/arm-none-eabi/13.2.1/thumb/v7-m/nofp/crtbegin.o
 .text.lsm6dso_read_acc_axis
                0x08000fe0       0x80 build/lsm6dso_gyroscope.o
                0x08000fe0                lsm6dso_read_acc_axis
 .text.lsm6dso_read_linear_acc
                0x08001060       0x78 build/lsm6dso_gyroscope.o
                0x08001060                lsm6dso_read_linear_acc
 .text.lsm6dso_calibrate_acc
                0x080010d8       0xd4 build/lsm6dso_gyroscope.o
                0x080010d8                lsm6dso_calibrate_acc
 .text.lsm6dso_init
                0x080011ac       0x34 build/lsm6dso_gyroscope.o
                0x080011ac                lsm6dso_init
 .text.MX_GPIO_Init
                0x080011e0       0xb4 build/main.o
 .text.read_temperature_thread
                0x08001294        0xa build/main.o
                0x08001294                read_temperature_thread
 .text.read_gyrodata_thread
                0x0800129e        0xa build/main.o
                0x0800129e                read_gyrodata_thread
 .text.StartTask04
                0x080012a8        0xa build/main.o
                0x080012a8                StartTask04
 *fill*         0x080012b2        0x2 
 .text.data_presentation_thread
                0x080012b4       0xc0 build/main.o
                0x080012b4                data_presentation_thread
 .text.HAL_TIM_PeriodElapsedCallback
                0x08001374       0x18 build/main.o
                0x08001374                HAL_TIM_PeriodElapsedCallback
 .text.Error_Handler
                0x0800138c        0x4 build/main.o
                0x0800138c                Error_Handler
 .text.MX_I2C1_Init
                0x08001390       0x38 build/main.o
 .text.MX_USART2_UART_Init
                0x080013c8       0x34 build/main.o
 .text.SystemClock_Config
                0x080013fc       0x68 build/main.o
                0x080013fc                SystemClock_Config
 .text.main     0x08001464       0x88 build/main.o
                0x08001464                main
 .text.HAL_MspInit
                0x080014ec       0x54 build/stm32f1xx_hal_msp.o
                0x080014ec                HAL_MspInit
 .text.HAL_I2C_MspInit
                0x08001540       0x78 build/stm32f1xx_hal_msp.o
                0x08001540                HAL_I2C_MspInit
 .text.HAL_UART_MspInit
                0x080015b8       0x60 build/stm32f1xx_hal_msp.o
                0x080015b8                HAL_UART_MspInit
 .text.HAL_InitTick
                0x08001618       0xa0 build/stm32f1xx_hal_timebase_tim.o
                0x08001618                HAL_InitTick
 .text.NMI_Handler
                0x080016b8        0x2 build/stm32f1xx_it.o
                0x080016b8                NMI_Handler
 .text.HardFault_Handler
                0x080016ba        0x2 build/stm32f1xx_it.o
                0x080016ba                HardFault_Handler
 .text.MemManage_Handler
                0x080016bc        0x2 build/stm32f1xx_it.o
                0x080016bc                MemManage_Handler
 .text.BusFault_Handler
                0x080016be        0x2 build/stm32f1xx_it.o
                0x080016be                BusFault_Handler
 .text.UsageFault_Handler
                0x080016c0        0x2 build/stm32f1xx_it.o
                0x080016c0                UsageFault_Handler
 .text.DebugMon_Handler
                0x080016c2        0x2 build/stm32f1xx_it.o
                0x080016c2                DebugMon_Handler
 .text.TIM4_IRQHandler
                0x080016c4       0x10 build/stm32f1xx_it.o
                0x080016c4                TIM4_IRQHandler
 .text.EXTI15_10_IRQHandler
                0x080016d4        0xc build/stm32f1xx_it.o
                0x080016d4                EXTI15_10_IRQHandler
 .text.stts751_read_temperature
                0x080016e0       0x70 build/stts751_temperature_sensor.o
                0x080016e0                stts751_read_temperature
 .text.SystemInit
                0x08001750        0x2 build/system_stm32f1xx.o
                0x08001750                SystemInit
 *fill*         0x08001752        0x2 
 .text.HAL_Init
                0x08001754       0x24 build/stm32f1xx_hal.o
                0x08001754                HAL_Init
 .text.HAL_IncTick
                0x08001778       0x18 build/stm32f1xx_hal.o
                0x08001778                HAL_IncTick
 .text.HAL_GetTick
                0x08001790        0xc build/stm32f1xx_hal.o
                0x08001790                HAL_GetTick
 .text.HAL_Delay
                0x0800179c       0x28 build/stm32f1xx_hal.o
                0x0800179c                HAL_Delay
 .text.__NVIC_SetPriority
                0x080017c4       0x28 build/stm32f1xx_hal_cortex.o
 .text.NVIC_EncodePriority
                0x080017ec       0x3e build/stm32f1xx_hal_cortex.o
 *fill*         0x0800182a        0x2 
 .text.HAL_NVIC_SetPriorityGrouping
                0x0800182c       0x24 build/stm32f1xx_hal_cortex.o
                0x0800182c                HAL_NVIC_SetPriorityGrouping
 .text.HAL_NVIC_SetPriority
                0x08001850       0x20 build/stm32f1xx_hal_cortex.o
                0x08001850                HAL_NVIC_SetPriority
 .text.HAL_NVIC_EnableIRQ
                0x08001870       0x1c build/stm32f1xx_hal_cortex.o
                0x08001870                HAL_NVIC_EnableIRQ
 .text.HAL_GPIO_Init
                0x0800188c      0x21c build/stm32f1xx_hal_gpio.o
                0x0800188c                HAL_GPIO_Init
 .text.HAL_GPIO_WritePin
                0x08001aa8        0xc build/stm32f1xx_hal_gpio.o
                0x08001aa8                HAL_GPIO_WritePin
 .text.HAL_GPIO_EXTI_Callback
                0x08001ab4        0x2 build/stm32f1xx_hal_gpio.o
                0x08001ab4                HAL_GPIO_EXTI_Callback
 *fill*         0x08001ab6        0x2 
 .text.HAL_GPIO_EXTI_IRQHandler
                0x08001ab8       0x1c build/stm32f1xx_hal_gpio.o
                0x08001ab8                HAL_GPIO_EXTI_IRQHandler
 .text.I2C_IsAcknowledgeFailed
                0x08001ad4       0x32 build/stm32f1xx_hal_i2c.o
 .text.I2C_WaitOnFlagUntilTimeout
                0x08001b06       0xaa build/stm32f1xx_hal_i2c.o
 .text.I2C_WaitOnMasterAddressFlagUntilTimeout
                0x08001bb0       0xd6 build/stm32f1xx_hal_i2c.o
 .text.I2C_WaitOnTXEFlagUntilTimeout
                0x08001c86       0x5e build/stm32f1xx_hal_i2c.o
 .text.I2C_RequestMemoryWrite
                0x08001ce4       0xd8 build/stm32f1xx_hal_i2c.o
 .text.I2C_RequestMemoryRead
                0x08001dbc      0x154 build/stm32f1xx_hal_i2c.o
 .text.I2C_WaitOnBTFFlagUntilTimeout
                0x08001f10       0x5e build/stm32f1xx_hal_i2c.o
 .text.I2C_WaitOnRXNEFlagUntilTimeout
                0x08001f6e       0x78 build/stm32f1xx_hal_i2c.o
 *fill*         0x08001fe6        0x2 
 .text.HAL_I2C_Init
                0x08001fe8      0x1bc build/stm32f1xx_hal_i2c.o
                0x08001fe8                HAL_I2C_Init
 .text.HAL_I2C_Mem_Write
                0x080021a4      0x164 build/stm32f1xx_hal_i2c.o
                0x080021a4                HAL_I2C_Mem_Write
 .text.HAL_I2C_Mem_Read
                0x08002308      0x348 build/stm32f1xx_hal_i2c.o
                0x08002308                HAL_I2C_Mem_Read
 .text.RCC_Delay
                0x08002650       0x2c build/stm32f1xx_hal_rcc.o
 .text.HAL_RCC_OscConfig
                0x0800267c      0x410 build/stm32f1xx_hal_rcc.o
                0x0800267c                HAL_RCC_OscConfig
 .text.HAL_RCC_GetSysClockFreq
                0x08002a8c       0x54 build/stm32f1xx_hal_rcc.o
                0x08002a8c                HAL_RCC_GetSysClockFreq
 .text.HAL_RCC_ClockConfig
                0x08002ae0      0x16c build/stm32f1xx_hal_rcc.o
                0x08002ae0                HAL_RCC_ClockConfig
 .text.HAL_RCC_GetHCLKFreq
                0x08002c4c        0xc build/stm32f1xx_hal_rcc.o
                0x08002c4c                HAL_RCC_GetHCLKFreq
 .text.HAL_RCC_GetPCLK1Freq
                0x08002c58       0x20 build/stm32f1xx_hal_rcc.o
                0x08002c58                HAL_RCC_GetPCLK1Freq
 .text.HAL_RCC_GetPCLK2Freq
                0x08002c78       0x20 build/stm32f1xx_hal_rcc.o
                0x08002c78                HAL_RCC_GetPCLK2Freq
 .text.HAL_RCC_GetClockConfig
                0x08002c98       0x3c build/stm32f1xx_hal_rcc.o
                0x08002c98                HAL_RCC_GetClockConfig
 .text.HAL_TIM_Base_MspInit
                0x08002cd4        0x2 build/stm32f1xx_hal_tim.o
                0x08002cd4                HAL_TIM_Base_MspInit
 *fill*         0x08002cd6        0x2 
 .text.HAL_TIM_Base_Start_IT
                0x08002cd8       0x68 build/stm32f1xx_hal_tim.o
                0x08002cd8                HAL_TIM_Base_Start_IT
 .text.HAL_TIM_OC_DelayElapsedCallback
                0x08002d40        0x2 build/stm32f1xx_hal_tim.o
                0x08002d40                HAL_TIM_OC_DelayElapsedCallback
 .text.HAL_TIM_IC_CaptureCallback
                0x08002d42        0x2 build/stm32f1xx_hal_tim.o
                0x08002d42                HAL_TIM_IC_CaptureCallback
 .text.HAL_TIM_PWM_PulseFinishedCallback
                0x08002d44        0x2 build/stm32f1xx_hal_tim.o
                0x08002d44                HAL_TIM_PWM_PulseFinishedCallback
 .text.HAL_TIM_TriggerCallback
                0x08002d46        0x2 build/stm32f1xx_hal_tim.o
                0x08002d46                HAL_TIM_TriggerCallback
 .text.HAL_TIM_IRQHandler
                0x08002d48      0x17a build/stm32f1xx_hal_tim.o
                0x08002d48                HAL_TIM_IRQHandler
 *fill*         0x08002ec2        0x2 
 .text.TIM_Base_SetConfig
                0x08002ec4       0x74 build/stm32f1xx_hal_tim.o
                0x08002ec4                TIM_Base_SetConfig
 .text.HAL_TIM_Base_Init
                0x08002f38       0x58 build/stm32f1xx_hal_tim.o
                0x08002f38                HAL_TIM_Base_Init
 .text.HAL_TIMEx_CommutCallback
                0x08002f90        0x2 build/stm32f1xx_hal_tim_ex.o
                0x08002f90                HAL_TIMEx_CommutCallback
 .text.HAL_TIMEx_BreakCallback
                0x08002f92        0x2 build/stm32f1xx_hal_tim_ex.o
                0x08002f92                HAL_TIMEx_BreakCallback
 .text.UART_SetConfig
                0x08002f94       0x94 build/stm32f1xx_hal_uart.o
 .text.UART_WaitOnFlagUntilTimeout
                0x08003028       0x84 build/stm32f1xx_hal_uart.o
 .text.HAL_UART_Init
                0x080030ac       0x60 build/stm32f1xx_hal_uart.o
                0x080030ac                HAL_UART_Init
 .text.HAL_UART_Transmit
                0x0800310c       0xbe build/stm32f1xx_hal_uart.o
                0x0800310c                HAL_UART_Transmit
 *fill*         0x080031ca        0x2 
 .text.osKernelInitialize
                0x080031cc       0x44 build/cmsis_os2.o
                0x080031cc                osKernelInitialize
 .text.osKernelStart
                0x08003210       0x4c build/cmsis_os2.o
                0x08003210                osKernelStart
 .text.osThreadNew
                0x0800325c       0xec build/cmsis_os2.o
                0x0800325c                osThreadNew
 .text.osDelay  0x08003348       0x44 build/cmsis_os2.o
                0x08003348                osDelay
 .text.vApplicationGetIdleTaskMemory
                0x0800338c       0x18 build/cmsis_os2.o
                0x0800338c                vApplicationGetIdleTaskMemory
 .text.vApplicationGetTimerTaskMemory
                0x080033a4       0x18 build/cmsis_os2.o
                0x080033a4                vApplicationGetTimerTaskMemory
 .text.vListInitialise
                0x080033bc       0x16 build/list.o
                0x080033bc                vListInitialise
 .text.vListInitialiseItem
                0x080033d2        0x6 build/list.o
                0x080033d2                vListInitialiseItem
 .text.vListInsertEnd
                0x080033d8       0x16 build/list.o
                0x080033d8                vListInsertEnd
 .text.vListInsert
                0x080033ee       0x32 build/list.o
                0x080033ee                vListInsert
 .text.uxListRemove
                0x08003420       0x26 build/list.o
                0x08003420                uxListRemove
 *fill*         0x08003446        0x2 
 .text.prvTaskExitError
                0x08003448       0x40 build/port.o
 .text.prvPortStartFirstTask
                0x08003488       0x20 build/port.o
 .text.pxPortInitialiseStack
                0x080034a8       0x24 build/port.o
                0x080034a8                pxPortInitialiseStack
 *fill*         0x080034cc        0x4 
 .text.SVC_Handler
                0x080034d0       0x24 build/port.o
                0x080034d0                SVC_Handler
 .text.vPortEnterCritical
                0x080034f4       0x44 build/port.o
                0x080034f4                vPortEnterCritical
 .text.vPortExitCritical
                0x08003538       0x2c build/port.o
                0x08003538                vPortExitCritical
 *fill*         0x08003564        0xc 
 .text.PendSV_Handler
                0x08003570       0x44 build/port.o
                0x08003570                PendSV_Handler
 .text.SysTick_Handler
                0x080035b4       0x2c build/port.o
                0x080035b4                SysTick_Handler
 .text.vPortSetupTimerInterrupt
                0x080035e0       0x28 build/port.o
                0x080035e0                vPortSetupTimerInterrupt
 .text.xPortStartScheduler
                0x08003608       0xc0 build/port.o
                0x08003608                xPortStartScheduler
 .text.vPortValidateInterruptPriority
                0x080036c8       0x5c build/port.o
                0x080036c8                vPortValidateInterruptPriority
 .text.prvHeapInit
                0x08003724       0x64 build/heap_4.o
 .text.prvInsertBlockIntoFreeList
                0x08003788       0x60 build/heap_4.o
 .text.pvPortMalloc
                0x080037e8       0xf8 build/heap_4.o
                0x080037e8                pvPortMalloc
 .text.vPortFree
                0x080038e0       0x70 build/heap_4.o
                0x080038e0                vPortFree
 .text.prvIsQueueFull
                0x08003950       0x1e build/queue.o
 .text.prvIsQueueEmpty
                0x0800396e       0x1a build/queue.o
 .text.prvCopyDataToQueue
                0x08003988       0x76 build/queue.o
 .text.prvCopyDataFromQueue
                0x080039fe       0x24 build/queue.o
 .text.prvUnlockQueue
                0x08003a22       0x6e build/queue.o
 .text.xQueueGenericReset
                0x08003a90       0x84 build/queue.o
                0x08003a90                xQueueGenericReset
 .text.prvInitialiseNewQueue
                0x08003b14       0x22 build/queue.o
 .text.xQueueGenericCreateStatic
                0x08003b36       0x92 build/queue.o
                0x08003b36                xQueueGenericCreateStatic
 .text.xQueueGenericSend
                0x08003bc8      0x188 build/queue.o
                0x08003bc8                xQueueGenericSend
 .text.xQueueGenericSendFromISR
                0x08003d50       0xcc build/queue.o
                0x08003d50                xQueueGenericSendFromISR
 .text.xQueueReceive
                0x08003e1c      0x15e build/queue.o
                0x08003e1c                xQueueReceive
 *fill*         0x08003f7a        0x2 
 .text.vQueueAddToRegistry
                0x08003f7c       0x28 build/queue.o
                0x08003f7c                vQueueAddToRegistry
 .text.vQueueWaitForMessageRestricted
                0x08003fa4       0x52 build/queue.o
                0x08003fa4                vQueueWaitForMessageRestricted
 *fill*         0x08003ff6        0x2 
 .text.prvResetNextTaskUnblockTime
                0x08003ff8       0x2c build/tasks.o
 .text.prvInitialiseNewTask
                0x08004024       0x98 build/tasks.o
 .text.prvInitialiseTaskLists
                0x080040bc       0x68 build/tasks.o
 .text.prvAddNewTaskToReadyList
                0x08004124       0xac build/tasks.o
 .text.prvDeleteTCB
                0x080041d0       0x38 build/tasks.o
 .text.prvCheckTasksWaitingTermination
                0x08004208       0x4c build/tasks.o
 .text.prvIdleTask
                0x08004254       0x28 build/tasks.o
 .text.prvAddCurrentTaskToDelayedList
                0x0800427c       0x7c build/tasks.o
 .text.xTaskCreateStatic
                0x080042f8       0x74 build/tasks.o
                0x080042f8                xTaskCreateStatic
 .text.xTaskCreate
                0x0800436c       0x64 build/tasks.o
                0x0800436c                xTaskCreate
 .text.vTaskStartScheduler
                0x080043d0       0x98 build/tasks.o
                0x080043d0                vTaskStartScheduler
 .text.vTaskSuspendAll
                0x08004468       0x10 build/tasks.o
                0x08004468                vTaskSuspendAll
 .text.xTaskGetTickCount
                0x08004478        0xc build/tasks.o
                0x08004478                xTaskGetTickCount
 .text.xTaskIncrementTick
                0x08004484      0x118 build/tasks.o
                0x08004484                xTaskIncrementTick
 .text.xTaskResumeAll
                0x0800459c       0xf8 build/tasks.o
                0x0800459c                xTaskResumeAll
 .text.vTaskDelay
                0x08004694       0x4c build/tasks.o
                0x08004694                vTaskDelay
 .text.vTaskSwitchContext
                0x080046e0       0x98 build/tasks.o
                0x080046e0                vTaskSwitchContext
 .text.vTaskPlaceOnEventList
                0x08004778       0x30 build/tasks.o
                0x08004778                vTaskPlaceOnEventList
 .text.vTaskPlaceOnEventListRestricted
                0x080047a8       0x38 build/tasks.o
                0x080047a8                vTaskPlaceOnEventListRestricted
 .text.xTaskRemoveFromEventList
                0x080047e0       0x8c build/tasks.o
                0x080047e0                xTaskRemoveFromEventList
 .text.vTaskInternalSetTimeOutState
                0x0800486c       0x18 build/tasks.o
                0x0800486c                vTaskInternalSetTimeOutState
 .text.xTaskCheckForTimeOut
                0x08004884       0x84 build/tasks.o
                0x08004884                xTaskCheckForTimeOut
 .text.vTaskMissedYield
                0x08004908        0xc build/tasks.o
                0x08004908                vTaskMissedYield
 .text.xTaskGetSchedulerState
                0x08004914       0x20 build/tasks.o
                0x08004914                xTaskGetSchedulerState
 .text.xTaskPriorityDisinherit
                0x08004934       0x90 build/tasks.o
                0x08004934                xTaskPriorityDisinherit
 .text.prvGetNextExpireTime
                0x080049c4       0x20 build/timers.o
 .text.prvInsertTimerInActiveList
                0x080049e4       0x48 build/timers.o
 .text.prvCheckForValidListAndQueue
                0x08004a2c       0x70 build/timers.o
 .text.xTimerCreateTimerTask
                0x08004a9c       0x64 build/timers.o
                0x08004a9c                xTimerCreateTimerTask
 .text.xTimerGenericCommand
                0x08004b00       0x6c build/timers.o
                0x08004b00                xTimerGenericCommand
 .text.prvSwitchTimerLists
                0x08004b6c       0x78 build/timers.o
 .text.prvSampleTimeNow
                0x08004be4       0x2c build/timers.o
 .text.prvProcessExpiredTimer
                0x08004c10       0x60 build/timers.o
 .text.prvProcessTimerOrBlockTask
                0x08004c70       0x70 build/timers.o
 .text.prvProcessReceivedCommands
                0x08004ce0       0xf8 build/timers.o
 .text.prvTimerTask
                0x08004dd8       0x16 build/timers.o
 *fill*         0x08004dee        0x2 
 .text.Reset_Handler
                0x08004df0       0x48 build/startup_stm32f103xb.o
                0x08004df0                Reset_Handler
 .text.Default_Handler
                0x08004e38        0x2 build/startup_stm32f103xb.o
                0x08004e38                RTC_Alarm_IRQHandler
                0x08004e38                EXTI2_IRQHandler
                0x08004e38                TIM1_CC_IRQHandler
                0x08004e38                PVD_IRQHandler
                0x08004e38                EXTI3_IRQHandler
                0x08004e38                EXTI0_IRQHandler
                0x08004e38                I2C2_EV_IRQHandler
                0x08004e38                ADC1_2_IRQHandler
                0x08004e38                SPI1_IRQHandler
                0x08004e38                TAMPER_IRQHandler
                0x08004e38                DMA1_Channel4_IRQHandler
                0x08004e38                USART3_IRQHandler
                0x08004e38                RTC_IRQHandler
                0x08004e38                DMA1_Channel7_IRQHandler
                0x08004e38                CAN1_RX1_IRQHandler
                0x08004e38                I2C1_EV_IRQHandler
                0x08004e38                DMA1_Channel6_IRQHandler
                0x08004e38                TIM3_IRQHandler
                0x08004e38                RCC_IRQHandler
                0x08004e38                TIM1_TRG_COM_IRQHandler
                0x08004e38                DMA1_Channel1_IRQHandler
                0x08004e38                Default_Handler
                0x08004e38                EXTI9_5_IRQHandler
                0x08004e38                SPI2_IRQHandler
                0x08004e38                DMA1_Channel5_IRQHandler
                0x08004e38                EXTI4_IRQHandler
                0x08004e38                USB_LP_CAN1_RX0_IRQHandler
                0x08004e38                USB_HP_CAN1_TX_IRQHandler
                0x08004e38                DMA1_Channel3_IRQHandler
                0x08004e38                TIM1_UP_IRQHandler
                0x08004e38                WWDG_IRQHandler
                0x08004e38                TIM2_IRQHandler
                0x08004e38                TIM1_BRK_IRQHandler
                0x08004e38                EXTI1_IRQHandler
                0x08004e38                USART2_IRQHandler
                0x08004e38                I2C2_ER_IRQHandler
                0x08004e38                DMA1_Channel2_IRQHandler
                0x08004e38                CAN1_SCE_IRQHandler
                0x08004e38                FLASH_IRQHandler
                0x08004e38                USART1_IRQHandler
                0x08004e38                I2C1_ER_IRQHandler
                0x08004e38                USBWakeUp_IRQHandler
 *fill*         0x08004e3a        0x2 
 .text.sprintf  0x08004e3c       0x40 c:/Users/vmyhr/AppData/Roaming/Code/User/globalStorage/bmd.stm32-for-vscode/@xpack-dev-tools/arm-none-eabi-gcc/13.2.1-1.1.1/.content/bin/../lib/gcc/arm-none-eabi/13.2.1/../../../../arm-none-eabi/lib/thumb/v7-m/nofp\libc_nano.a(libc_a-sprintf.o)
                0x08004e3c                siprintf
                0x08004e3c                sprintf
 .text.memset   0x08004e7c       0x10 c:/Users/vmyhr/AppData/Roaming/Code/User/globalStorage/bmd.stm32-for-vscode/@xpack-dev-tools/arm-none-eabi-gcc/13.2.1-1.1.1/.content/bin/../lib/gcc/arm-none-eabi/13.2.1/../../../../arm-none-eabi/lib/thumb/v7-m/nofp\libc_nano.a(libc_a-memset.o)
                0x08004e7c                memset
 .text.__libc_init_array
                0x08004e8c       0x48 c:/Users/vmyhr/AppData/Roaming/Code/User/globalStorage/bmd.stm32-for-vscode/@xpack-dev-tools/arm-none-eabi-gcc/13.2.1-1.1.1/.content/bin/../lib/gcc/arm-none-eabi/13.2.1/../../../../arm-none-eabi/lib/thumb/v7-m/nofp\libc_nano.a(libc_a-init.o)
                0x08004e8c                __libc_init_array
 .text.__retarget_lock_acquire_recursive
                0x08004ed4        0x2 c:/Users/vmyhr/AppData/Roaming/Code/User/globalStorage/bmd.stm32-for-vscode/@xpack-dev-tools/arm-none-eabi-gcc/13.2.1-1.1.1/.content/bin/../lib/gcc/arm-none-eabi/13.2.1/../../../../arm-none-eabi/lib/thumb/v7-m/nofp\libc_nano.a(libc_a-lock.o)
                0x08004ed4                __retarget_lock_acquire_recursive
 .text.__retarget_lock_release_recursive
                0x08004ed6        0x2 c:/Users/vmyhr/AppData/Roaming/Code/User/globalStorage/bmd.stm32-for-vscode/@xpack-dev-tools/arm-none-eabi-gcc/13.2.1-1.1.1/.content/bin/../lib/gcc/arm-none-eabi/13.2.1/../../../../arm-none-eabi/lib/thumb/v7-m/nofp\libc_nano.a(libc_a-lock.o)
                0x08004ed6                __retarget_lock_release_recursive
 .text.memcpy   0x08004ed8       0x1c c:/Users/vmyhr/AppData/Roaming/Code/User/globalStorage/bmd.stm32-for-vscode/@xpack-dev-tools/arm-none-eabi-gcc/13.2.1-1.1.1/.content/bin/../lib/gcc/arm-none-eabi/13.2.1/../../../../arm-none-eabi/lib/thumb/v7-m/nofp\libc_nano.a(libc_a-memcpy-stub.o)
                0x08004ed8                memcpy
 .text._free_r  0x08004ef4       0x90 c:/Users/vmyhr/AppData/Roaming/Code/User/globalStorage/bmd.stm32-for-vscode/@xpack-dev-tools/arm-none-eabi-gcc/13.2.1-1.1.1/.content/bin/../lib/gcc/arm-none-eabi/13.2.1/../../../../arm-none-eabi/lib/thumb/v7-m/nofp\libc_nano.a(libc_a-freer.o)
                0x08004ef4                _free_r
 .text.sbrk_aligned
                0x08004f84       0x44 c:/Users/vmyhr/AppData/Roaming/Code/User/globalStorage/bmd.stm32-for-vscode/@xpack-dev-tools/arm-none-eabi-gcc/13.2.1-1.1.1/.content/bin/../lib/gcc/arm-none-eabi/13.2.1/../../../../arm-none-eabi/lib/thumb/v7-m/nofp\libc_nano.a(libc_a-mallocr.o)
 .text._malloc_r
                0x08004fc8      0x100 c:/Users/vmyhr/AppData/Roaming/Code/User/globalStorage/bmd.stm32-for-vscode/@xpack-dev-tools/arm-none-eabi-gcc/13.2.1-1.1.1/.content/bin/../lib/gcc/arm-none-eabi/13.2.1/../../../../arm-none-eabi/lib/thumb/v7-m/nofp\libc_nano.a(libc_a-mallocr.o)
                0x08004fc8                _malloc_r
 .text.__malloc_lock
                0x080050c8        0xc c:/Users/vmyhr/AppData/Roaming/Code/User/globalStorage/bmd.stm32-for-vscode/@xpack-dev-tools/arm-none-eabi-gcc/13.2.1-1.1.1/.content/bin/../lib/gcc/arm-none-eabi/13.2.1/../../../../arm-none-eabi/lib/thumb/v7-m/nofp\libc_nano.a(libc_a-mlock.o)
                0x080050c8                __malloc_lock
 .text.__malloc_unlock
                0x080050d4        0xc c:/Users/vmyhr/AppData/Roaming/Code/User/globalStorage/bmd.stm32-for-vscode/@xpack-dev-tools/arm-none-eabi-gcc/13.2.1-1.1.1/.content/bin/../lib/gcc/arm-none-eabi/13.2.1/../../../../arm-none-eabi/lib/thumb/v7-m/nofp\libc_nano.a(libc_a-mlock.o)
                0x080050d4                __malloc_unlock
 .text.__ssputs_r
                0x080050e0       0xb6 c:/Users/vmyhr/AppData/Roaming/Code/User/globalStorage/bmd.stm32-for-vscode/@xpack-dev-tools/arm-none-eabi-gcc/13.2.1-1.1.1/.content/bin/../lib/gcc/arm-none-eabi/13.2.1/../../../../arm-none-eabi/lib/thumb/v7-m/nofp\libc_nano.a(libc_a-nano-svfprintf.o)
                0x080050e0                __ssputs_r
 *fill*         0x08005196        0x2 
 .text._svfprintf_r
                0x08005198      0x1f8 c:/Users/vmyhr/AppData/Roaming/Code/User/globalStorage/bmd.stm32-for-vscode/@xpack-dev-tools/arm-none-eabi-gcc/13.2.1-1.1.1/.content/bin/../lib/gcc/arm-none-eabi/13.2.1/../../../../arm-none-eabi/lib/thumb/v7-m/nofp\libc_nano.a(libc_a-nano-svfprintf.o)
                0x08005198                _svfiprintf_r
                0x08005198                _svfprintf_r
 .text._printf_common
                0x08005390       0xe4 c:/Users/vmyhr/AppData/Roaming/Code/User/globalStorage/bmd.stm32-for-vscode/@xpack-dev-tools/arm-none-eabi-gcc/13.2.1-1.1.1/.content/bin/../lib/gcc/arm-none-eabi/13.2.1/../../../../arm-none-eabi/lib/thumb/v7-m/nofp\libc_nano.a(libc_a-nano-vfprintf_i.o)
                0x08005390                _printf_common
 .text._printf_i
                0x08005474      0x23c c:/Users/vmyhr/AppData/Roaming/Code/User/globalStorage/bmd.stm32-for-vscode/@xpack-dev-tools/arm-none-eabi-gcc/13.2.1-1.1.1/.content/bin/../lib/gcc/arm-none-eabi/13.2.1/../../../../arm-none-eabi/lib/thumb/v7-m/nofp\libc_nano.a(libc_a-nano-vfprintf_i.o)
                0x08005474                _printf_i
 .text.memmove  0x080056b0       0x34 c:/Users/vmyhr/AppData/Roaming/Code/User/globalStorage/bmd.stm32-for-vscode/@xpack-dev-tools/arm-none-eabi-gcc/13.2.1-1.1.1/.content/bin/../lib/gcc/arm-none-eabi/13.2.1/../../../../arm-none-eabi/lib/thumb/v7-m/nofp\libc_nano.a(libc_a-memmove.o)
                0x080056b0                memmove
 .text._sbrk_r  0x080056e4       0x20 c:/Users/vmyhr/AppData/Roaming/Code/User/globalStorage/bmd.stm32-for-vscode/@xpack-dev-tools/arm-none-eabi-gcc/13.2.1-1.1.1/.content/bin/../lib/gcc/arm-none-eabi/13.2.1/../../../../arm-none-eabi/lib/thumb/v7-m/nofp\libc_nano.a(libc_a-sbrkr.o)
                0x080056e4                _sbrk_r
 .text.memchr   0x08005704       0x1c c:/Users/vmyhr/AppData/Roaming/Code/User/globalStorage/bmd.stm32-for-vscode/@xpack-dev-tools/arm-none-eabi-gcc/13.2.1-1.1.1/.content/bin/../lib/gcc/arm-none-eabi/13.2.1/../../../../arm-none-eabi/lib/thumb/v7-m/nofp\libc_nano.a(libc_a-memchr-stub.o)
                0x08005704                memchr
 .text._realloc_r
                0x08005720       0x5c c:/Users/vmyhr/AppData/Roaming/Code/User/globalStorage/bmd.stm32-for-vscode/@xpack-dev-tools/arm-none-eabi-gcc/13.2.1-1.1.1/.content/bin/../lib/gcc/arm-none-eabi/13.2.1/../../../../arm-none-eabi/lib/thumb/v7-m/nofp\libc_nano.a(libc_a-reallocr.o)
                0x08005720                _realloc_r
 .text._malloc_usable_size_r
                0x0800577c       0x10 c:/Users/vmyhr/AppData/Roaming/Code/User/globalStorage/bmd.stm32-for-vscode/@xpack-dev-tools/arm-none-eabi-gcc/13.2.1-1.1.1/.content/bin/../lib/gcc/arm-none-eabi/13.2.1/../../../../arm-none-eabi/lib/thumb/v7-m/nofp\libc_nano.a(libc_a-msizer.o)
                0x0800577c                _malloc_usable_size_r
 .text.sqrt     0x0800578c       0x50 c:/Users/vmyhr/AppData/Roaming/Code/User/globalStorage/bmd.stm32-for-vscode/@xpack-dev-tools/arm-none-eabi-gcc/13.2.1-1.1.1/.content/bin/../lib/gcc/arm-none-eabi/13.2.1/../../../../arm-none-eabi/lib/thumb/v7-m/nofp\libm.a(libm_a-w_sqrt.o)
                0x0800578c                sqrt
 .text.__ieee754_sqrt
                0x080057dc      0x1dc c:/Users/vmyhr/AppData/Roaming/Code/User/globalStorage/bmd.stm32-for-vscode/@xpack-dev-tools/arm-none-eabi-gcc/13.2.1-1.1.1/.content/bin/../lib/gcc/arm-none-eabi/13.2.1/../../../../arm-none-eabi/lib/thumb/v7-m/nofp\libm.a(libm_a-e_sqrt.o)
                0x080057dc                __ieee754_sqrt
 .text._sbrk    0x080059b8       0x1c c:/Users/vmyhr/AppData/Roaming/Code/User/globalStorage/bmd.stm32-for-vscode/@xpack-dev-tools/arm-none-eabi-gcc/13.2.1-1.1.1/.content/bin/../lib/gcc/arm-none-eabi/13.2.1/../../../../arm-none-eabi/lib/thumb/v7-m/nofp\libnosys.a(sbrk.o)
                0x080059b8                _sbrk
 .text.__errno  0x080059d4        0xc c:/Users/vmyhr/AppData/Roaming/Code/User/globalStorage/bmd.stm32-for-vscode/@xpack-dev-tools/arm-none-eabi-gcc/13.2.1-1.1.1/.content/bin/../lib/gcc/arm-none-eabi/13.2.1/../../../../arm-none-eabi/lib/thumb/v7-m/nofp\libc_nano.a(libc_a-errno.o)
                0x080059d4                __errno
 *(.glue_7)
 .glue_7        0x080059e0        0x0 linker stubs
 *(.glue_7t)
 .glue_7t       0x080059e0        0x0 linker stubs
 *(.eh_frame)
 .eh_frame      0x080059e0        0x0 c:/Users/vmyhr/AppData/Roaming/Code/User/globalStorage/bmd.stm32-for-vscode/@xpack-dev-tools/arm-none-eabi-gcc/13.2.1-1.1.1/.content/bin/../lib/gcc/arm-none-eabi/13.2.1/thumb/v7-m/nofp/crtbegin.o
 *(.init)
 .init          0x080059e0        0x4 c:/Users/vmyhr/AppData/Roaming/Code/User/globalStorage/bmd.stm32-for-vscode/@xpack-dev-tools/arm-none-eabi-gcc/13.2.1-1.1.1/.content/bin/../lib/gcc/arm-none-eabi/13.2.1/thumb/v7-m/nofp/crti.o
                0x080059e0                _init
 .init          0x080059e4        0x8 c:/Users/vmyhr/AppData/Roaming/Code/User/globalStorage/bmd.stm32-for-vscode/@xpack-dev-tools/arm-none-eabi-gcc/13.2.1-1.1.1/.content/bin/../lib/gcc/arm-none-eabi/13.2.1/thumb/v7-m/nofp/crtn.o
 *(.fini)
 .fini          0x080059ec        0x4 c:/Users/vmyhr/AppData/Roaming/Code/User/globalStorage/bmd.stm32-for-vscode/@xpack-dev-tools/arm-none-eabi-gcc/13.2.1-1.1.1/.content/bin/../lib/gcc/arm-none-eabi/13.2.1/thumb/v7-m/nofp/crti.o
                0x080059ec                _fini
 .fini          0x080059f0        0x8 c:/Users/vmyhr/AppData/Roaming/Code/User/globalStorage/bmd.stm32-for-vscode/@xpack-dev-tools/arm-none-eabi-gcc/13.2.1-1.1.1/.content/bin/../lib/gcc/arm-none-eabi/13.2.1/thumb/v7-m/nofp/crtn.o
                0x080059f8                        . = ALIGN (0x4)
                0x080059f8                        _etext = .

.vfp11_veneer   0x080059f8        0x0
 .vfp11_veneer  0x080059f8        0x0 linker stubs

.v4_bx          0x080059f8        0x0
 .v4_bx         0x080059f8        0x0 linker stubs

.iplt           0x080059f8        0x0
 .iplt          0x080059f8        0x0 c:/Users/vmyhr/AppData/Roaming/Code/User/globalStorage/bmd.stm32-for-vscode/@xpack-dev-tools/arm-none-eabi-gcc/13.2.1-1.1.1/.content/bin/../lib/gcc/arm-none-eabi/13.2.1/thumb/v7-m/nofp/crtbegin.o

.rodata         0x080059f8      0x180
                0x080059f8                        . = ALIGN (0x4)
 *(.rodata)
 *(.rodata*)
 .rodata.LSM6DSO_CTRL1XL_DATA
                0x080059f8        0x1 build/lsm6dso_gyroscope.o
                0x080059f8                LSM6DSO_CTRL1XL_DATA
 *fill*         0x080059f9        0x3 
 .rodata.data_presentation_thread.str1.4
                0x080059fc       0x7c build/main.o
                                 0x31 (size before relaxing)
 .rodata.str1.4
                0x08005a78       0x30 build/main.o
 .rodata.myTask04_attributes
                0x08005a78       0x24 build/main.o
                0x08005a78                myTask04_attributes
 .rodata.GyroRead_attributes
                0x08005a9c       0x24 build/main.o
                0x08005a9c                GyroRead_attributes
 .rodata.TempRead_attributes
                0x08005ac0       0x24 build/main.o
                0x08005ac0                TempRead_attributes
 .rodata.PresentData_attributes
                0x08005ae4       0x24 build/main.o
                0x08005ae4                PresentData_attributes
 .rodata.APBPrescTable
                0x08005b08        0x8 build/system_stm32f1xx.o
                0x08005b08                APBPrescTable
 .rodata.AHBPrescTable
                0x08005b10       0x10 build/system_stm32f1xx.o
                0x08005b10                AHBPrescTable
 .rodata.aPredivFactorTable.0
                0x08005b20        0x2 build/stm32f1xx_hal_rcc.o
 *fill*         0x08005b22        0x2 
 .rodata.aPLLMULFactorTable.1
                0x08005b24       0x10 build/stm32f1xx_hal_rcc.o
 .rodata.vTaskStartScheduler.str1.4
                0x08005b34        0x5 build/tasks.o
 .rodata.prvCheckForValidListAndQueue.str1.4
                0x08005b34        0x5 build/timers.o
 .rodata.xTimerCreateTimerTask.str1.4
                0x08005b34        0x8 build/timers.o
 .rodata._svfprintf_r.str1.1
                0x08005b34       0x33 c:/Users/vmyhr/AppData/Roaming/Code/User/globalStorage/bmd.stm32-for-vscode/@xpack-dev-tools/arm-none-eabi-gcc/13.2.1-1.1.1/.content/bin/../lib/gcc/arm-none-eabi/13.2.1/../../../../arm-none-eabi/lib/thumb/v7-m/nofp\libc_nano.a(libc_a-nano-svfprintf.o)
                                 0x11 (size before relaxing)
 .rodata._printf_i.str1.1
                0x08005b67       0x22 c:/Users/vmyhr/AppData/Roaming/Code/User/globalStorage/bmd.stm32-for-vscode/@xpack-dev-tools/arm-none-eabi-gcc/13.2.1-1.1.1/.content/bin/../lib/gcc/arm-none-eabi/13.2.1/../../../../arm-none-eabi/lib/thumb/v7-m/nofp\libc_nano.a(libc_a-nano-vfprintf_i.o)
 *fill*         0x08005b67        0x1 
 .rodata.tiny   0x08005b68        0x8 c:/Users/vmyhr/AppData/Roaming/Code/User/globalStorage/bmd.stm32-for-vscode/@xpack-dev-tools/arm-none-eabi-gcc/13.2.1-1.1.1/.content/bin/../lib/gcc/arm-none-eabi/13.2.1/../../../../arm-none-eabi/lib/thumb/v7-m/nofp\libm.a(libm_a-e_sqrt.o)
 .rodata.one    0x08005b70        0x8 c:/Users/vmyhr/AppData/Roaming/Code/User/globalStorage/bmd.stm32-for-vscode/@xpack-dev-tools/arm-none-eabi-gcc/13.2.1-1.1.1/.content/bin/../lib/gcc/arm-none-eabi/13.2.1/../../../../arm-none-eabi/lib/thumb/v7-m/nofp\libm.a(libm_a-e_sqrt.o)
                0x08005b78                        . = ALIGN (0x4)

.ARM.extab
 *(.ARM.extab* .gnu.linkonce.armextab.*)

.ARM            0x08005b78        0x8
                0x08005b78                        __exidx_start = .
 *(.ARM.exidx*)
 .ARM.exidx     0x08005b78        0x8 c:/Users/vmyhr/AppData/Roaming/Code/User/globalStorage/bmd.stm32-for-vscode/@xpack-dev-tools/arm-none-eabi-gcc/13.2.1-1.1.1/.content/bin/../lib/gcc/arm-none-eabi/13.2.1/../../../../arm-none-eabi/lib/thumb/v7-m/nofp\libc_nano.a(libc_a-strlen.o)
                0x08005b80                        __exidx_end = .

.rel.dyn        0x08005b80        0x0
 .rel.iplt      0x08005b80        0x0 c:/Users/vmyhr/AppData/Roaming/Code/User/globalStorage/bmd.stm32-for-vscode/@xpack-dev-tools/arm-none-eabi-gcc/13.2.1-1.1.1/.content/bin/../lib/gcc/arm-none-eabi/13.2.1/thumb/v7-m/nofp/crtbegin.o

.preinit_array  0x08005b80        0x0
                0x08005b80                        PROVIDE (__preinit_array_start = .)
 *(.preinit_array*)
                0x08005b80                        PROVIDE (__preinit_array_end = .)

.init_array     0x08005b80        0x4
                0x08005b80                        PROVIDE (__init_array_start = .)
 *(SORT_BY_NAME(.init_array.*))
 *(.init_array*)
 .init_array    0x08005b80        0x4 c:/Users/vmyhr/AppData/Roaming/Code/User/globalStorage/bmd.stm32-for-vscode/@xpack-dev-tools/arm-none-eabi-gcc/13.2.1-1.1.1/.content/bin/../lib/gcc/arm-none-eabi/13.2.1/thumb/v7-m/nofp/crtbegin.o
                0x08005b84                        PROVIDE (__init_array_end = .)

.fini_array     0x08005b84        0x4
                0x08005b84                        PROVIDE (__fini_array_start = .)
 *(SORT_BY_NAME(.fini_array.*))
 *(.fini_array*)
 .fini_array    0x08005b84        0x4 c:/Users/vmyhr/AppData/Roaming/Code/User/globalStorage/bmd.stm32-for-vscode/@xpack-dev-tools/arm-none-eabi-gcc/13.2.1-1.1.1/.content/bin/../lib/gcc/arm-none-eabi/13.2.1/thumb/v7-m/nofp/crtbegin.o
                0x08005b88                        PROVIDE (__fini_array_end = .)
                0x08005b88                        _sidata = LOADADDR (.data)

.data           0x20000000       0x60 load address 0x08005b88
                0x20000000                        . = ALIGN (0x4)
                0x20000000                        _sdata = .
 *(.data)
 *(.data*)
 .data.SystemCoreClock
                0x20000000        0x4 build/system_stm32f1xx.o
                0x20000000                SystemCoreClock
 .data.uwTickFreq
                0x20000004        0x1 build/stm32f1xx_hal.o
                0x20000004                uwTickFreq
 *fill*         0x20000005        0x3 
 .data.uwTickPrio
                0x20000008        0x4 build/stm32f1xx_hal.o
                0x20000008                uwTickPrio
 .data.uxCriticalNesting
                0x2000000c        0x4 build/port.o
 .data._impure_ptr
                0x20000010        0x4 c:/Users/vmyhr/AppData/Roaming/Code/User/globalStorage/bmd.stm32-for-vscode/@xpack-dev-tools/arm-none-eabi-gcc/13.2.1-1.1.1/.content/bin/../lib/gcc/arm-none-eabi/13.2.1/../../../../arm-none-eabi/lib/thumb/v7-m/nofp\libc_nano.a(libc_a-impure.o)
                0x20000010                _impure_ptr
 .data._impure_data
                0x20000014       0x4c c:/Users/vmyhr/AppData/Roaming/Code/User/globalStorage/bmd.stm32-for-vscode/@xpack-dev-tools/arm-none-eabi-gcc/13.2.1-1.1.1/.content/bin/../lib/gcc/arm-none-eabi/13.2.1/../../../../arm-none-eabi/lib/thumb/v7-m/nofp\libc_nano.a(libc_a-impure.o)
                0x20000014                _impure_data
                0x20000060                        . = ALIGN (0x4)
                0x20000060                        _edata = .

.igot.plt       0x20000060        0x0 load address 0x08005be8
 .igot.plt      0x20000060        0x0 c:/Users/vmyhr/AppData/Roaming/Code/User/globalStorage/bmd.stm32-for-vscode/@xpack-dev-tools/arm-none-eabi-gcc/13.2.1-1.1.1/.content/bin/../lib/gcc/arm-none-eabi/13.2.1/thumb/v7-m/nofp/crtbegin.o
                0x20000060                        . = ALIGN (0x4)

.bss            0x20000060     0x1bb4 load address 0x08005be8
                0x20000060                        _sbss = .
                0x20000060                        __bss_start__ = _sbss
 *(.bss)
 *(.bss*)
 .bss.completed.1
                0x20000060        0x1 c:/Users/vmyhr/AppData/Roaming/Code/User/globalStorage/bmd.stm32-for-vscode/@xpack-dev-tools/arm-none-eabi-gcc/13.2.1-1.1.1/.content/bin/../lib/gcc/arm-none-eabi/13.2.1/thumb/v7-m/nofp/crtbegin.o
 *fill*         0x20000061        0x3 
 .bss.object.0  0x20000064       0x18 c:/Users/vmyhr/AppData/Roaming/Code/User/globalStorage/bmd.stm32-for-vscode/@xpack-dev-tools/arm-none-eabi-gcc/13.2.1-1.1.1/.content/bin/../lib/gcc/arm-none-eabi/13.2.1/thumb/v7-m/nofp/crtbegin.o
 .bss.accZ_offset
                0x2000007c        0x4 build/lsm6dso_gyroscope.o
                0x2000007c                accZ_offset
 .bss.accY_offset
                0x20000080        0x4 build/lsm6dso_gyroscope.o
                0x20000080                accY_offset
 .bss.accX_offset
                0x20000084        0x4 build/lsm6dso_gyroscope.o
                0x20000084                accX_offset
 .bss.myTask04Handle
                0x20000088        0x4 build/main.o
                0x20000088                myTask04Handle
 .bss.GyroReadHandle
                0x2000008c        0x4 build/main.o
                0x2000008c                GyroReadHandle
 .bss.TempReadHandle
                0x20000090        0x4 build/main.o
                0x20000090                TempReadHandle
 .bss.PresentDataHandle
                0x20000094        0x4 build/main.o
                0x20000094                PresentDataHandle
 .bss.huart2    0x20000098       0x48 build/main.o
                0x20000098                huart2
 .bss.hi2c1     0x200000e0       0x54 build/main.o
                0x200000e0                hi2c1
 .bss.htim4     0x20000134       0x48 build/stm32f1xx_hal_timebase_tim.o
                0x20000134                htim4
 .bss.uwTick    0x2000017c        0x4 build/stm32f1xx_hal.o
                0x2000017c                uwTick
 .bss.Timer_Stack
                0x20000180      0x400 build/cmsis_os2.o
 .bss.Timer_TCB
                0x20000580       0x5c build/cmsis_os2.o
 .bss.Idle_Stack
                0x200005dc      0x200 build/cmsis_os2.o
 .bss.Idle_TCB  0x200007dc       0x5c build/cmsis_os2.o
 .bss.KernelState
                0x20000838        0x4 build/cmsis_os2.o
 .bss.ulMaxPRIGROUPValue
                0x2000083c        0x4 build/port.o
 .bss.ucMaxSysCallPriority
                0x20000840        0x1 build/port.o
 *fill*         0x20000841        0x3 
 .bss.xBlockAllocatedBit
                0x20000844        0x4 build/heap_4.o
 .bss.xMinimumEverFreeBytesRemaining
                0x20000848        0x4 build/heap_4.o
 .bss.xFreeBytesRemaining
                0x2000084c        0x4 build/heap_4.o
 .bss.pxEnd     0x20000850        0x4 build/heap_4.o
 .bss.xStart    0x20000854        0x8 build/heap_4.o
 .bss.ucHeap    0x2000085c      0xc00 build/heap_4.o
 .bss.xQueueRegistry
                0x2000145c       0x40 build/queue.o
                0x2000145c                xQueueRegistry
 .bss.uxSchedulerSuspended
                0x2000149c        0x4 build/tasks.o
 .bss.xIdleTaskHandle
                0x200014a0        0x4 build/tasks.o
 .bss.xNextTaskUnblockTime
                0x200014a4        0x4 build/tasks.o
 .bss.uxTaskNumber
                0x200014a8        0x4 build/tasks.o
 .bss.xNumOfOverflows
                0x200014ac        0x4 build/tasks.o
 .bss.xYieldPending
                0x200014b0        0x4 build/tasks.o
 .bss.uxPendedTicks
                0x200014b4        0x4 build/tasks.o
 .bss.xSchedulerRunning
                0x200014b8        0x4 build/tasks.o
 .bss.uxTopReadyPriority
                0x200014bc        0x4 build/tasks.o
 .bss.xTickCount
                0x200014c0        0x4 build/tasks.o
 .bss.uxCurrentNumberOfTasks
                0x200014c4        0x4 build/tasks.o
 .bss.xSuspendedTaskList
                0x200014c8       0x14 build/tasks.o
 .bss.uxDeletedTasksWaitingCleanUp
                0x200014dc        0x4 build/tasks.o
 .bss.xTasksWaitingTermination
                0x200014e0       0x14 build/tasks.o
 .bss.xPendingReadyList
                0x200014f4       0x14 build/tasks.o
 .bss.pxOverflowDelayedTaskList
                0x20001508        0x4 build/tasks.o
 .bss.pxDelayedTaskList
                0x2000150c        0x4 build/tasks.o
 .bss.xDelayedTaskList2
                0x20001510       0x14 build/tasks.o
 .bss.xDelayedTaskList1
                0x20001524       0x14 build/tasks.o
 .bss.pxReadyTasksLists
                0x20001538      0x460 build/tasks.o
 .bss.pxCurrentTCB
                0x20001998        0x4 build/tasks.o
                0x20001998                pxCurrentTCB
 .bss.xStaticTimerQueue.0
                0x2000199c       0x50 build/timers.o
 .bss.ucStaticTimerQueueStorage.1
                0x200019ec       0xa0 build/timers.o
 .bss.xLastTime.2
                0x20001a8c        0x4 build/timers.o
 .bss.xTimerTaskHandle
                0x20001a90        0x4 build/timers.o
 .bss.xTimerQueue
                0x20001a94        0x4 build/timers.o
 .bss.pxOverflowTimerList
                0x20001a98        0x4 build/timers.o
 .bss.pxCurrentTimerList
                0x20001a9c        0x4 build/timers.o
 .bss.xActiveTimerList2
                0x20001aa0       0x14 build/timers.o
 .bss.xActiveTimerList1
                0x20001ab4       0x14 build/timers.o
 .bss.__sf      0x20001ac8      0x138 c:/Users/vmyhr/AppData/Roaming/Code/User/globalStorage/bmd.stm32-for-vscode/@xpack-dev-tools/arm-none-eabi-gcc/13.2.1-1.1.1/.content/bin/../lib/gcc/arm-none-eabi/13.2.1/../../../../arm-none-eabi/lib/thumb/v7-m/nofp\libc_nano.a(libc_a-findfp.o)
                0x20001ac8                __sf
 .bss.errno     0x20001c00        0x4 c:/Users/vmyhr/AppData/Roaming/Code/User/globalStorage/bmd.stm32-for-vscode/@xpack-dev-tools/arm-none-eabi-gcc/13.2.1-1.1.1/.content/bin/../lib/gcc/arm-none-eabi/13.2.1/../../../../arm-none-eabi/lib/thumb/v7-m/nofp\libc_nano.a(libc_a-reent.o)
                0x20001c00                errno
 .bss.__lock___malloc_recursive_mutex
                0x20001c04        0x1 c:/Users/vmyhr/AppData/Roaming/Code/User/globalStorage/bmd.stm32-for-vscode/@xpack-dev-tools/arm-none-eabi-gcc/13.2.1-1.1.1/.content/bin/../lib/gcc/arm-none-eabi/13.2.1/../../../../arm-none-eabi/lib/thumb/v7-m/nofp\libc_nano.a(libc_a-lock.o)
                0x20001c04                __lock___malloc_recursive_mutex
 *fill*         0x20001c05        0x3 
 .bss.__malloc_sbrk_start
                0x20001c08        0x4 c:/Users/vmyhr/AppData/Roaming/Code/User/globalStorage/bmd.stm32-for-vscode/@xpack-dev-tools/arm-none-eabi-gcc/13.2.1-1.1.1/.content/bin/../lib/gcc/arm-none-eabi/13.2.1/../../../../arm-none-eabi/lib/thumb/v7-m/nofp\libc_nano.a(libc_a-mallocr.o)
                0x20001c08                __malloc_sbrk_start
 .bss.__malloc_free_list
                0x20001c0c        0x4 c:/Users/vmyhr/AppData/Roaming/Code/User/globalStorage/bmd.stm32-for-vscode/@xpack-dev-tools/arm-none-eabi-gcc/13.2.1-1.1.1/.content/bin/../lib/gcc/arm-none-eabi/13.2.1/../../../../arm-none-eabi/lib/thumb/v7-m/nofp\libc_nano.a(libc_a-mallocr.o)
                0x20001c0c                __malloc_free_list
 .bss.heap_end.0
                0x20001c10        0x4 c:/Users/vmyhr/AppData/Roaming/Code/User/globalStorage/bmd.stm32-for-vscode/@xpack-dev-tools/arm-none-eabi-gcc/13.2.1-1.1.1/.content/bin/../lib/gcc/arm-none-eabi/13.2.1/../../../../arm-none-eabi/lib/thumb/v7-m/nofp\libnosys.a(sbrk.o)
 *(COMMON)
                0x20001c14                        . = ALIGN (0x4)
                0x20001c14                        _ebss = .
                0x20001c14                        __bss_end__ = _ebss

._user_heap_stack
                0x20001c14      0x604 load address 0x08005be8
                0x20001c18                        . = ALIGN (0x8)
 *fill*         0x20001c14        0x4 
                0x20001c18                        PROVIDE (end = .)
                [!provide]                        PROVIDE (_end = .)
                0x20001e18                        . = (. + _Min_Heap_Size)
 *fill*         0x20001c18      0x200 
                0x20002218                        . = (. + _Min_Stack_Size)
 *fill*         0x20001e18      0x400 
                0x20002218                        . = ALIGN (0x8)

/DISCARD/
 libc.a(*)
 libm.a(*)
 libgcc.a(*)

.ARM.attributes
                0x00000000       0x29
 *(.ARM.attributes)
 .ARM.attributes
                0x00000000       0x1d c:/Users/vmyhr/AppData/Roaming/Code/User/globalStorage/bmd.stm32-for-vscode/@xpack-dev-tools/arm-none-eabi-gcc/13.2.1-1.1.1/.content/bin/../lib/gcc/arm-none-eabi/13.2.1/thumb/v7-m/nofp/crti.o
 .ARM.attributes
                0x0000001d       0x2d c:/Users/vmyhr/AppData/Roaming/Code/User/globalStorage/bmd.stm32-for-vscode/@xpack-dev-tools/arm-none-eabi-gcc/13.2.1-1.1.1/.content/bin/../lib/gcc/arm-none-eabi/13.2.1/thumb/v7-m/nofp/crtbegin.o
 .ARM.attributes
                0x0000004a       0x2d build/lsm6dso_gyroscope.o
 .ARM.attributes
                0x00000077       0x2d build/main.o
 .ARM.attributes
                0x000000a4       0x2d build/stm32f1xx_hal_msp.o
 .ARM.attributes
                0x000000d1       0x2d build/stm32f1xx_hal_timebase_tim.o
 .ARM.attributes
                0x000000fe       0x2d build/stm32f1xx_it.o
 .ARM.attributes
                0x0000012b       0x2d build/stts751_temperature_sensor.o
 .ARM.attributes
                0x00000158       0x2d build/system_stm32f1xx.o
 .ARM.attributes
                0x00000185       0x2d build/stm32f1xx_hal.o
 .ARM.attributes
                0x000001b2       0x2d build/stm32f1xx_hal_cortex.o
 .ARM.attributes
                0x000001df       0x2d build/stm32f1xx_hal_gpio.o
 .ARM.attributes
                0x0000020c       0x2d build/stm32f1xx_hal_i2c.o
 .ARM.attributes
                0x00000239       0x2d build/stm32f1xx_hal_rcc.o
 .ARM.attributes
                0x00000266       0x2d build/stm32f1xx_hal_tim.o
 .ARM.attributes
                0x00000293       0x2d build/stm32f1xx_hal_tim_ex.o
 .ARM.attributes
                0x000002c0       0x2d build/stm32f1xx_hal_uart.o
 .ARM.attributes
                0x000002ed       0x2d build/cmsis_os2.o
 .ARM.attributes
                0x0000031a       0x2d build/list.o
 .ARM.attributes
                0x00000347       0x2d build/port.o
 .ARM.attributes
                0x00000374       0x2d build/heap_4.o
 .ARM.attributes
                0x000003a1       0x2d build/queue.o
 .ARM.attributes
                0x000003ce       0x2d build/tasks.o
 .ARM.attributes
                0x000003fb       0x2d build/timers.o
 .ARM.attributes
                0x00000428       0x21 build/startup_stm32f103xb.o
 .ARM.attributes
                0x00000449       0x2d c:/Users/vmyhr/AppData/Roaming/Code/User/globalStorage/bmd.stm32-for-vscode/@xpack-dev-tools/arm-none-eabi-gcc/13.2.1-1.1.1/.content/bin/../lib/gcc/arm-none-eabi/13.2.1/../../../../arm-none-eabi/lib/thumb/v7-m/nofp\libc_nano.a(libc_a-findfp.o)
 .ARM.attributes
                0x00000476       0x2d c:/Users/vmyhr/AppData/Roaming/Code/User/globalStorage/bmd.stm32-for-vscode/@xpack-dev-tools/arm-none-eabi-gcc/13.2.1-1.1.1/.content/bin/../lib/gcc/arm-none-eabi/13.2.1/../../../../arm-none-eabi/lib/thumb/v7-m/nofp\libc_nano.a(libc_a-sprintf.o)
 .ARM.attributes
                0x000004a3       0x2d c:/Users/vmyhr/AppData/Roaming/Code/User/globalStorage/bmd.stm32-for-vscode/@xpack-dev-tools/arm-none-eabi-gcc/13.2.1-1.1.1/.content/bin/../lib/gcc/arm-none-eabi/13.2.1/../../../../arm-none-eabi/lib/thumb/v7-m/nofp\libc_nano.a(libc_a-memset.o)
 .ARM.attributes
                0x000004d0       0x2d c:/Users/vmyhr/AppData/Roaming/Code/User/globalStorage/bmd.stm32-for-vscode/@xpack-dev-tools/arm-none-eabi-gcc/13.2.1-1.1.1/.content/bin/../lib/gcc/arm-none-eabi/13.2.1/../../../../arm-none-eabi/lib/thumb/v7-m/nofp\libc_nano.a(libc_a-reent.o)
 .ARM.attributes
                0x000004fd       0x2d c:/Users/vmyhr/AppData/Roaming/Code/User/globalStorage/bmd.stm32-for-vscode/@xpack-dev-tools/arm-none-eabi-gcc/13.2.1-1.1.1/.content/bin/../lib/gcc/arm-none-eabi/13.2.1/../../../../arm-none-eabi/lib/thumb/v7-m/nofp\libc_nano.a(libc_a-impure.o)
 .ARM.attributes
                0x0000052a       0x2d c:/Users/vmyhr/AppData/Roaming/Code/User/globalStorage/bmd.stm32-for-vscode/@xpack-dev-tools/arm-none-eabi-gcc/13.2.1-1.1.1/.content/bin/../lib/gcc/arm-none-eabi/13.2.1/../../../../arm-none-eabi/lib/thumb/v7-m/nofp\libc_nano.a(libc_a-init.o)
 .ARM.attributes
                0x00000557       0x2d c:/Users/vmyhr/AppData/Roaming/Code/User/globalStorage/bmd.stm32-for-vscode/@xpack-dev-tools/arm-none-eabi-gcc/13.2.1-1.1.1/.content/bin/../lib/gcc/arm-none-eabi/13.2.1/../../../../arm-none-eabi/lib/thumb/v7-m/nofp\libc_nano.a(libc_a-lock.o)
 .ARM.attributes
                0x00000584       0x2d c:/Users/vmyhr/AppData/Roaming/Code/User/globalStorage/bmd.stm32-for-vscode/@xpack-dev-tools/arm-none-eabi-gcc/13.2.1-1.1.1/.content/bin/../lib/gcc/arm-none-eabi/13.2.1/../../../../arm-none-eabi/lib/thumb/v7-m/nofp\libc_nano.a(libc_a-memcpy-stub.o)
 .ARM.attributes
                0x000005b1       0x17 c:/Users/vmyhr/AppData/Roaming/Code/User/globalStorage/bmd.stm32-for-vscode/@xpack-dev-tools/arm-none-eabi-gcc/13.2.1-1.1.1/.content/bin/../lib/gcc/arm-none-eabi/13.2.1/../../../../arm-none-eabi/lib/thumb/v7-m/nofp\libc_nano.a(libc_a-strlen.o)
 .ARM.attributes
                0x000005c8       0x2d c:/Users/vmyhr/AppData/Roaming/Code/User/globalStorage/bmd.stm32-for-vscode/@xpack-dev-tools/arm-none-eabi-gcc/13.2.1-1.1.1/.content/bin/../lib/gcc/arm-none-eabi/13.2.1/../../../../arm-none-eabi/lib/thumb/v7-m/nofp\libc_nano.a(libc_a-freer.o)
 .ARM.attributes
                0x000005f5       0x2d c:/Users/vmyhr/AppData/Roaming/Code/User/globalStorage/bmd.stm32-for-vscode/@xpack-dev-tools/arm-none-eabi-gcc/13.2.1-1.1.1/.content/bin/../lib/gcc/arm-none-eabi/13.2.1/../../../../arm-none-eabi/lib/thumb/v7-m/nofp\libc_nano.a(libc_a-mallocr.o)
 .ARM.attributes
                0x00000622       0x2d c:/Users/vmyhr/AppData/Roaming/Code/User/globalStorage/bmd.stm32-for-vscode/@xpack-dev-tools/arm-none-eabi-gcc/13.2.1-1.1.1/.content/bin/../lib/gcc/arm-none-eabi/13.2.1/../../../../arm-none-eabi/lib/thumb/v7-m/nofp\libc_nano.a(libc_a-mlock.o)
 .ARM.attributes
                0x0000064f       0x2d c:/Users/vmyhr/AppData/Roaming/Code/User/globalStorage/bmd.stm32-for-vscode/@xpack-dev-tools/arm-none-eabi-gcc/13.2.1-1.1.1/.content/bin/../lib/gcc/arm-none-eabi/13.2.1/../../../../arm-none-eabi/lib/thumb/v7-m/nofp\libc_nano.a(libc_a-nano-svfprintf.o)
 .ARM.attributes
                0x0000067c       0x2d c:/Users/vmyhr/AppData/Roaming/Code/User/globalStorage/bmd.stm32-for-vscode/@xpack-dev-tools/arm-none-eabi-gcc/13.2.1-1.1.1/.content/bin/../lib/gcc/arm-none-eabi/13.2.1/../../../../arm-none-eabi/lib/thumb/v7-m/nofp\libc_nano.a(libc_a-nano-vfprintf_i.o)
 .ARM.attributes
                0x000006a9       0x2d c:/Users/vmyhr/AppData/Roaming/Code/User/globalStorage/bmd.stm32-for-vscode/@xpack-dev-tools/arm-none-eabi-gcc/13.2.1-1.1.1/.content/bin/../lib/gcc/arm-none-eabi/13.2.1/../../../../arm-none-eabi/lib/thumb/v7-m/nofp\libc_nano.a(libc_a-memmove.o)
 .ARM.attributes
                0x000006d6       0x2d c:/Users/vmyhr/AppData/Roaming/Code/User/globalStorage/bmd.stm32-for-vscode/@xpack-dev-tools/arm-none-eabi-gcc/13.2.1-1.1.1/.content/bin/../lib/gcc/arm-none-eabi/13.2.1/../../../../arm-none-eabi/lib/thumb/v7-m/nofp\libc_nano.a(libc_a-sbrkr.o)
 .ARM.attributes
                0x00000703       0x2d c:/Users/vmyhr/AppData/Roaming/Code/User/globalStorage/bmd.stm32-for-vscode/@xpack-dev-tools/arm-none-eabi-gcc/13.2.1-1.1.1/.content/bin/../lib/gcc/arm-none-eabi/13.2.1/../../../../arm-none-eabi/lib/thumb/v7-m/nofp\libc_nano.a(libc_a-memchr-stub.o)
 .ARM.attributes
                0x00000730       0x2d c:/Users/vmyhr/AppData/Roaming/Code/User/globalStorage/bmd.stm32-for-vscode/@xpack-dev-tools/arm-none-eabi-gcc/13.2.1-1.1.1/.content/bin/../lib/gcc/arm-none-eabi/13.2.1/../../../../arm-none-eabi/lib/thumb/v7-m/nofp\libc_nano.a(libc_a-reallocr.o)
 .ARM.attributes
                0x0000075d       0x2d c:/Users/vmyhr/AppData/Roaming/Code/User/globalStorage/bmd.stm32-for-vscode/@xpack-dev-tools/arm-none-eabi-gcc/13.2.1-1.1.1/.content/bin/../lib/gcc/arm-none-eabi/13.2.1/../../../../arm-none-eabi/lib/thumb/v7-m/nofp\libc_nano.a(libc_a-msizer.o)
 .ARM.attributes
                0x0000078a       0x2d c:/Users/vmyhr/AppData/Roaming/Code/User/globalStorage/bmd.stm32-for-vscode/@xpack-dev-tools/arm-none-eabi-gcc/13.2.1-1.1.1/.content/bin/../lib/gcc/arm-none-eabi/13.2.1/../../../../arm-none-eabi/lib/thumb/v7-m/nofp\libm.a(libm_a-w_sqrt.o)
 .ARM.attributes
                0x000007b7       0x2d c:/Users/vmyhr/AppData/Roaming/Code/User/globalStorage/bmd.stm32-for-vscode/@xpack-dev-tools/arm-none-eabi-gcc/13.2.1-1.1.1/.content/bin/../lib/gcc/arm-none-eabi/13.2.1/../../../../arm-none-eabi/lib/thumb/v7-m/nofp\libm.a(libm_a-e_sqrt.o)
 .ARM.attributes
                0x000007e4       0x2d c:/Users/vmyhr/AppData/Roaming/Code/User/globalStorage/bmd.stm32-for-vscode/@xpack-dev-tools/arm-none-eabi-gcc/13.2.1-1.1.1/.content/bin/../lib/gcc/arm-none-eabi/13.2.1/../../../../arm-none-eabi/lib/thumb/v7-m/nofp\libnosys.a(sbrk.o)
 .ARM.attributes
                0x00000811       0x1d c:/Users/vmyhr/AppData/Roaming/Code/User/globalStorage/bmd.stm32-for-vscode/@xpack-dev-tools/arm-none-eabi-gcc/13.2.1-1.1.1/.content/bin/../lib/gcc/arm-none-eabi/13.2.1/thumb/v7-m/nofp\libgcc.a(_arm_addsubdf3.o)
 .ARM.attributes
                0x0000082e       0x1d c:/Users/vmyhr/AppData/Roaming/Code/User/globalStorage/bmd.stm32-for-vscode/@xpack-dev-tools/arm-none-eabi-gcc/13.2.1-1.1.1/.content/bin/../lib/gcc/arm-none-eabi/13.2.1/thumb/v7-m/nofp\libgcc.a(_arm_muldivdf3.o)
 .ARM.attributes
                0x0000084b       0x1d c:/Users/vmyhr/AppData/Roaming/Code/User/globalStorage/bmd.stm32-for-vscode/@xpack-dev-tools/arm-none-eabi-gcc/13.2.1-1.1.1/.content/bin/../lib/gcc/arm-none-eabi/13.2.1/thumb/v7-m/nofp\libgcc.a(_arm_cmpdf2.o)
 .ARM.attributes
                0x00000868       0x1d c:/Users/vmyhr/AppData/Roaming/Code/User/globalStorage/bmd.stm32-for-vscode/@xpack-dev-tools/arm-none-eabi-gcc/13.2.1-1.1.1/.content/bin/../lib/gcc/arm-none-eabi/13.2.1/thumb/v7-m/nofp\libgcc.a(_arm_unorddf2.o)
 .ARM.attributes
                0x00000885       0x1d c:/Users/vmyhr/AppData/Roaming/Code/User/globalStorage/bmd.stm32-for-vscode/@xpack-dev-tools/arm-none-eabi-gcc/13.2.1-1.1.1/.content/bin/../lib/gcc/arm-none-eabi/13.2.1/thumb/v7-m/nofp\libgcc.a(_arm_truncdfsf2.o)
 .ARM.attributes
                0x000008a2       0x1d c:/Users/vmyhr/AppData/Roaming/Code/User/globalStorage/bmd.stm32-for-vscode/@xpack-dev-tools/arm-none-eabi-gcc/13.2.1-1.1.1/.content/bin/../lib/gcc/arm-none-eabi/13.2.1/thumb/v7-m/nofp\libgcc.a(_arm_addsubsf3.o)
 .ARM.attributes
                0x000008bf       0x1d c:/Users/vmyhr/AppData/Roaming/Code/User/globalStorage/bmd.stm32-for-vscode/@xpack-dev-tools/arm-none-eabi-gcc/13.2.1-1.1.1/.content/bin/../lib/gcc/arm-none-eabi/13.2.1/thumb/v7-m/nofp\libgcc.a(_arm_muldivsf3.o)
 .ARM.attributes
                0x000008dc       0x1d c:/Users/vmyhr/AppData/Roaming/Code/User/globalStorage/bmd.stm32-for-vscode/@xpack-dev-tools/arm-none-eabi-gcc/13.2.1-1.1.1/.content/bin/../lib/gcc/arm-none-eabi/13.2.1/thumb/v7-m/nofp\libgcc.a(_arm_fixsfsi.o)
 .ARM.attributes
                0x000008f9       0x2d c:/Users/vmyhr/AppData/Roaming/Code/User/globalStorage/bmd.stm32-for-vscode/@xpack-dev-tools/arm-none-eabi-gcc/13.2.1-1.1.1/.content/bin/../lib/gcc/arm-none-eabi/13.2.1/../../../../arm-none-eabi/lib/thumb/v7-m/nofp\libc_nano.a(libc_a-errno.o)
 .ARM.attributes
                0x00000926       0x1d c:/Users/vmyhr/AppData/Roaming/Code/User/globalStorage/bmd.stm32-for-vscode/@xpack-dev-tools/arm-none-eabi-gcc/13.2.1-1.1.1/.content/bin/../lib/gcc/arm-none-eabi/13.2.1/thumb/v7-m/nofp/crtn.o
OUTPUT(build/Test_IMU_threads.elf elf32-littlearm)
LOAD linker stubs
LOAD c:/Users/vmyhr/AppData/Roaming/Code/User/globalStorage/bmd.stm32-for-vscode/@xpack-dev-tools/arm-none-eabi-gcc/13.2.1-1.1.1/.content/bin/../lib/gcc/arm-none-eabi/13.2.1/../../../../arm-none-eabi/lib/thumb/v7-m/nofp\libc.a
LOAD c:/Users/vmyhr/AppData/Roaming/Code/User/globalStorage/bmd.stm32-for-vscode/@xpack-dev-tools/arm-none-eabi-gcc/13.2.1-1.1.1/.content/bin/../lib/gcc/arm-none-eabi/13.2.1/../../../../arm-none-eabi/lib/thumb/v7-m/nofp\libm.a
LOAD c:/Users/vmyhr/AppData/Roaming/Code/User/globalStorage/bmd.stm32-for-vscode/@xpack-dev-tools/arm-none-eabi-gcc/13.2.1-1.1.1/.content/bin/../lib/gcc/arm-none-eabi/13.2.1/thumb/v7-m/nofp\libgcc.a

.comment        0x00000000       0x39
 .comment       0x00000000       0x39 c:/Users/vmyhr/AppData/Roaming/Code/User/globalStorage/bmd.stm32-for-vscode/@xpack-dev-tools/arm-none-eabi-gcc/13.2.1-1.1.1/.content/bin/../lib/gcc/arm-none-eabi/13.2.1/thumb/v7-m/nofp/crtbegin.o
                                 0x3a (size before relaxing)
 .comment       0x00000039       0x3a build/lsm6dso_gyroscope.o
 .comment       0x00000039       0x3a build/main.o
 .comment       0x00000039       0x3a build/stm32f1xx_hal_msp.o
 .comment       0x00000039       0x3a build/stm32f1xx_hal_timebase_tim.o
 .comment       0x00000039       0x3a build/stm32f1xx_it.o
 .comment       0x00000039       0x3a build/stts751_temperature_sensor.o
 .comment       0x00000039       0x3a build/system_stm32f1xx.o
 .comment       0x00000039       0x3a build/stm32f1xx_hal.o
 .comment       0x00000039       0x3a build/stm32f1xx_hal_cortex.o
 .comment       0x00000039       0x3a build/stm32f1xx_hal_gpio.o
 .comment       0x00000039       0x3a build/stm32f1xx_hal_i2c.o
 .comment       0x00000039       0x3a build/stm32f1xx_hal_rcc.o
 .comment       0x00000039       0x3a build/stm32f1xx_hal_tim.o
 .comment       0x00000039       0x3a build/stm32f1xx_hal_tim_ex.o
 .comment       0x00000039       0x3a build/stm32f1xx_hal_uart.o
 .comment       0x00000039       0x3a build/cmsis_os2.o
 .comment       0x00000039       0x3a build/list.o
 .comment       0x00000039       0x3a build/port.o
 .comment       0x00000039       0x3a build/heap_4.o
 .comment       0x00000039       0x3a build/queue.o
 .comment       0x00000039       0x3a build/tasks.o
 .comment       0x00000039       0x3a build/timers.o
 .comment       0x00000039       0x3a c:/Users/vmyhr/AppData/Roaming/Code/User/globalStorage/bmd.stm32-for-vscode/@xpack-dev-tools/arm-none-eabi-gcc/13.2.1-1.1.1/.content/bin/../lib/gcc/arm-none-eabi/13.2.1/../../../../arm-none-eabi/lib/thumb/v7-m/nofp\libc_nano.a(libc_a-findfp.o)
 .comment       0x00000039       0x3a c:/Users/vmyhr/AppData/Roaming/Code/User/globalStorage/bmd.stm32-for-vscode/@xpack-dev-tools/arm-none-eabi-gcc/13.2.1-1.1.1/.content/bin/../lib/gcc/arm-none-eabi/13.2.1/../../../../arm-none-eabi/lib/thumb/v7-m/nofp\libc_nano.a(libc_a-sprintf.o)
 .comment       0x00000039       0x3a c:/Users/vmyhr/AppData/Roaming/Code/User/globalStorage/bmd.stm32-for-vscode/@xpack-dev-tools/arm-none-eabi-gcc/13.2.1-1.1.1/.content/bin/../lib/gcc/arm-none-eabi/13.2.1/../../../../arm-none-eabi/lib/thumb/v7-m/nofp\libc_nano.a(libc_a-memset.o)
 .comment       0x00000039       0x3a c:/Users/vmyhr/AppData/Roaming/Code/User/globalStorage/bmd.stm32-for-vscode/@xpack-dev-tools/arm-none-eabi-gcc/13.2.1-1.1.1/.content/bin/../lib/gcc/arm-none-eabi/13.2.1/../../../../arm-none-eabi/lib/thumb/v7-m/nofp\libc_nano.a(libc_a-reent.o)
 .comment       0x00000039       0x3a c:/Users/vmyhr/AppData/Roaming/Code/User/globalStorage/bmd.stm32-for-vscode/@xpack-dev-tools/arm-none-eabi-gcc/13.2.1-1.1.1/.content/bin/../lib/gcc/arm-none-eabi/13.2.1/../../../../arm-none-eabi/lib/thumb/v7-m/nofp\libc_nano.a(libc_a-impure.o)
 .comment       0x00000039       0x3a c:/Users/vmyhr/AppData/Roaming/Code/User/globalStorage/bmd.stm32-for-vscode/@xpack-dev-tools/arm-none-eabi-gcc/13.2.1-1.1.1/.content/bin/../lib/gcc/arm-none-eabi/13.2.1/../../../../arm-none-eabi/lib/thumb/v7-m/nofp\libc_nano.a(libc_a-init.o)
 .comment       0x00000039       0x3a c:/Users/vmyhr/AppData/Roaming/Code/User/globalStorage/bmd.stm32-for-vscode/@xpack-dev-tools/arm-none-eabi-gcc/13.2.1-1.1.1/.content/bin/../lib/gcc/arm-none-eabi/13.2.1/../../../../arm-none-eabi/lib/thumb/v7-m/nofp\libc_nano.a(libc_a-lock.o)
 .comment       0x00000039       0x3a c:/Users/vmyhr/AppData/Roaming/Code/User/globalStorage/bmd.stm32-for-vscode/@xpack-dev-tools/arm-none-eabi-gcc/13.2.1-1.1.1/.content/bin/../lib/gcc/arm-none-eabi/13.2.1/../../../../arm-none-eabi/lib/thumb/v7-m/nofp\libc_nano.a(libc_a-memcpy-stub.o)
 .comment       0x00000039       0x3a c:/Users/vmyhr/AppData/Roaming/Code/User/globalStorage/bmd.stm32-for-vscode/@xpack-dev-tools/arm-none-eabi-gcc/13.2.1-1.1.1/.content/bin/../lib/gcc/arm-none-eabi/13.2.1/../../../../arm-none-eabi/lib/thumb/v7-m/nofp\libc_nano.a(libc_a-freer.o)
 .comment       0x00000039       0x3a c:/Users/vmyhr/AppData/Roaming/Code/User/globalStorage/bmd.stm32-for-vscode/@xpack-dev-tools/arm-none-eabi-gcc/13.2.1-1.1.1/.content/bin/../lib/gcc/arm-none-eabi/13.2.1/../../../../arm-none-eabi/lib/thumb/v7-m/nofp\libc_nano.a(libc_a-mallocr.o)
 .comment       0x00000039       0x3a c:/Users/vmyhr/AppData/Roaming/Code/User/globalStorage/bmd.stm32-for-vscode/@xpack-dev-tools/arm-none-eabi-gcc/13.2.1-1.1.1/.content/bin/../lib/gcc/arm-none-eabi/13.2.1/../../../../arm-none-eabi/lib/thumb/v7-m/nofp\libc_nano.a(libc_a-mlock.o)
 .comment       0x00000039       0x3a c:/Users/vmyhr/AppData/Roaming/Code/User/globalStorage/bmd.stm32-for-vscode/@xpack-dev-tools/arm-none-eabi-gcc/13.2.1-1.1.1/.content/bin/../lib/gcc/arm-none-eabi/13.2.1/../../../../arm-none-eabi/lib/thumb/v7-m/nofp\libc_nano.a(libc_a-nano-svfprintf.o)
 .comment       0x00000039       0x3a c:/Users/vmyhr/AppData/Roaming/Code/User/globalStorage/bmd.stm32-for-vscode/@xpack-dev-tools/arm-none-eabi-gcc/13.2.1-1.1.1/.content/bin/../lib/gcc/arm-none-eabi/13.2.1/../../../../arm-none-eabi/lib/thumb/v7-m/nofp\libc_nano.a(libc_a-nano-vfprintf_i.o)
 .comment       0x00000039       0x3a c:/Users/vmyhr/AppData/Roaming/Code/User/globalStorage/bmd.stm32-for-vscode/@xpack-dev-tools/arm-none-eabi-gcc/13.2.1-1.1.1/.content/bin/../lib/gcc/arm-none-eabi/13.2.1/../../../../arm-none-eabi/lib/thumb/v7-m/nofp\libc_nano.a(libc_a-memmove.o)
 .comment       0x00000039       0x3a c:/Users/vmyhr/AppData/Roaming/Code/User/globalStorage/bmd.stm32-for-vscode/@xpack-dev-tools/arm-none-eabi-gcc/13.2.1-1.1.1/.content/bin/../lib/gcc/arm-none-eabi/13.2.1/../../../../arm-none-eabi/lib/thumb/v7-m/nofp\libc_nano.a(libc_a-sbrkr.o)
 .comment       0x00000039       0x3a c:/Users/vmyhr/AppData/Roaming/Code/User/globalStorage/bmd.stm32-for-vscode/@xpack-dev-tools/arm-none-eabi-gcc/13.2.1-1.1.1/.content/bin/../lib/gcc/arm-none-eabi/13.2.1/../../../../arm-none-eabi/lib/thumb/v7-m/nofp\libc_nano.a(libc_a-memchr-stub.o)
 .comment       0x00000039       0x3a c:/Users/vmyhr/AppData/Roaming/Code/User/globalStorage/bmd.stm32-for-vscode/@xpack-dev-tools/arm-none-eabi-gcc/13.2.1-1.1.1/.content/bin/../lib/gcc/arm-none-eabi/13.2.1/../../../../arm-none-eabi/lib/thumb/v7-m/nofp\libc_nano.a(libc_a-reallocr.o)
 .comment       0x00000039       0x3a c:/Users/vmyhr/AppData/Roaming/Code/User/globalStorage/bmd.stm32-for-vscode/@xpack-dev-tools/arm-none-eabi-gcc/13.2.1-1.1.1/.content/bin/../lib/gcc/arm-none-eabi/13.2.1/../../../../arm-none-eabi/lib/thumb/v7-m/nofp\libc_nano.a(libc_a-msizer.o)
 .comment       0x00000039       0x3a c:/Users/vmyhr/AppData/Roaming/Code/User/globalStorage/bmd.stm32-for-vscode/@xpack-dev-tools/arm-none-eabi-gcc/13.2.1-1.1.1/.content/bin/../lib/gcc/arm-none-eabi/13.2.1/../../../../arm-none-eabi/lib/thumb/v7-m/nofp\libm.a(libm_a-w_sqrt.o)
 .comment       0x00000039       0x3a c:/Users/vmyhr/AppData/Roaming/Code/User/globalStorage/bmd.stm32-for-vscode/@xpack-dev-tools/arm-none-eabi-gcc/13.2.1-1.1.1/.content/bin/../lib/gcc/arm-none-eabi/13.2.1/../../../../arm-none-eabi/lib/thumb/v7-m/nofp\libm.a(libm_a-e_sqrt.o)
 .comment       0x00000039       0x3a c:/Users/vmyhr/AppData/Roaming/Code/User/globalStorage/bmd.stm32-for-vscode/@xpack-dev-tools/arm-none-eabi-gcc/13.2.1-1.1.1/.content/bin/../lib/gcc/arm-none-eabi/13.2.1/../../../../arm-none-eabi/lib/thumb/v7-m/nofp\libnosys.a(sbrk.o)
 .comment       0x00000039       0x3a c:/Users/vmyhr/AppData/Roaming/Code/User/globalStorage/bmd.stm32-for-vscode/@xpack-dev-tools/arm-none-eabi-gcc/13.2.1-1.1.1/.content/bin/../lib/gcc/arm-none-eabi/13.2.1/../../../../arm-none-eabi/lib/thumb/v7-m/nofp\libc_nano.a(libc_a-errno.o)

.debug_info     0x00000000    0x21207
 .debug_info    0x00000000      0xc90 build/lsm6dso_gyroscope.o
 .debug_info    0x00000c90     0x1a4e build/main.o
 .debug_info    0x000026de      0xd5a build/stm32f1xx_hal_msp.o
 .debug_info    0x00003438      0xa48 build/stm32f1xx_hal_timebase_tim.o
 .debug_info    0x00003e80      0x6c2 build/stm32f1xx_it.o
 .debug_info    0x00004542      0x878 build/stts751_temperature_sensor.o
 .debug_info    0x00004dba      0x22d build/system_stm32f1xx.o
 .debug_info    0x00004fe7      0x7a2 build/stm32f1xx_hal.o
 .debug_info    0x00005789      0xcd9 build/stm32f1xx_hal_cortex.o
 .debug_info    0x00006462      0x604 build/stm32f1xx_hal_gpio.o
 .debug_info    0x00006a66     0x3905 build/stm32f1xx_hal_i2c.o
 .debug_info    0x0000a36b      0x9c7 build/stm32f1xx_hal_rcc.o
 .debug_info    0x0000ad32     0x3be7 build/stm32f1xx_hal_tim.o
 .debug_info    0x0000e919     0x1aac build/stm32f1xx_hal_tim_ex.o
 .debug_info    0x000103c5     0x407d build/stm32f1xx_hal_uart.o
 .debug_info    0x00014442     0x4dee build/cmsis_os2.o
 .debug_info    0x00019230      0x2ba build/list.o
 .debug_info    0x000194ea      0x505 build/port.o
 .debug_info    0x000199ef      0x444 build/heap_4.o
 .debug_info    0x00019e33     0x26cd build/queue.o
 .debug_info    0x0001c500     0x2f13 build/tasks.o
 .debug_info    0x0001f413     0x19e3 build/timers.o
 .debug_info    0x00020df6       0x30 build/startup_stm32f103xb.o
 .debug_info    0x00020e26       0xd3 c:/Users/vmyhr/AppData/Roaming/Code/User/globalStorage/bmd.stm32-for-vscode/@xpack-dev-tools/arm-none-eabi-gcc/13.2.1-1.1.1/.content/bin/../lib/gcc/arm-none-eabi/13.2.1/thumb/v7-m/nofp\libgcc.a(_arm_addsubdf3.o)
 .debug_info    0x00020ef9       0x57 c:/Users/vmyhr/AppData/Roaming/Code/User/globalStorage/bmd.stm32-for-vscode/@xpack-dev-tools/arm-none-eabi-gcc/13.2.1-1.1.1/.content/bin/../lib/gcc/arm-none-eabi/13.2.1/thumb/v7-m/nofp\libgcc.a(_arm_muldivdf3.o)
 .debug_info    0x00020f50       0xdf c:/Users/vmyhr/AppData/Roaming/Code/User/globalStorage/bmd.stm32-for-vscode/@xpack-dev-tools/arm-none-eabi-gcc/13.2.1-1.1.1/.content/bin/../lib/gcc/arm-none-eabi/13.2.1/thumb/v7-m/nofp\libgcc.a(_arm_cmpdf2.o)
 .debug_info    0x0002102f       0x3c c:/Users/vmyhr/AppData/Roaming/Code/User/globalStorage/bmd.stm32-for-vscode/@xpack-dev-tools/arm-none-eabi-gcc/13.2.1-1.1.1/.content/bin/../lib/gcc/arm-none-eabi/13.2.1/thumb/v7-m/nofp\libgcc.a(_arm_unorddf2.o)
 .debug_info    0x0002106b       0x3f c:/Users/vmyhr/AppData/Roaming/Code/User/globalStorage/bmd.stm32-for-vscode/@xpack-dev-tools/arm-none-eabi-gcc/13.2.1-1.1.1/.content/bin/../lib/gcc/arm-none-eabi/13.2.1/thumb/v7-m/nofp\libgcc.a(_arm_truncdfsf2.o)
 .debug_info    0x000210aa       0xca c:/Users/vmyhr/AppData/Roaming/Code/User/globalStorage/bmd.stm32-for-vscode/@xpack-dev-tools/arm-none-eabi-gcc/13.2.1-1.1.1/.content/bin/../lib/gcc/arm-none-eabi/13.2.1/thumb/v7-m/nofp\libgcc.a(_arm_addsubsf3.o)
 .debug_info    0x00021174       0x57 c:/Users/vmyhr/AppData/Roaming/Code/User/globalStorage/bmd.stm32-for-vscode/@xpack-dev-tools/arm-none-eabi-gcc/13.2.1-1.1.1/.content/bin/../lib/gcc/arm-none-eabi/13.2.1/thumb/v7-m/nofp\libgcc.a(_arm_muldivsf3.o)
 .debug_info    0x000211cb       0x3c c:/Users/vmyhr/AppData/Roaming/Code/User/globalStorage/bmd.stm32-for-vscode/@xpack-dev-tools/arm-none-eabi-gcc/13.2.1-1.1.1/.content/bin/../lib/gcc/arm-none-eabi/13.2.1/thumb/v7-m/nofp\libgcc.a(_arm_fixsfsi.o)

.debug_abbrev   0x00000000     0x3a95
 .debug_abbrev  0x00000000      0x26e build/lsm6dso_gyroscope.o
 .debug_abbrev  0x0000026e      0x34a build/main.o
 .debug_abbrev  0x000005b8      0x1f2 build/stm32f1xx_hal_msp.o
 .debug_abbrev  0x000007aa      0x231 build/stm32f1xx_hal_timebase_tim.o
 .debug_abbrev  0x000009db      0x1ae build/stm32f1xx_it.o
 .debug_abbrev  0x00000b89      0x1cc build/stts751_temperature_sensor.o
 .debug_abbrev  0x00000d55      0x143 build/system_stm32f1xx.o
 .debug_abbrev  0x00000e98      0x22d build/stm32f1xx_hal.o
 .debug_abbrev  0x000010c5      0x36d build/stm32f1xx_hal_cortex.o
 .debug_abbrev  0x00001432      0x1f7 build/stm32f1xx_hal_gpio.o
 .debug_abbrev  0x00001629      0x2be build/stm32f1xx_hal_i2c.o
 .debug_abbrev  0x000018e7      0x2a0 build/stm32f1xx_hal_rcc.o
 .debug_abbrev  0x00001b87      0x270 build/stm32f1xx_hal_tim.o
 .debug_abbrev  0x00001df7      0x26e build/stm32f1xx_hal_tim_ex.o
 .debug_abbrev  0x00002065      0x31c build/stm32f1xx_hal_uart.o
 .debug_abbrev  0x00002381      0x49f build/cmsis_os2.o
 .debug_abbrev  0x00002820      0x10a build/list.o
 .debug_abbrev  0x0000292a      0x2a4 build/port.o
 .debug_abbrev  0x00002bce      0x24b build/heap_4.o
 .debug_abbrev  0x00002e19      0x40c build/queue.o
 .debug_abbrev  0x00003225      0x393 build/tasks.o
 .debug_abbrev  0x000035b8      0x379 build/timers.o
 .debug_abbrev  0x00003931       0x24 build/startup_stm32f103xb.o
 .debug_abbrev  0x00003955       0x28 c:/Users/vmyhr/AppData/Roaming/Code/User/globalStorage/bmd.stm32-for-vscode/@xpack-dev-tools/arm-none-eabi-gcc/13.2.1-1.1.1/.content/bin/../lib/gcc/arm-none-eabi/13.2.1/thumb/v7-m/nofp\libgcc.a(_arm_addsubdf3.o)
 .debug_abbrev  0x0000397d       0x28 c:/Users/vmyhr/AppData/Roaming/Code/User/globalStorage/bmd.stm32-for-vscode/@xpack-dev-tools/arm-none-eabi-gcc/13.2.1-1.1.1/.content/bin/../lib/gcc/arm-none-eabi/13.2.1/thumb/v7-m/nofp\libgcc.a(_arm_muldivdf3.o)
 .debug_abbrev  0x000039a5       0x28 c:/Users/vmyhr/AppData/Roaming/Code/User/globalStorage/bmd.stm32-for-vscode/@xpack-dev-tools/arm-none-eabi-gcc/13.2.1-1.1.1/.content/bin/../lib/gcc/arm-none-eabi/13.2.1/thumb/v7-m/nofp\libgcc.a(_arm_cmpdf2.o)
 .debug_abbrev  0x000039cd       0x28 c:/Users/vmyhr/AppData/Roaming/Code/User/globalStorage/bmd.stm32-for-vscode/@xpack-dev-tools/arm-none-eabi-gcc/13.2.1-1.1.1/.content/bin/../lib/gcc/arm-none-eabi/13.2.1/thumb/v7-m/nofp\libgcc.a(_arm_unorddf2.o)
 .debug_abbrev  0x000039f5       0x28 c:/Users/vmyhr/AppData/Roaming/Code/User/globalStorage/bmd.stm32-for-vscode/@xpack-dev-tools/arm-none-eabi-gcc/13.2.1-1.1.1/.content/bin/../lib/gcc/arm-none-eabi/13.2.1/thumb/v7-m/nofp\libgcc.a(_arm_truncdfsf2.o)
 .debug_abbrev  0x00003a1d       0x28 c:/Users/vmyhr/AppData/Roaming/Code/User/globalStorage/bmd.stm32-for-vscode/@xpack-dev-tools/arm-none-eabi-gcc/13.2.1-1.1.1/.content/bin/../lib/gcc/arm-none-eabi/13.2.1/thumb/v7-m/nofp\libgcc.a(_arm_addsubsf3.o)
 .debug_abbrev  0x00003a45       0x28 c:/Users/vmyhr/AppData/Roaming/Code/User/globalStorage/bmd.stm32-for-vscode/@xpack-dev-tools/arm-none-eabi-gcc/13.2.1-1.1.1/.content/bin/../lib/gcc/arm-none-eabi/13.2.1/thumb/v7-m/nofp\libgcc.a(_arm_muldivsf3.o)
 .debug_abbrev  0x00003a6d       0x28 c:/Users/vmyhr/AppData/Roaming/Code/User/globalStorage/bmd.stm32-for-vscode/@xpack-dev-tools/arm-none-eabi-gcc/13.2.1-1.1.1/.content/bin/../lib/gcc/arm-none-eabi/13.2.1/thumb/v7-m/nofp\libgcc.a(_arm_fixsfsi.o)

.debug_loclists
                0x00000000    0x13000
 .debug_loclists
                0x00000000      0x2a6 build/lsm6dso_gyroscope.o
 .debug_loclists
                0x000002a6      0x119 build/main.o
 .debug_loclists
                0x000003bf       0xf9 build/stm32f1xx_hal_msp.o
 .debug_loclists
                0x000004b8       0xc1 build/stm32f1xx_hal_timebase_tim.o
 .debug_loclists
                0x00000579       0xc9 build/stts751_temperature_sensor.o
 .debug_loclists
                0x00000642       0xb7 build/system_stm32f1xx.o
 .debug_loclists
                0x000006f9       0xe1 build/stm32f1xx_hal.o
 .debug_loclists
                0x000007da      0x530 build/stm32f1xx_hal_cortex.o
 .debug_loclists
                0x00000d0a      0x318 build/stm32f1xx_hal_gpio.o
 .debug_loclists
                0x00001022     0x31cd build/stm32f1xx_hal_i2c.o
 .debug_loclists
                0x000041ef      0x42e build/stm32f1xx_hal_rcc.o
 .debug_loclists
                0x0000461d     0x37c3 build/stm32f1xx_hal_tim.o
 .debug_loclists
                0x00007de0     0x1398 build/stm32f1xx_hal_tim_ex.o
 .debug_loclists
                0x00009178     0x2d99 build/stm32f1xx_hal_uart.o
 .debug_loclists
                0x0000bf11     0x3c93 build/cmsis_os2.o
 .debug_loclists
                0x0000fba4       0x75 build/list.o
 .debug_loclists
                0x0000fc19       0x98 build/port.o
 .debug_loclists
                0x0000fcb1      0x219 build/heap_4.o
 .debug_loclists
                0x0000feca     0x1044 build/queue.o
 .debug_loclists
                0x00010f0e     0x168b build/tasks.o
 .debug_loclists
                0x00012599      0xa67 build/timers.o

.debug_aranges  0x00000000     0x16b8
 .debug_aranges
                0x00000000       0x38 build/lsm6dso_gyroscope.o
 .debug_aranges
                0x00000038       0x70 build/main.o
 .debug_aranges
                0x000000a8       0x40 build/stm32f1xx_hal_msp.o
 .debug_aranges
                0x000000e8       0x30 build/stm32f1xx_hal_timebase_tim.o
 .debug_aranges
                0x00000118       0x58 build/stm32f1xx_it.o
 .debug_aranges
                0x00000170       0x28 build/stts751_temperature_sensor.o
 .debug_aranges
                0x00000198       0x28 build/system_stm32f1xx.o
 .debug_aranges
                0x000001c0       0xe0 build/stm32f1xx_hal.o
 .debug_aranges
                0x000002a0       0xc0 build/stm32f1xx_hal_cortex.o
 .debug_aranges
                0x00000360       0x58 build/stm32f1xx_hal_gpio.o
 .debug_aranges
                0x000003b8      0x2a8 build/stm32f1xx_hal_i2c.o
 .debug_aranges
                0x00000660       0x90 build/stm32f1xx_hal_rcc.o
 .debug_aranges
                0x000006f0      0x3d0 build/stm32f1xx_hal_tim.o
 .debug_aranges
                0x00000ac0      0x168 build/stm32f1xx_hal_tim_ex.o
 .debug_aranges
                0x00000c28      0x208 build/stm32f1xx_hal_uart.o
 .debug_aranges
                0x00000e30      0x228 build/cmsis_os2.o
 .debug_aranges
                0x00001058       0x40 build/list.o
 .debug_aranges
                0x00001098       0x78 build/port.o
 .debug_aranges
                0x00001110       0x50 build/heap_4.o
 .debug_aranges
                0x00001160      0x158 build/queue.o
 .debug_aranges
                0x000012b8      0x1f8 build/tasks.o
 .debug_aranges
                0x000014b0       0xe0 build/timers.o
 .debug_aranges
                0x00001590       0x28 build/startup_stm32f103xb.o
 .debug_aranges
                0x000015b8       0x20 c:/Users/vmyhr/AppData/Roaming/Code/User/globalStorage/bmd.stm32-for-vscode/@xpack-dev-tools/arm-none-eabi-gcc/13.2.1-1.1.1/.content/bin/../lib/gcc/arm-none-eabi/13.2.1/thumb/v7-m/nofp\libgcc.a(_arm_addsubdf3.o)
 .debug_aranges
                0x000015d8       0x20 c:/Users/vmyhr/AppData/Roaming/Code/User/globalStorage/bmd.stm32-for-vscode/@xpack-dev-tools/arm-none-eabi-gcc/13.2.1-1.1.1/.content/bin/../lib/gcc/arm-none-eabi/13.2.1/thumb/v7-m/nofp\libgcc.a(_arm_muldivdf3.o)
 .debug_aranges
                0x000015f8       0x20 c:/Users/vmyhr/AppData/Roaming/Code/User/globalStorage/bmd.stm32-for-vscode/@xpack-dev-tools/arm-none-eabi-gcc/13.2.1-1.1.1/.content/bin/../lib/gcc/arm-none-eabi/13.2.1/thumb/v7-m/nofp\libgcc.a(_arm_cmpdf2.o)
 .debug_aranges
                0x00001618       0x20 c:/Users/vmyhr/AppData/Roaming/Code/User/globalStorage/bmd.stm32-for-vscode/@xpack-dev-tools/arm-none-eabi-gcc/13.2.1-1.1.1/.content/bin/../lib/gcc/arm-none-eabi/13.2.1/thumb/v7-m/nofp\libgcc.a(_arm_unorddf2.o)
 .debug_aranges
                0x00001638       0x20 c:/Users/vmyhr/AppData/Roaming/Code/User/globalStorage/bmd.stm32-for-vscode/@xpack-dev-tools/arm-none-eabi-gcc/13.2.1-1.1.1/.content/bin/../lib/gcc/arm-none-eabi/13.2.1/thumb/v7-m/nofp\libgcc.a(_arm_truncdfsf2.o)
 .debug_aranges
                0x00001658       0x20 c:/Users/vmyhr/AppData/Roaming/Code/User/globalStorage/bmd.stm32-for-vscode/@xpack-dev-tools/arm-none-eabi-gcc/13.2.1-1.1.1/.content/bin/../lib/gcc/arm-none-eabi/13.2.1/thumb/v7-m/nofp\libgcc.a(_arm_addsubsf3.o)
 .debug_aranges
                0x00001678       0x20 c:/Users/vmyhr/AppData/Roaming/Code/User/globalStorage/bmd.stm32-for-vscode/@xpack-dev-tools/arm-none-eabi-gcc/13.2.1-1.1.1/.content/bin/../lib/gcc/arm-none-eabi/13.2.1/thumb/v7-m/nofp\libgcc.a(_arm_muldivsf3.o)
 .debug_aranges
                0x00001698       0x20 c:/Users/vmyhr/AppData/Roaming/Code/User/globalStorage/bmd.stm32-for-vscode/@xpack-dev-tools/arm-none-eabi-gcc/13.2.1-1.1.1/.content/bin/../lib/gcc/arm-none-eabi/13.2.1/thumb/v7-m/nofp\libgcc.a(_arm_fixsfsi.o)

.debug_rnglists
                0x00000000     0x11cf
 .debug_rnglists
                0x00000000       0x33 build/lsm6dso_gyroscope.o
 .debug_rnglists
                0x00000033       0x52 build/main.o
 .debug_rnglists
                0x00000085       0x2b build/stm32f1xx_hal_msp.o
 .debug_rnglists
                0x000000b0       0x20 build/stm32f1xx_hal_timebase_tim.o
 .debug_rnglists
                0x000000d0       0x3d build/stm32f1xx_it.o
 .debug_rnglists
                0x0000010d       0x19 build/stts751_temperature_sensor.o
 .debug_rnglists
                0x00000126       0x1a build/system_stm32f1xx.o
 .debug_rnglists
                0x00000140       0xa3 build/stm32f1xx_hal.o
 .debug_rnglists
                0x000001e3       0x8b build/stm32f1xx_hal_cortex.o
 .debug_rnglists
                0x0000026e       0x3f build/stm32f1xx_hal_gpio.o
 .debug_rnglists
                0x000002ad      0x236 build/stm32f1xx_hal_i2c.o
 .debug_rnglists
                0x000004e3       0x7d build/stm32f1xx_hal_rcc.o
 .debug_rnglists
                0x00000560      0x2fe build/stm32f1xx_hal_tim.o
 .debug_rnglists
                0x0000085e      0x11a build/stm32f1xx_hal_tim_ex.o
 .debug_rnglists
                0x00000978      0x1a1 build/stm32f1xx_hal_uart.o
 .debug_rnglists
                0x00000b19      0x1a6 build/cmsis_os2.o
 .debug_rnglists
                0x00000cbf       0x2b build/list.o
 .debug_rnglists
                0x00000cea       0x56 build/port.o
 .debug_rnglists
                0x00000d40       0x38 build/heap_4.o
 .debug_rnglists
                0x00000d78      0x170 build/queue.o
 .debug_rnglists
                0x00000ee8      0x22a build/tasks.o
 .debug_rnglists
                0x00001112       0xa4 build/timers.o
 .debug_rnglists
                0x000011b6       0x19 build/startup_stm32f103xb.o

.debug_line     0x00000000    0x1c89d
 .debug_line    0x00000000      0x427 build/lsm6dso_gyroscope.o
 .debug_line    0x00000427      0x883 build/main.o
 .debug_line    0x00000caa      0x3da build/stm32f1xx_hal_msp.o
 .debug_line    0x00001084      0x398 build/stm32f1xx_hal_timebase_tim.o
 .debug_line    0x0000141c      0x318 build/stm32f1xx_it.o
 .debug_line    0x00001734      0x2fc build/stts751_temperature_sensor.o
 .debug_line    0x00001a30      0x2cd build/system_stm32f1xx.o
 .debug_line    0x00001cfd      0x5b6 build/stm32f1xx_hal.o
 .debug_line    0x000022b3      0x72f build/stm32f1xx_hal_cortex.o
 .debug_line    0x000029e2      0x658 build/stm32f1xx_hal_gpio.o
 .debug_line    0x0000303a     0x5669 build/stm32f1xx_hal_i2c.o
 .debug_line    0x000086a3      0xd32 build/stm32f1xx_hal_rcc.o
 .debug_line    0x000093d5     0x4684 build/stm32f1xx_hal_tim.o
 .debug_line    0x0000da59     0x1a97 build/stm32f1xx_hal_tim_ex.o
 .debug_line    0x0000f4f0     0x35a3 build/stm32f1xx_hal_uart.o