Archive member included to satisfy reference by file (symbol)

C:/Users/vegmi/AppData/Roaming/Code/User/globalStorage/bmd.stm32-for-vscode/@xpack-dev-tools/arm-none-eabi-gcc/13.2.1-1.1.1/.content/bin/../lib/gcc/arm-none-eabi/13.2.1/../../../../arm-none-eabi/lib/thumb/v7-m/nofp\libc_nano.a(libc_a-atexit.o)
                              C:/Users/vegmi/AppData/Roaming/Code/User/globalStorage/bmd.stm32-for-vscode/@xpack-dev-tools/arm-none-eabi-gcc/13.2.1-1.1.1/.content/bin/../lib/gcc/arm-none-eabi/13.2.1/../../../../arm-none-eabi/lib/thumb/v7-m/nofp/crt0.o (atexit)
C:/Users/vegmi/AppData/Roaming/Code/User/globalStorage/bmd.stm32-for-vscode/@xpack-dev-tools/arm-none-eabi-gcc/13.2.1-1.1.1/.content/bin/../lib/gcc/arm-none-eabi/13.2.1/../../../../arm-none-eabi/lib/thumb/v7-m/nofp\libc_nano.a(libc_a-exit.o)
                              C:/Users/vegmi/AppData/Roaming/Code/User/globalStorage/bmd.stm32-for-vscode/@xpack-dev-tools/arm-none-eabi-gcc/13.2.1-1.1.1/.content/bin/../lib/gcc/arm-none-eabi/13.2.1/../../../../arm-none-eabi/lib/thumb/v7-m/nofp/crt0.o (exit)
C:/Users/vegmi/AppData/Roaming/Code/User/globalStorage/bmd.stm32-for-vscode/@xpack-dev-tools/arm-none-eabi-gcc/13.2.1-1.1.1/.content/bin/../lib/gcc/arm-none-eabi/13.2.1/../../../../arm-none-eabi/lib/thumb/v7-m/nofp\libc_nano.a(libc_a-findfp.o)
                              C:/Users/vegmi/AppData/Roaming/Code/User/globalStorage/bmd.stm32-for-vscode/@xpack-dev-tools/arm-none-eabi-gcc/13.2.1-1.1.1/.content/bin/../lib/gcc/arm-none-eabi/13.2.1/../../../../arm-none-eabi/lib/thumb/v7-m/nofp\libc_nano.a(libc_a-exit.o) (__stdio_exit_handler)
C:/Users/vegmi/AppData/Roaming/Code/User/globalStorage/bmd.stm32-for-vscode/@xpack-dev-tools/arm-none-eabi-gcc/13.2.1-1.1.1/.content/bin/../lib/gcc/arm-none-eabi/13.2.1/../../../../arm-none-eabi/lib/thumb/v7-m/nofp\libc_nano.a(libc_a-fwalk.o)
                              C:/Users/vegmi/AppData/Roaming/Code/User/globalStorage/bmd.stm32-for-vscode/@xpack-dev-tools/arm-none-eabi-gcc/13.2.1-1.1.1/.content/bin/../lib/gcc/arm-none-eabi/13.2.1/../../../../arm-none-eabi/lib/thumb/v7-m/nofp\libc_nano.a(libc_a-findfp.o) (_fwalk_sglue)
C:/Users/vegmi/AppData/Roaming/Code/User/globalStorage/bmd.stm32-for-vscode/@xpack-dev-tools/arm-none-eabi-gcc/13.2.1-1.1.1/.content/bin/../lib/gcc/arm-none-eabi/13.2.1/../../../../arm-none-eabi/lib/thumb/v7-m/nofp\libc_nano.a(libc_a-sprintf.o)
                              build/main.o (sprintf)
C:/Users/vegmi/AppData/Roaming/Code/User/globalStorage/bmd.stm32-for-vscode/@xpack-dev-tools/arm-none-eabi-gcc/13.2.1-1.1.1/.content/bin/../lib/gcc/arm-none-eabi/13.2.1/../../../../arm-none-eabi/lib/thumb/v7-m/nofp\libc_nano.a(libc_a-stdio.o)
                              C:/Users/vegmi/AppData/Roaming/Code/User/globalStorage/bmd.stm32-for-vscode/@xpack-dev-tools/arm-none-eabi-gcc/13.2.1-1.1.1/.content/bin/../lib/gcc/arm-none-eabi/13.2.1/../../../../arm-none-eabi/lib/thumb/v7-m/nofp\libc_nano.a(libc_a-findfp.o) (__sread)
C:/Users/vegmi/AppData/Roaming/Code/User/globalStorage/bmd.stm32-for-vscode/@xpack-dev-tools/arm-none-eabi-gcc/13.2.1-1.1.1/.content/bin/../lib/gcc/arm-none-eabi/13.2.1/../../../../arm-none-eabi/lib/thumb/v7-m/nofp\libc_nano.a(libc_a-memset.o)
                              C:/Users/vegmi/AppData/Roaming/Code/User/globalStorage/bmd.stm32-for-vscode/@xpack-dev-tools/arm-none-eabi-gcc/13.2.1-1.1.1/.content/bin/../lib/gcc/arm-none-eabi/13.2.1/../../../../arm-none-eabi/lib/thumb/v7-m/nofp/crt0.o (memset)
C:/Users/vegmi/AppData/Roaming/Code/User/globalStorage/bmd.stm32-for-vscode/@xpack-dev-tools/arm-none-eabi-gcc/13.2.1-1.1.1/.content/bin/../lib/gcc/arm-none-eabi/13.2.1/../../../../arm-none-eabi/lib/thumb/v7-m/nofp\libc_nano.a(libc_a-closer.o)
                              C:/Users/vegmi/AppData/Roaming/Code/User/globalStorage/bmd.stm32-for-vscode/@xpack-dev-tools/arm-none-eabi-gcc/13.2.1-1.1.1/.content/bin/../lib/gcc/arm-none-eabi/13.2.1/../../../../arm-none-eabi/lib/thumb/v7-m/nofp\libc_nano.a(libc_a-stdio.o) (_close_r)
C:/Users/vegmi/AppData/Roaming/Code/User/globalStorage/bmd.stm32-for-vscode/@xpack-dev-tools/arm-none-eabi-gcc/13.2.1-1.1.1/.content/bin/../lib/gcc/arm-none-eabi/13.2.1/../../../../arm-none-eabi/lib/thumb/v7-m/nofp\libc_nano.a(libc_a-reent.o)
                              C:/Users/vegmi/AppData/Roaming/Code/User/globalStorage/bmd.stm32-for-vscode/@xpack-dev-tools/arm-none-eabi-gcc/13.2.1-1.1.1/.content/bin/../lib/gcc/arm-none-eabi/13.2.1/../../../../arm-none-eabi/lib/thumb/v7-m/nofp\libc_nano.a(libc_a-closer.o) (errno)
C:/Users/vegmi/AppData/Roaming/Code/User/globalStorage/bmd.stm32-for-vscode/@xpack-dev-tools/arm-none-eabi-gcc/13.2.1-1.1.1/.content/bin/../lib/gcc/arm-none-eabi/13.2.1/../../../../arm-none-eabi/lib/thumb/v7-m/nofp\libc_nano.a(libc_a-impure.o)
[...]
Memory Configuration

Name             Origin             Length             Attributes
RAM              0x20000000         0x00005000         xrw
FLASH            0x08000000         0x00020000         xr
*default*        0x00000000         0xffffffff

Linker script and memory map

LOAD C:/Users/vegmi/AppData/Roaming/Code/User/globalStorage/bmd.stm32-for-vscode/@xpack-dev-tools/arm-none-eabi-gcc/13.2.1-1.1.1/.content/bin/../lib/gcc/arm-none-eabi/13.2.1/thumb/v7-m/nofp/crti.o
LOAD C:/Users/vegmi/AppData/Roaming/Code/User/globalStorage/bmd.stm32-for-vscode/@xpack-dev-tools/arm-none-eabi-gcc/13.2.1-1.1.1/.content/bin/../lib/gcc/arm-none-eabi/13.2.1/thumb/v7-m/nofp/crtbegin.o
LOAD C:/Users/vegmi/AppData/Roaming/Code/User/globalStorage/bmd.stm32-for-vscode/@xpack-dev-tools/arm-none-eabi-gcc/13.2.1-1.1.1/.content/bin/../lib/gcc/arm-none-eabi/13.2.1/../../../../arm-none-eabi/lib/thumb/v7-m/nofp/crt0.o
LOAD build/freertos.o
LOAD build/lsm6dso_accelerometer.o
LOAD build/lsm6dso_gyroscope.o
LOAD build/main.o
LOAD build/stm32f1xx_hal_msp.o
LOAD build/stm32f1xx_hal_timebase_tim.o
LOAD build/stm32f1xx_it.o
LOAD build/stts751_temperature_sensor.o
LOAD build/system_stm32f1xx.o
LOAD build/stm32f1xx_hal.o
LOAD build/stm32f1xx_hal_cortex.o
LOAD build/stm32f1xx_hal_dma.o
LOAD build/stm32f1xx_hal_exti.o
LOAD build/stm32f1xx_hal_flash.o
LOAD build/stm32f1xx_hal_flash_ex.o
LOAD build/stm32f1xx_hal_gpio.o
LOAD build/stm32f1xx_hal_gpio_ex.o
LOAD build/stm32f1xx_hal_i2c.o
LOAD build/stm32f1xx_hal_pwr.o
LOAD build/stm32f1xx_hal_rcc.o
LOAD build/stm32f1xx_hal_rcc_ex.o
LOAD build/stm32f1xx_hal_tim.o
LOAD build/stm32f1xx_hal_tim_ex.o
LOAD build/stm32f1xx_hal_uart.o
LOAD build/cmsis_os2.o
LOAD build/croutine.o
LOAD build/event_groups.o
LOAD build/list.o
LOAD build/port.o
LOAD build/heap_4.o
LOAD build/queue.o
LOAD build/stream_buffer.o
LOAD build/tasks.o
LOAD build/timers.o
LOAD build/startup_stm32f103xb.o
LOAD C:/Users/vegmi/AppData/Roaming/Code/User/globalStorage/bmd.stm32-for-vscode/@xpack-dev-tools/arm-none-eabi-gcc/13.2.1-1.1.1/.content/bin/../lib/gcc/arm-none-eabi/13.2.1/../../../../arm-none-eabi/lib/thumb/v7-m/nofp\libc_nano.a
LOAD C:/Users/vegmi/AppData/Roaming/Code/User/globalStorage/bmd.stm32-for-vscode/@xpack-dev-tools/arm-none-eabi-gcc/13.2.1-1.1.1/.content/bin/../lib/gcc/arm-none-eabi/13.2.1/../../../../arm-none-eabi/lib/thumb/v7-m/nofp\libm.a
LOAD C:/Users/vegmi/AppData/Roaming/Code/User/globalStorage/bmd.stm32-for-vscode/@xpack-dev-tools/arm-none-eabi-gcc/13.2.1-1.1.1/.content/bin/../lib/gcc/arm-none-eabi/13.2.1/../../../../arm-none-eabi/lib/thumb/v7-m/nofp\libnosys.a
START GROUP
LOAD C:/Users/vegmi/AppData/Roaming/Code/User/globalStorage/bmd.stm32-for-vscode/@xpack-dev-tools/arm-none-eabi-gcc/13.2.1-1.1.1/.content/bin/../lib/gcc/arm-none-eabi/13.2.1/thumb/v7-m/nofp\libgcc.a
LOAD C:/Users/vegmi/AppData/Roaming/Code/User/globalStorage/bmd.stm32-for-vscode/@xpack-dev-tools/arm-none-eabi-gcc/13.2.1-1.1.1/.content/bin/../lib/gcc/arm-none-eabi/13.2.1/../../../../arm-none-eabi/lib/thumb/v7-m/nofp\libc_nano.a
END GROUP
START GROUP
LOAD C:/Users/vegmi/AppData/Roaming/Code/User/globalStorage/bmd.stm32-for-vscode/@xpack-dev-tools/arm-none-eabi-gcc/13.2.1-1.1.1/.content/bin/../lib/gcc/arm-none-eabi/13.2.1/thumb/v7-m/nofp\libgcc.a
LOAD C:/Users/vegmi/AppData/Roaming/Code/User/globalStorage/bmd.stm32-for-vscode/@xpack-dev-tools/arm-none-eabi-gcc/13.2.1-1.1.1/.content/bin/../lib/gcc/arm-none-eabi/13.2.1/../../../../arm-none-eabi/lib/thumb/v7-m/nofp\libc_nano.a
END GROUP
LOAD C:/Users/vegmi/AppData/Roaming/Code/User/globalStorage/bmd.stm32-for-vscode/@xpack-dev-tools/arm-none-eabi-gcc/13.2.1-1.1.1/.content/bin/../lib/gcc/arm-none-eabi/13.2.1/thumb/v7-m/nofp/crtend.o
LOAD C:/Users/vegmi/AppData/Roaming/Code/User/globalStorage/bmd.stm32-for-vscode/@xpack-dev-tools/arm-none-eabi-gcc/13.2.1-1.1.1/.content/bin/../lib/gcc/arm-none-eabi/13.2.1/thumb/v7-m/nofp/crtn.o
                0x20005000                        _estack = (ORIGIN (RAM) + LENGTH (RAM))
                0x00000200                        _Min_Heap_Size = 0x200
                0x00000400                        _Min_Stack_Size = 0x400

.isr_vector     0x08000000      0x10c
                0x08000000                        . = ALIGN (0x4)
 *(.isr_vector)
 .isr_vector    0x08000000      0x10c build/startup_stm32f103xb.o
                0x08000000                g_pfnVectors
                0x0800010c                        . = ALIGN (0x4)

.text           0x08000110     0x5978
                0x08000110                        . = ALIGN (0x4)
 *(.text)
 .text          0x08000110       0x10 C:/Users/vegmi/AppData/Roaming/Code/User/globalStorage/bmd.stm32-for-vscode/@xpack-dev-tools/arm-none-eabi-gcc/13.2.1-1.1.1/.content/bin/../lib/gcc/arm-none-eabi/13.2.1/../../../../arm-none-eabi/lib/thumb/v7-m/nofp\libc_nano.a(libc_a-strlen.o)
                0x08000110                strlen
 .text          0x08000120      0x378 C:/Users/vegmi/AppData/Roaming/Code/User/globalStorage/bmd.stm32-for-vscode/@xpack-dev-tools/arm-none-eabi-gcc/13.2.1-1.1.1/.content/bin/../lib/gcc/arm-none-eabi/13.2.1/thumb/v7-m/nofp\libgcc.a(_arm_addsubdf3.o)
                0x08000120                __aeabi_drsub
                0x08000128                __aeabi_dsub
                0x08000128                __subdf3
                0x0800012c                __aeabi_dadd
                0x0800012c                __adddf3
                0x080003a4                __floatunsidf
                0x080003a4                __aeabi_ui2d
                0x080003c4                __floatsidf
                0x080003c4                __aeabi_i2d
                0x080003e8                __aeabi_f2d
                0x080003e8                __extendsfdf2
                0x0800042c                __floatundidf
                0x0800042c                __aeabi_ul2d
                0x0800043c                __floatdidf
                0x0800043c                __aeabi_l2d
 .text          0x08000498      0x424 C:/Users/vegmi/AppData/Roaming/Code/User/globalStorage/bmd.stm32-for-vscode/@xpack-dev-tools/arm-none-eabi-gcc/13.2.1-1.1.1/.content/bin/../lib/gcc/arm-none-eabi/13.2.1/thumb/v7-m/nofp\libgcc.a(_arm_muldivdf3.o)
                0x08000498                __aeabi_dmul
                0x08000498                __muldf3
                0x080006ec                __divdf3
                0x080006ec                __aeabi_ddiv
 .text          0x080008bc      0x110 C:/Users/vegmi/AppData/Roaming/Code/User/globalStorage/bmd.stm32-for-vscode/@xpack-dev-tools/arm-none-eabi-gcc/13.2.1-1.1.1/.content/bin/../lib/gcc/arm-none-eabi/13.2.1/thumb/v7-m/nofp\libgcc.a(_arm_cmpdf2.o)
                0x080008bc                __gtdf2
                0x080008bc                __gedf2
                0x080008c4                __ltdf2
                0x080008c4                __ledf2
                0x080008cc                __nedf2
                0x080008cc                __eqdf2
                0x080008cc                __cmpdf2
                0x08000948                __aeabi_cdrcmple
                0x08000958                __aeabi_cdcmpeq
                0x08000958                __aeabi_cdcmple
                0x08000968                __aeabi_dcmpeq
                0x0800097c                __aeabi_dcmplt
                0x08000990                __aeabi_dcmple
                0x080009a4                __aeabi_dcmpge
                0x080009b8                __aeabi_dcmpgt
 .text          0x080009cc       0x2c C:/Users/vegmi/AppData/Roaming/Code/User/globalStorage/bmd.stm32-for-vscode/@xpack-dev-tools/arm-none-eabi-gcc/13.2.1-1.1.1/.content/bin/../lib/gcc/arm-none-eabi/13.2.1/thumb/v7-m/nofp\libgcc.a(_arm_unorddf2.o)
                0x080009cc                __unorddf2
                0x080009cc                __aeabi_dcmpun
 .text          0x080009f8       0xa0 C:/Users/vegmi/AppData/Roaming/Code/User/globalStorage/bmd.stm32-for-vscode/@xpack-dev-tools/arm-none-eabi-gcc/13.2.1-1.1.1/.content/bin/../lib/gcc/arm-none-eabi/13.2.1/thumb/v7-m/nofp\libgcc.a(_arm_truncdfsf2.o)
                0x080009f8                __truncdfsf2
                0x080009f8                __aeabi_d2f
 .text          0x08000a98      0x21c C:/Users/vegmi/AppData/Roaming/Code/User/globalStorage/bmd.stm32-for-vscode/@xpack-dev-tools/arm-none-eabi-gcc/13.2.1-1.1.1/.content/bin/../lib/gcc/arm-none-eabi/13.2.1/thumb/v7-m/nofp\libgcc.a(_arm_addsubsf3.o)
                0x08000a98                __aeabi_frsub
                0x08000aa0                __subsf3
                0x08000aa0                __aeabi_fsub
                0x08000aa4                __aeabi_fadd
                0x08000aa4                __addsf3
                0x08000c04                __aeabi_ui2f
                0x08000c04                __floatunsisf
                0x08000c0c                __aeabi_i2f
                0x08000c0c                __floatsisf
                0x08000c28                __aeabi_ul2f
                0x08000c28                __floatundisf
                0x08000c38                __aeabi_l2f
                0x08000c38                __floatdisf
 .text          0x08000cb4      0x2a0 C:/Users/vegmi/AppData/Roaming/Code/User/globalStorage/bmd.stm32-for-vscode/@xpack-dev-tools/arm-none-eabi-gcc/13.2.1-1.1.1/.content/bin/../lib/gcc/arm-none-eabi/13.2.1/thumb/v7-m/nofp\libgcc.a(_arm_muldivsf3.o)
                0x08000cb4                __mulsf3
                0x08000cb4                __aeabi_fmul
                0x08000e1c                __aeabi_fdiv
                0x08000e1c                __divsf3
 .text          0x08000f54       0x4c C:/Users/vegmi/AppData/Roaming/Code/User/globalStorage/bmd.stm32-for-vscode/@xpack-dev-tools/arm-none-eabi-gcc/13.2.1-1.1.1/.content/bin/../lib/gcc/arm-none-eabi/13.2.1/thumb/v7-m/nofp\libgcc.a(_arm_fixsfsi.o)
                0x08000f54                __aeabi_f2iz
                0x08000f54                __fixsfsi
 *(.text*)
 .text.__do_global_dtors_aux
                0x08000fa0       0x24 C:/Users/vegmi/AppData/Roaming/Code/User/globalStorage/bmd.stm32-for-vscode/@xpack-dev-tools/arm-none-eabi-gcc/13.2.1-1.1.1/.content/bin/../lib/gcc/arm-none-eabi/13.2.1/thumb/v7-m/nofp/crtbegin.o
 .text.frame_dummy
                0x08000fc4       0x1c C:/Users/vegmi/AppData/Roaming/Code/User/globalStorage/bmd.stm32-for-vscode/@xpack-dev-tools/arm-none-eabi-gcc/13.2.1-1.1.1/.content/bin/../lib/gcc/arm-none-eabi/13.2.1/thumb/v7-m/nofp/crtbegin.o
 .text.configureTimerForRunTimeStats
                0x08000fe0        0x2 build/freertos.o
                0x08000fe0                configureTimerForRunTimeStats
 .text.getRunTimeCounterValue
                0x08000fe2        0x4 build/freertos.o
                0x08000fe2                getRunTimeCounterValue
 *fill*         0x08000fe6        0x2 
 .text.lsm6dso_read_acc_axis
                0x08000fe8       0x80 build/lsm6dso_accelerometer.o
                0x08000fe8                lsm6dso_read_acc_axis
 .text.lsm6dso_read_linear_acc
                0x08001068       0x78 build/lsm6dso_accelerometer.o
                0x08001068                lsm6dso_read_linear_acc
 .text.lsm6dso_calibrate_acc
                0x080010e0       0xd4 build/lsm6dso_accelerometer.o
                0x080010e0                lsm6dso_calibrate_acc
 .text.lsm6dso_acc_init
                0x080011b4       0x34 build/lsm6dso_accelerometer.o
                0x080011b4                lsm6dso_acc_init
 .text.lsm6dso_gyroscope_init
                0x080011e8       0x24 build/lsm6dso_gyroscope.o
                0x080011e8                lsm6dso_gyroscope_init
 .text.MX_GPIO_Init
                0x0800120c       0xb4 build/main.o
 .text.read_temperature_thread
                0x080012c0        0xa build/main.o
                0x080012c0                read_temperature_thread
 .text.read_gyrodata_thread
                0x080012ca        0xa build/main.o
                0x080012ca                read_gyrodata_thread
 .text.StartTask04
                0x080012d4        0xa build/main.o
                0x080012d4                StartTask04
 *fill*         0x080012de        0x2 
 .text.data_presentation_thread
                0x080012e0       0xf8 build/main.o
                0x080012e0                data_presentation_thread
 .text.HAL_TIM_PeriodElapsedCallback
                0x080013d8       0x18 build/main.o
                0x080013d8                HAL_TIM_PeriodElapsedCallback
 .text.Error_Handler
                0x080013f0        0x4 build/main.o
                0x080013f0                Error_Handler
 .text.MX_I2C1_Init
                0x080013f4       0x38 build/main.o
 .text.MX_USART2_UART_Init
                0x0800142c       0x34 build/main.o
 .text.SystemClock_Config
                0x08001460       0x68 build/main.o
                0x08001460                SystemClock_Config
 .text.main     0x080014c8       0x88 build/main.o
                0x080014c8                main
 .text.HAL_MspInit
                0x08001550       0x54 build/stm32f1xx_hal_msp.o
                0x08001550                HAL_MspInit
 .text.HAL_I2C_MspInit
                0x080015a4       0x78 build/stm32f1xx_hal_msp.o
                0x080015a4                HAL_I2C_MspInit
 .text.HAL_UART_MspInit
                0x0800161c       0x60 build/stm32f1xx_hal_msp.o
                0x0800161c                HAL_UART_MspInit
 .text.HAL_InitTick
                0x0800167c       0xa0 build/stm32f1xx_hal_timebase_tim.o
                0x0800167c                HAL_InitTick
 .text.NMI_Handler
                0x0800171c        0x2 build/stm32f1xx_it.o
                0x0800171c                NMI_Handler
 .text.HardFault_Handler
                0x0800171e        0x2 build/stm32f1xx_it.o
                0x0800171e                HardFault_Handler
 .text.MemManage_Handler
                0x08001720        0x2 build/stm32f1xx_it.o
                0x08001720                MemManage_Handler
 .text.BusFault_Handler
                0x08001722        0x2 build/stm32f1xx_it.o
                0x08001722                BusFault_Handler
 .text.UsageFault_Handler
                0x08001724        0x2 build/stm32f1xx_it.o
                0x08001724                UsageFault_Handler
 .text.DebugMon_Handler
                0x08001726        0x2 build/stm32f1xx_it.o
                0x08001726                DebugMon_Handler
 .text.TIM4_IRQHandler
                0x08001728       0x10 build/stm32f1xx_it.o
                0x08001728                TIM4_IRQHandler
 .text.EXTI15_10_IRQHandler
                0x08001738        0xc build/stm32f1xx_it.o
                0x08001738                EXTI15_10_IRQHandler
 .text.stts751_read_temperature
                0x08001744       0x70 build/stts751_temperature_sensor.o
                0x08001744                stts751_read_temperature
 .text.SystemInit
                0x080017b4        0x2 build/system_stm32f1xx.o
                0x080017b4                SystemInit
 *fill*         0x080017b6        0x2 
 .text.HAL_Init
                0x080017b8       0x24 build/stm32f1xx_hal.o
                0x080017b8                HAL_Init
 .text.HAL_IncTick
                0x080017dc       0x18 build/stm32f1xx_hal.o
                0x080017dc                HAL_IncTick
 .text.HAL_GetTick
                0x080017f4        0xc build/stm32f1xx_hal.o
                0x080017f4                HAL_GetTick
 .text.HAL_Delay
                0x08001800       0x28 build/stm32f1xx_hal.o
                0x08001800                HAL_Delay
 .text.__NVIC_SetPriority
                0x08001828       0x28 build/stm32f1xx_hal_cortex.o
 .text.NVIC_EncodePriority
                0x08001850       0x3e build/stm32f1xx_hal_cortex.o
 *fill*         0x0800188e        0x2 
 .text.HAL_NVIC_SetPriorityGrouping
                0x08001890       0x24 build/stm32f1xx_hal_cortex.o
                0x08001890                HAL_NVIC_SetPriorityGrouping
 .text.HAL_NVIC_SetPriority
                0x080018b4       0x20 build/stm32f1xx_hal_cortex.o
                0x080018b4                HAL_NVIC_SetPriority
 .text.HAL_NVIC_EnableIRQ
                0x080018d4       0x1c build/stm32f1xx_hal_cortex.o
                0x080018d4                HAL_NVIC_EnableIRQ
 .text.HAL_GPIO_Init
                0x080018f0      0x21c build/stm32f1xx_hal_gpio.o
                0x080018f0                HAL_GPIO_Init
 .text.HAL_GPIO_WritePin
                0x08001b0c        0xc build/stm32f1xx_hal_gpio.o
                0x08001b0c                HAL_GPIO_WritePin
 .text.HAL_GPIO_EXTI_Callback
                0x08001b18        0x2 build/stm32f1xx_hal_gpio.o
                0x08001b18                HAL_GPIO_EXTI_Callback
 *fill*         0x08001b1a        0x2 
 .text.HAL_GPIO_EXTI_IRQHandler
                0x08001b1c       0x1c build/stm32f1xx_hal_gpio.o
                0x08001b1c                HAL_GPIO_EXTI_IRQHandler
 .text.I2C_IsAcknowledgeFailed
                0x08001b38       0x32 build/stm32f1xx_hal_i2c.o
 .text.I2C_WaitOnFlagUntilTimeout
                0x08001b6a       0xaa build/stm32f1xx_hal_i2c.o
 .text.I2C_WaitOnMasterAddressFlagUntilTimeout
                0x08001c14       0xd6 build/stm32f1xx_hal_i2c.o
 .text.I2C_WaitOnTXEFlagUntilTimeout
                0x08001cea       0x5e build/stm32f1xx_hal_i2c.o
 .text.I2C_RequestMemoryWrite
                0x08001d48       0xd8 build/stm32f1xx_hal_i2c.o
 .text.I2C_RequestMemoryRead
                0x08001e20      0x154 build/stm32f1xx_hal_i2c.o
 .text.I2C_WaitOnBTFFlagUntilTimeout
                0x08001f74       0x5e build/stm32f1xx_hal_i2c.o
 .text.I2C_WaitOnRXNEFlagUntilTimeout
                0x08001fd2       0x78 build/stm32f1xx_hal_i2c.o
 *fill*         0x0800204a        0x2 
 .text.HAL_I2C_Init
                0x0800204c      0x1bc build/stm32f1xx_hal_i2c.o
                0x0800204c                HAL_I2C_Init
 .text.HAL_I2C_Mem_Write
                0x08002208      0x164 build/stm32f1xx_hal_i2c.o
                0x08002208                HAL_I2C_Mem_Write
 .text.HAL_I2C_Mem_Read
                0x0800236c      0x348 build/stm32f1xx_hal_i2c.o
                0x0800236c                HAL_I2C_Mem_Read
 .text.RCC_Delay
                0x080026b4       0x2c build/stm32f1xx_hal_rcc.o
 .text.HAL_RCC_OscConfig
                0x080026e0      0x410 build/stm32f1xx_hal_rcc.o
                0x080026e0                HAL_RCC_OscConfig
 .text.HAL_RCC_GetSysClockFreq
                0x08002af0       0x54 build/stm32f1xx_hal_rcc.o
                0x08002af0                HAL_RCC_GetSysClockFreq
 .text.HAL_RCC_ClockConfig
                0x08002b44      0x16c build/stm32f1xx_hal_rcc.o
                0x08002b44                HAL_RCC_ClockConfig
 .text.HAL_RCC_GetHCLKFreq
                0x08002cb0        0xc build/stm32f1xx_hal_rcc.o
                0x08002cb0                HAL_RCC_GetHCLKFreq
 .text.HAL_RCC_GetPCLK1Freq
                0x08002cbc       0x20 build/stm32f1xx_hal_rcc.o
                0x08002cbc                HAL_RCC_GetPCLK1Freq
 .text.HAL_RCC_GetPCLK2Freq
                0x08002cdc       0x20 build/stm32f1xx_hal_rcc.o
                0x08002cdc                HAL_RCC_GetPCLK2Freq
 .text.HAL_RCC_GetClockConfig
                0x08002cfc       0x3c build/stm32f1xx_hal_rcc.o
                0x08002cfc                HAL_RCC_GetClockConfig
 .text.HAL_TIM_Base_MspInit
                0x08002d38        0x2 build/stm32f1xx_hal_tim.o
                0x08002d38                HAL_TIM_Base_MspInit
 *fill*         0x08002d3a        0x2 
 .text.HAL_TIM_Base_Start_IT
                0x08002d3c       0x68 build/stm32f1xx_hal_tim.o
                0x08002d3c                HAL_TIM_Base_Start_IT
 .text.HAL_TIM_OC_DelayElapsedCallback
                0x08002da4        0x2 build/stm32f1xx_hal_tim.o
                0x08002da4                HAL_TIM_OC_DelayElapsedCallback
 .text.HAL_TIM_IC_CaptureCallback
                0x08002da6        0x2 build/stm32f1xx_hal_tim.o
                0x08002da6                HAL_TIM_IC_CaptureCallback
 .text.HAL_TIM_PWM_PulseFinishedCallback
                0x08002da8        0x2 build/stm32f1xx_hal_tim.o
                0x08002da8                HAL_TIM_PWM_PulseFinishedCallback
 .text.HAL_TIM_TriggerCallback
                0x08002daa        0x2 build/stm32f1xx_hal_tim.o
                0x08002daa                HAL_TIM_TriggerCallback
 .text.HAL_TIM_IRQHandler
                0x08002dac      0x17a build/stm32f1xx_hal_tim.o
                0x08002dac                HAL_TIM_IRQHandler
 *fill*         0x08002f26        0x2 
 .text.TIM_Base_SetConfig
                0x08002f28       0x74 build/stm32f1xx_hal_tim.o
                0x08002f28                TIM_Base_SetConfig
 .text.HAL_TIM_Base_Init
                0x08002f9c       0x58 build/stm32f1xx_hal_tim.o
                0x08002f9c                HAL_TIM_Base_Init
 .text.HAL_TIMEx_CommutCallback
                0x08002ff4        0x2 build/stm32f1xx_hal_tim_ex.o
                0x08002ff4                HAL_TIMEx_CommutCallback
 .text.HAL_TIMEx_BreakCallback
                0x08002ff6        0x2 build/stm32f1xx_hal_tim_ex.o
                0x08002ff6                HAL_TIMEx_BreakCallback
 .text.UART_SetConfig
                0x08002ff8       0x94 build/stm32f1xx_hal_uart.o
 .text.UART_WaitOnFlagUntilTimeout
                0x0800308c       0x84 build/stm32f1xx_hal_uart.o
 .text.HAL_UART_Init
                0x08003110       0x60 build/stm32f1xx_hal_uart.o
                0x08003110                HAL_UART_Init
 .text.HAL_UART_Transmit
                0x08003170       0xbe build/stm32f1xx_hal_uart.o
                0x08003170                HAL_UART_Transmit
 *fill*         0x0800322e        0x2 
 .text.osKernelInitialize
                0x08003230       0x44 build/cmsis_os2.o
                0x08003230                osKernelInitialize
 .text.osKernelStart
                0x08003274       0x4c build/cmsis_os2.o
                0x08003274                osKernelStart
 .text.osThreadNew
                0x080032c0       0xec build/cmsis_os2.o
                0x080032c0                osThreadNew
 .text.osDelay  0x080033ac       0x44 build/cmsis_os2.o
                0x080033ac                osDelay
 .text.vApplicationGetIdleTaskMemory
                0x080033f0       0x18 build/cmsis_os2.o
                0x080033f0                vApplicationGetIdleTaskMemory
 .text.vApplicationGetTimerTaskMemory
                0x08003408       0x18 build/cmsis_os2.o
                0x08003408                vApplicationGetTimerTaskMemory
 .text.vListInitialise
                0x08003420       0x16 build/list.o
                0x08003420                vListInitialise
 .text.vListInitialiseItem
                0x08003436        0x6 build/list.o
                0x08003436                vListInitialiseItem
 .text.vListInsertEnd
                0x0800343c       0x16 build/list.o
                0x0800343c                vListInsertEnd
 .text.vListInsert
                0x08003452       0x32 build/list.o
                0x08003452                vListInsert
 .text.uxListRemove
                0x08003484       0x26 build/list.o
                0x08003484                uxListRemove
 *fill*         0x080034aa        0x2 
 .text.prvTaskExitError
                0x080034ac       0x40 build/port.o
 .text.prvPortStartFirstTask
                0x080034ec       0x20 build/port.o
 .text.pxPortInitialiseStack
                0x0800350c       0x24 build/port.o
                0x0800350c                pxPortInitialiseStack
 .text.SVC_Handler
                0x08003530       0x24 build/port.o
                0x08003530                SVC_Handler
 .text.vPortEnterCritical
                0x08003554       0x44 build/port.o
                0x08003554                vPortEnterCritical
 .text.vPortExitCritical
                0x08003598       0x2c build/port.o
                0x08003598                vPortExitCritical
 *fill*         0x080035c4        0xc 
 .text.PendSV_Handler
                0x080035d0       0x44 build/port.o
                0x080035d0                PendSV_Handler
 .text.SysTick_Handler
                0x08003614       0x2c build/port.o
                0x08003614                SysTick_Handler
 .text.vPortSetupTimerInterrupt
                0x08003640       0x28 build/port.o
                0x08003640                vPortSetupTimerInterrupt
 .text.xPortStartScheduler
                0x08003668       0xc0 build/port.o
                0x08003668                xPortStartScheduler
 .text.vPortValidateInterruptPriority
                0x08003728       0x5c build/port.o
                0x08003728                vPortValidateInterruptPriority
 .text.prvHeapInit
                0x08003784       0x64 build/heap_4.o
 .text.prvInsertBlockIntoFreeList
                0x080037e8       0x60 build/heap_4.o
 .text.pvPortMalloc
                0x08003848       0xf8 build/heap_4.o
                0x08003848                pvPortMalloc
 .text.vPortFree
                0x08003940       0x70 build/heap_4.o
                0x08003940                vPortFree
 .text.prvIsQueueFull
                0x080039b0       0x1e build/queue.o
 .text.prvIsQueueEmpty
                0x080039ce       0x1a build/queue.o
 .text.prvCopyDataToQueue
                0x080039e8       0x76 build/queue.o
 .text.prvCopyDataFromQueue
                0x08003a5e       0x24 build/queue.o
 .text.prvUnlockQueue
                0x08003a82       0x6e build/queue.o
 .text.xQueueGenericReset
                0x08003af0       0x84 build/queue.o
                0x08003af0                xQueueGenericReset
 .text.prvInitialiseNewQueue
                0x08003b74       0x22 build/queue.o
 .text.xQueueGenericCreateStatic
                0x08003b96       0x92 build/queue.o
                0x08003b96                xQueueGenericCreateStatic
 .text.xQueueGenericSend
                0x08003c28      0x188 build/queue.o
                0x08003c28                xQueueGenericSend
 .text.xQueueGenericSendFromISR
                0x08003db0       0xcc build/queue.o
                0x08003db0                xQueueGenericSendFromISR
 .text.xQueueReceive
                0x08003e7c      0x15e build/queue.o
                0x08003e7c                xQueueReceive
 *fill*         0x08003fda        0x2 
 .text.vQueueAddToRegistry
                0x08003fdc       0x28 build/queue.o
                0x08003fdc                vQueueAddToRegistry
 .text.vQueueWaitForMessageRestricted
                0x08004004       0x52 build/queue.o
                0x08004004                vQueueWaitForMessageRestricted
 *fill*         0x08004056        0x2 
 .text.prvResetNextTaskUnblockTime
                0x08004058       0x2c build/tasks.o
 .text.prvInitialiseNewTask
                0x08004084       0x9c build/tasks.o
 .text.prvInitialiseTaskLists
                0x08004120       0x68 build/tasks.o
 .text.prvAddNewTaskToReadyList
                0x08004188       0xac build/tasks.o
 .text.prvDeleteTCB
                0x08004234       0x38 build/tasks.o
 .text.prvCheckTasksWaitingTermination
                0x0800426c       0x4c build/tasks.o
 .text.prvIdleTask
                0x080042b8       0x28 build/tasks.o
 .text.prvAddCurrentTaskToDelayedList
                0x080042e0       0x7c build/tasks.o
 .text.xTaskCreateStatic
                0x0800435c       0x74 build/tasks.o
                0x0800435c                xTaskCreateStatic
 .text.xTaskCreate
                0x080043d0       0x64 build/tasks.o
                0x080043d0                xTaskCreate
 .text.vTaskStartScheduler
                0x08004434       0x9c build/tasks.o
                0x08004434                vTaskStartScheduler
 .text.vTaskSuspendAll
                0x080044d0       0x10 build/tasks.o
                0x080044d0                vTaskSuspendAll
 .text.xTaskGetTickCount
                0x080044e0        0xc build/tasks.o
                0x080044e0                xTaskGetTickCount
 .text.xTaskIncrementTick
                0x080044ec      0x118 build/tasks.o
                0x080044ec                xTaskIncrementTick
 .text.xTaskResumeAll
                0x08004604       0xf8 build/tasks.o
                0x08004604                xTaskResumeAll
 .text.vTaskDelay
                0x080046fc       0x4c build/tasks.o
                0x080046fc                vTaskDelay
 .text.vTaskSwitchContext
                0x08004748       0xc0 build/tasks.o
                0x08004748                vTaskSwitchContext
 .text.vTaskPlaceOnEventList
                0x08004808       0x30 build/tasks.o
                0x08004808                vTaskPlaceOnEventList
 .text.vTaskPlaceOnEventListRestricted
                0x08004838       0x38 build/tasks.o
                0x08004838                vTaskPlaceOnEventListRestricted
 .text.xTaskRemoveFromEventList
                0x08004870       0x8c build/tasks.o
                0x08004870                xTaskRemoveFromEventList
 .text.vTaskInternalSetTimeOutState
                0x080048fc       0x18 build/tasks.o
                0x080048fc                vTaskInternalSetTimeOutState
 .text.xTaskCheckForTimeOut
                0x08004914       0x84 build/tasks.o
                0x08004914                xTaskCheckForTimeOut
 .text.vTaskMissedYield
                0x08004998        0xc build/tasks.o
                0x08004998                vTaskMissedYield
 .text.xTaskGetSchedulerState
                0x080049a4       0x20 build/tasks.o
                0x080049a4                xTaskGetSchedulerState
 .text.xTaskPriorityDisinherit
                0x080049c4       0x90 build/tasks.o
                0x080049c4                xTaskPriorityDisinherit
 .text.prvGetNextExpireTime
                0x08004a54       0x20 build/timers.o
 .text.prvInsertTimerInActiveList
                0x08004a74       0x48 build/timers.o
 .text.prvCheckForValidListAndQueue
                0x08004abc       0x70 build/timers.o
 .text.xTimerCreateTimerTask
                0x08004b2c       0x64 build/timers.o
                0x08004b2c                xTimerCreateTimerTask
 .text.xTimerGenericCommand
                0x08004b90       0x6c build/timers.o
                0x08004b90                xTimerGenericCommand
 .text.prvSwitchTimerLists
                0x08004bfc       0x78 build/timers.o
 .text.prvSampleTimeNow
                0x08004c74       0x2c build/timers.o
 .text.prvProcessExpiredTimer
                0x08004ca0       0x60 build/timers.o
 .text.prvProcessTimerOrBlockTask
                0x08004d00       0x70 build/timers.o
 .text.prvProcessReceivedCommands
                0x08004d70       0xf8 build/timers.o
 .text.prvTimerTask
                0x08004e68       0x16 build/timers.o
 *fill*         0x08004e7e        0x2 
 .text.Reset_Handler
                0x08004e80       0x48 build/startup_stm32f103xb.o
                0x08004e80                Reset_Handler
 .text.Default_Handler
                0x08004ec8        0x2 build/startup_stm32f103xb.o
                0x08004ec8                RTC_Alarm_IRQHandler
                0x08004ec8                EXTI2_IRQHandler
                0x08004ec8                TIM1_CC_IRQHandler
                0x08004ec8                PVD_IRQHandler
                0x08004ec8                EXTI3_IRQHandler
                0x08004ec8                EXTI0_IRQHandler
                0x08004ec8                I2C2_EV_IRQHandler
                0x08004ec8                ADC1_2_IRQHandler
                0x08004ec8                SPI1_IRQHandler
                0x08004ec8                TAMPER_IRQHandler
                0x08004ec8                DMA1_Channel4_IRQHandler
                0x08004ec8                USART3_IRQHandler
                0x08004ec8                RTC_IRQHandler
                0x08004ec8                DMA1_Channel7_IRQHandler
                0x08004ec8                CAN1_RX1_IRQHandler
                0x08004ec8                I2C1_EV_IRQHandler
                0x08004ec8                DMA1_Channel6_IRQHandler
                0x08004ec8                TIM3_IRQHandler
                0x08004ec8                RCC_IRQHandler
                0x08004ec8                TIM1_TRG_COM_IRQHandler
                0x08004ec8                DMA1_Channel1_IRQHandler
                0x08004ec8                Default_Handler
                0x08004ec8                EXTI9_5_IRQHandler
                0x08004ec8                SPI2_IRQHandler
                0x08004ec8                DMA1_Channel5_IRQHandler
                0x08004ec8                EXTI4_IRQHandler
                0x08004ec8                USB_LP_CAN1_RX0_IRQHandler
                0x08004ec8                USB_HP_CAN1_TX_IRQHandler
                0x08004ec8                DMA1_Channel3_IRQHandler
                0x08004ec8                TIM1_UP_IRQHandler
                0x08004ec8                WWDG_IRQHandler
                0x08004ec8                TIM2_IRQHandler
                0x08004ec8                TIM1_BRK_IRQHandler
                0x08004ec8                EXTI1_IRQHandler
                0x08004ec8                USART2_IRQHandler
                0x08004ec8                I2C2_ER_IRQHandler
                0x08004ec8                DMA1_Channel2_IRQHandler
                0x08004ec8                CAN1_SCE_IRQHandler
                0x08004ec8                FLASH_IRQHandler
                0x08004ec8                USART1_IRQHandler
                0x08004ec8                I2C1_ER_IRQHandler
                0x08004ec8                USBWakeUp_IRQHandler
 *fill*         0x08004eca        0x2 
 .text.sprintf  0x08004ecc       0x40 C:/Users/vegmi/AppData/Roaming/Code/User/globalStorage/bmd.stm32-for-vscode/@xpack-dev-tools/arm-none-eabi-gcc/13.2.1-1.1.1/.content/bin/../lib/gcc/arm-none-eabi/13.2.1/../../../../arm-none-eabi/lib/thumb/v7-m/nofp\libc_nano.a(libc_a-sprintf.o)
                0x08004ecc                siprintf
                0x08004ecc                sprintf
 .text.memset   0x08004f0c       0x10 C:/Users/vegmi/AppData/Roaming/Code/User/globalStorage/bmd.stm32-for-vscode/@xpack-dev-tools/arm-none-eabi-gcc/13.2.1-1.1.1/.content/bin/../lib/gcc/arm-none-eabi/13.2.1/../../../../arm-none-eabi/lib/thumb/v7-m/nofp\libc_nano.a(libc_a-memset.o)
                0x08004f0c                memset
 .text.__libc_init_array
                0x08004f1c       0x48 C:/Users/vegmi/AppData/Roaming/Code/User/globalStorage/bmd.stm32-for-vscode/@xpack-dev-tools/arm-none-eabi-gcc/13.2.1-1.1.1/.content/bin/../lib/gcc/arm-none-eabi/13.2.1/../../../../arm-none-eabi/lib/thumb/v7-m/nofp\libc_nano.a(libc_a-init.o)
                0x08004f1c                __libc_init_array
 .text.__retarget_lock_acquire_recursive
                0x08004f64        0x2 C:/Users/vegmi/AppData/Roaming/Code/User/globalStorage/bmd.stm32-for-vscode/@xpack-dev-tools/arm-none-eabi-gcc/13.2.1-1.1.1/.content/bin/../lib/gcc/arm-none-eabi/13.2.1/../../../../arm-none-eabi/lib/thumb/v7-m/nofp\libc_nano.a(libc_a-lock.o)
                0x08004f64                __retarget_lock_acquire_recursive
 .text.__retarget_lock_release_recursive
                0x08004f66        0x2 C:/Users/vegmi/AppData/Roaming/Code/User/globalStorage/bmd.stm32-for-vscode/@xpack-dev-tools/arm-none-eabi-gcc/13.2.1-1.1.1/.content/bin/../lib/gcc/arm-none-eabi/13.2.1/../../../../arm-none-eabi/lib/thumb/v7-m/nofp\libc_nano.a(libc_a-lock.o)
                0x08004f66                __retarget_lock_release_recursive
 .text.memcpy   0x08004f68       0x1c C:/Users/vegmi/AppData/Roaming/Code/User/globalStorage/bmd.stm32-for-vscode/@xpack-dev-tools/arm-none-eabi-gcc/13.2.1-1.1.1/.content/bin/../lib/gcc/arm-none-eabi/13.2.1/../../../../arm-none-eabi/lib/thumb/v7-m/nofp\libc_nano.a(libc_a-memcpy-stub.o)
                0x08004f68                memcpy
 .text._free_r  0x08004f84       0x90 C:/Users/vegmi/AppData/Roaming/Code/User/globalStorage/bmd.stm32-for-vscode/@xpack-dev-tools/arm-none-eabi-gcc/13.2.1-1.1.1/.content/bin/../lib/gcc/arm-none-eabi/13.2.1/../../../../arm-none-eabi/lib/thumb/v7-m/nofp\libc_nano.a(libc_a-freer.o)
                0x08004f84                _free_r
 .text.sbrk_aligned
                0x08005014       0x44 C:/Users/vegmi/AppData/Roaming/Code/User/globalStorage/bmd.stm32-for-vscode/@xpack-dev-tools/arm-none-eabi-gcc/13.2.1-1.1.1/.content/bin/../lib/gcc/arm-none-eabi/13.2.1/../../../../arm-none-eabi/lib/thumb/v7-m/nofp\libc_nano.a(libc_a-mallocr.o)
 .text._malloc_r
                0x08005058      0x100 C:/Users/vegmi/AppData/Roaming/Code/User/globalStorage/bmd.stm32-for-vscode/@xpack-dev-tools/arm-none-eabi-gcc/13.2.1-1.1.1/.content/bin/../lib/gcc/arm-none-eabi/13.2.1/../../../../arm-none-eabi/lib/thumb/v7-m/nofp\libc_nano.a(libc_a-mallocr.o)
                0x08005058                _malloc_r
 .text.__malloc_lock
                0x08005158        0xc C:/Users/vegmi/AppData/Roaming/Code/User/globalStorage/bmd.stm32-for-vscode/@xpack-dev-tools/arm-none-eabi-gcc/13.2.1-1.1.1/.content/bin/../lib/gcc/arm-none-eabi/13.2.1/../../../../arm-none-eabi/lib/thumb/v7-m/nofp\libc_nano.a(libc_a-mlock.o)
                0x08005158                __malloc_lock
 .text.__malloc_unlock
                0x08005164        0xc C:/Users/vegmi/AppData/Roaming/Code/User/globalStorage/bmd.stm32-for-vscode/@xpack-dev-tools/arm-none-eabi-gcc/13.2.1-1.1.1/.content/bin/../lib/gcc/arm-none-eabi/13.2.1/../../../../arm-none-eabi/lib/thumb/v7-m/nofp\libc_nano.a(libc_a-mlock.o)
                0x08005164                __malloc_unlock
 .text.__ssputs_r
                0x08005170       0xb6 C:/Users/vegmi/AppData/Roaming/Code/User/globalStorage/bmd.stm32-for-vscode/@xpack-dev-tools/arm-none-eabi-gcc/13.2.1-1.1.1/.content/bin/../lib/gcc/arm-none-eabi/13.2.1/../../../../arm-none-eabi/lib/thumb/v7-m/nofp\libc_nano.a(libc_a-nano-svfprintf.o)
                0x08005170                __ssputs_r
 *fill*         0x08005226        0x2 
 .text._svfprintf_r
                0x08005228      0x1f8 C:/Users/vegmi/AppData/Roaming/Code/User/globalStorage/bmd.stm32-for-vscode/@xpack-dev-tools/arm-none-eabi-gcc/13.2.1-1.1.1/.content/bin/../lib/gcc/arm-none-eabi/13.2.1/../../../../arm-none-eabi/lib/thumb/v7-m/nofp\libc_nano.a(libc_a-nano-svfprintf.o)
                0x08005228                _svfiprintf_r
                0x08005228                _svfprintf_r
 .text._printf_common
                0x08005420       0xe4 C:/Users/vegmi/AppData/Roaming/Code/User/globalStorage/bmd.stm32-for-vscode/@xpack-dev-tools/arm-none-eabi-gcc/13.2.1-1.1.1/.content/bin/../lib/gcc/arm-none-eabi/13.2.1/../../../../arm-none-eabi/lib/thumb/v7-m/nofp\libc_nano.a(libc_a-nano-vfprintf_i.o)
                0x08005420                _printf_common
 .text._printf_i
                0x08005504      0x23c C:/Users/vegmi/AppData/Roaming/Code/User/globalStorage/bmd.stm32-for-vscode/@xpack-dev-tools/arm-none-eabi-gcc/13.2.1-1.1.1/.content/bin/../lib/gcc/arm-none-eabi/13.2.1/../../../../arm-none-eabi/lib/thumb/v7-m/nofp\libc_nano.a(libc_a-nano-vfprintf_i.o)
                0x08005504                _printf_i
 .text.memmove  0x08005740       0x34 C:/Users/vegmi/AppData/Roaming/Code/User/globalStorage/bmd.stm32-for-vscode/@xpack-dev-tools/arm-none-eabi-gcc/13.2.1-1.1.1/.content/bin/../lib/gcc/arm-none-eabi/13.2.1/../../../../arm-none-eabi/lib/thumb/v7-m/nofp\libc_nano.a(libc_a-memmove.o)
                0x08005740                memmove
 .text._sbrk_r  0x08005774       0x20 C:/Users/vegmi/AppData/Roaming/Code/User/globalStorage/bmd.stm32-for-vscode/@xpack-dev-tools/arm-none-eabi-gcc/13.2.1-1.1.1/.content/bin/../lib/gcc/arm-none-eabi/13.2.1/../../../../arm-none-eabi/lib/thumb/v7-m/nofp\libc_nano.a(libc_a-sbrkr.o)
                0x08005774                _sbrk_r
 .text.memchr   0x08005794       0x1c C:/Users/vegmi/AppData/Roaming/Code/User/globalStorage/bmd.stm32-for-vscode/@xpack-dev-tools/arm-none-eabi-gcc/13.2.1-1.1.1/.content/bin/../lib/gcc/arm-none-eabi/13.2.1/../../../../arm-none-eabi/lib/thumb/v7-m/nofp\libc_nano.a(libc_a-memchr-stub.o)
                0x08005794                memchr
 .text._realloc_r
                0x080057b0       0x5c C:/Users/vegmi/AppData/Roaming/Code/User/globalStorage/bmd.stm32-for-vscode/@xpack-dev-tools/arm-none-eabi-gcc/13.2.1-1.1.1/.content/bin/../lib/gcc/arm-none-eabi/13.2.1/../../../../arm-none-eabi/lib/thumb/v7-m/nofp\libc_nano.a(libc_a-reallocr.o)
                0x080057b0                _realloc_r
 .text._malloc_usable_size_r
                0x0800580c       0x10 C:/Users/vegmi/AppData/Roaming/Code/User/globalStorage/bmd.stm32-for-vscode/@xpack-dev-tools/arm-none-eabi-gcc/13.2.1-1.1.1/.content/bin/../lib/gcc/arm-none-eabi/13.2.1/../../../../arm-none-eabi/lib/thumb/v7-m/nofp\libc_nano.a(libc_a-msizer.o)
                0x0800580c                _malloc_usable_size_r
 .text.sqrt     0x0800581c       0x50 C:/Users/vegmi/AppData/Roaming/Code/User/globalStorage/bmd.stm32-for-vscode/@xpack-dev-tools/arm-none-eabi-gcc/13.2.1-1.1.1/.content/bin/../lib/gcc/arm-none-eabi/13.2.1/../../../../arm-none-eabi/lib/thumb/v7-m/nofp\libm.a(libm_a-w_sqrt.o)
                0x0800581c                sqrt
 .text.__ieee754_sqrt
                0x0800586c      0x1dc C:/Users/vegmi/AppData/Roaming/Code/User/globalStorage/bmd.stm32-for-vscode/@xpack-dev-tools/arm-none-eabi-gcc/13.2.1-1.1.1/.content/bin/../lib/gcc/arm-none-eabi/13.2.1/../../../../arm-none-eabi/lib/thumb/v7-m/nofp\libm.a(libm_a-e_sqrt.o)
                0x0800586c                __ieee754_sqrt
 .text._sbrk    0x08005a48       0x1c C:/Users/vegmi/AppData/Roaming/Code/User/globalStorage/bmd.stm32-for-vscode/@xpack-dev-tools/arm-none-eabi-gcc/13.2.1-1.1.1/.content/bin/../lib/gcc/arm-none-eabi/13.2.1/../../../../arm-none-eabi/lib/thumb/v7-m/nofp\libnosys.a(sbrk.o)
                0x08005a48                _sbrk
 .text.__errno  0x08005a64        0xc C:/Users/vegmi/AppData/Roaming/Code/User/globalStorage/bmd.stm32-for-vscode/@xpack-dev-tools/arm-none-eabi-gcc/13.2.1-1.1.1/.content/bin/../lib/gcc/arm-none-eabi/13.2.1/../../../../arm-none-eabi/lib/thumb/v7-m/nofp\libc_nano.a(libc_a-errno.o)
                0x08005a64                __errno
 *(.glue_7)
 .glue_7        0x08005a70        0x0 linker stubs
 *(.glue_7t)
 .glue_7t       0x08005a70        0x0 linker stubs
 *(.eh_frame)
 .eh_frame      0x08005a70        0x0 C:/Users/vegmi/AppData/Roaming/Code/User/globalStorage/bmd.stm32-for-vscode/@xpack-dev-tools/arm-none-eabi-gcc/13.2.1-1.1.1/.content/bin/../lib/gcc/arm-none-eabi/13.2.1/thumb/v7-m/nofp/crtbegin.o
 *(.init)
 .init          0x08005a70        0x4 C:/Users/vegmi/AppData/Roaming/Code/User/globalStorage/bmd.stm32-for-vscode/@xpack-dev-tools/arm-none-eabi-gcc/13.2.1-1.1.1/.content/bin/../lib/gcc/arm-none-eabi/13.2.1/thumb/v7-m/nofp/crti.o
                0x08005a70                _init
 .init          0x08005a74        0x8 C:/Users/vegmi/AppData/Roaming/Code/User/globalStorage/bmd.stm32-for-vscode/@xpack-dev-tools/arm-none-eabi-gcc/13.2.1-1.1.1/.content/bin/../lib/gcc/arm-none-eabi/13.2.1/thumb/v7-m/nofp/crtn.o
 *(.fini)
 .fini          0x08005a7c        0x4 C:/Users/vegmi/AppData/Roaming/Code/User/globalStorage/bmd.stm32-for-vscode/@xpack-dev-tools/arm-none-eabi-gcc/13.2.1-1.1.1/.content/bin/../lib/gcc/arm-none-eabi/13.2.1/thumb/v7-m/nofp/crti.o
                0x08005a7c                _fini
 .fini          0x08005a80        0x8 C:/Users/vegmi/AppData/Roaming/Code/User/globalStorage/bmd.stm32-for-vscode/@xpack-dev-tools/arm-none-eabi-gcc/13.2.1-1.1.1/.content/bin/../lib/gcc/arm-none-eabi/13.2.1/thumb/v7-m/nofp/crtn.o
                0x08005a88                        . = ALIGN (0x4)
                0x08005a88                        _etext = .

.vfp11_veneer   0x08005a88        0x0
 .vfp11_veneer  0x08005a88        0x0 linker stubs

.v4_bx          0x08005a88        0x0
 .v4_bx         0x08005a88        0x0 linker stubs

.iplt           0x08005a88        0x0
 .iplt          0x08005a88        0x0 C:/Users/vegmi/AppData/Roaming/Code/User/globalStorage/bmd.stm32-for-vscode/@xpack-dev-tools/arm-none-eabi-gcc/13.2.1-1.1.1/.content/bin/../lib/gcc/arm-none-eabi/13.2.1/thumb/v7-m/nofp/crtbegin.o

.rodata         0x08005a88      0x188
                0x08005a88                        . = ALIGN (0x4)
 *(.rodata)
 *(.rodata*)
 .rodata.LSM6DSO_CTRL2_G_DATA
                0x08005a88        0x1 build/lsm6dso_gyroscope.o
                0x08005a88                LSM6DSO_CTRL2_G_DATA
 *fill*         0x08005a89        0x3 
 .rodata.data_presentation_thread.str1.4
                0x08005a8c       0x84 build/main.o
                                 0x3b (size before relaxing)
 .rodata.str1.4
                0x08005b10       0x30 build/main.o
 .rodata.myTask04_attributes
                0x08005b10       0x24 build/main.o
                0x08005b10                myTask04_attributes
 .rodata.GyroRead_attributes
                0x08005b34       0x24 build/main.o
                0x08005b34                GyroRead_attributes
 .rodata.TempRead_attributes
                0x08005b58       0x24 build/main.o
                0x08005b58                TempRead_attributes
 .rodata.PresentData_attributes
                0x08005b7c       0x24 build/main.o
                0x08005b7c                PresentData_attributes
 .rodata.APBPrescTable
                0x08005ba0        0x8 build/system_stm32f1xx.o
                0x08005ba0                APBPrescTable
 .rodata.AHBPrescTable
                0x08005ba8       0x10 build/system_stm32f1xx.o
                0x08005ba8                AHBPrescTable
 .rodata.aPredivFactorTable.0
                0x08005bb8        0x2 build/stm32f1xx_hal_rcc.o
 *fill*         0x08005bba        0x2 
 .rodata.aPLLMULFactorTable.1
                0x08005bbc       0x10 build/stm32f1xx_hal_rcc.o
 .rodata.vTaskStartScheduler.str1.4
                0x08005bcc        0x5 build/tasks.o
 .rodata.prvCheckForValidListAndQueue.str1.4
                0x08005bcc        0x5 build/timers.o
 .rodata.xTimerCreateTimerTask.str1.4
                0x08005bcc        0x8 build/timers.o
 .rodata._svfprintf_r.str1.1
                0x08005bcc       0x33 C:/Users/vegmi/AppData/Roaming/Code/User/globalStorage/bmd.stm32-for-vscode/@xpack-dev-tools/arm-none-eabi-gcc/13.2.1-1.1.1/.content/bin/../lib/gcc/arm-none-eabi/13.2.1/../../../../arm-none-eabi/lib/thumb/v7-m/nofp\libc_nano.a(libc_a-nano-svfprintf.o)
                                 0x11 (size before relaxing)
 .rodata._printf_i.str1.1
                0x08005bff       0x22 C:/Users/vegmi/AppData/Roaming/Code/User/globalStorage/bmd.stm32-for-vscode/@xpack-dev-tools/arm-none-eabi-gcc/13.2.1-1.1.1/.content/bin/../lib/gcc/arm-none-eabi/13.2.1/../../../../arm-none-eabi/lib/thumb/v7-m/nofp\libc_nano.a(libc_a-nano-vfprintf_i.o)
 *fill*         0x08005bff        0x1 
 .rodata.tiny   0x08005c00        0x8 C:/Users/vegmi/AppData/Roaming/Code/User/globalStorage/bmd.stm32-for-vscode/@xpack-dev-tools/arm-none-eabi-gcc/13.2.1-1.1.1/.content/bin/../lib/gcc/arm-none-eabi/13.2.1/../../../../arm-none-eabi/lib/thumb/v7-m/nofp\libm.a(libm_a-e_sqrt.o)
 .rodata.one    0x08005c08        0x8 C:/Users/vegmi/AppData/Roaming/Code/User/globalStorage/bmd.stm32-for-vscode/@xpack-dev-tools/arm-none-eabi-gcc/13.2.1-1.1.1/.content/bin/../lib/gcc/arm-none-eabi/13.2.1/../../../../arm-none-eabi/lib/thumb/v7-m/nofp\libm.a(libm_a-e_sqrt.o)
                0x08005c10                        . = ALIGN (0x4)

.ARM.extab
 *(.ARM.extab* .gnu.linkonce.armextab.*)

.ARM            0x08005c10        0x8
                0x08005c10                        __exidx_start = .
 *(.ARM.exidx*)
 .ARM.exidx     0x08005c10        0x8 C:/Users/vegmi/AppData/Roaming/Code/User/globalStorage/bmd.stm32-for-vscode/@xpack-dev-tools/arm-none-eabi-gcc/13.2.1-1.1.1/.content/bin/../lib/gcc/arm-none-eabi/13.2.1/../../../../arm-none-eabi/lib/thumb/v7-m/nofp\libc_nano.a(libc_a-strlen.o)
                0x08005c18                        __exidx_end = .

.rel.dyn        0x08005c18        0x0
 .rel.iplt      0x08005c18        0x0 C:/Users/vegmi/AppData/Roaming/Code/User/globalStorage/bmd.stm32-for-vscode/@xpack-dev-tools/arm-none-eabi-gcc/13.2.1-1.1.1/.content/bin/../lib/gcc/arm-none-eabi/13.2.1/thumb/v7-m/nofp/crtbegin.o

.preinit_array  0x08005c18        0x0
                0x08005c18                        PROVIDE (__preinit_array_start = .)
 *(.preinit_array*)
                0x08005c18                        PROVIDE (__preinit_array_end = .)

.init_array     0x08005c18        0x4
                0x08005c18                        PROVIDE (__init_array_start = .)
 *(SORT_BY_NAME(.init_array.*))
 *(.init_array*)
 .init_array    0x08005c18        0x4 C:/Users/vegmi/AppData/Roaming/Code/User/globalStorage/bmd.stm32-for-vscode/@xpack-dev-tools/arm-none-eabi-gcc/13.2.1-1.1.1/.content/bin/../lib/gcc/arm-none-eabi/13.2.1/thumb/v7-m/nofp/crtbegin.o
                0x08005c1c                        PROVIDE (__init_array_end = .)

.fini_array     0x08005c1c        0x4
                0x08005c1c                        PROVIDE (__fini_array_start = .)
 *(SORT_BY_NAME(.fini_array.*))
 *(.fini_array*)
 .fini_array    0x08005c1c        0x4 C:/Users/vegmi/AppData/Roaming/Code/User/globalStorage/bmd.stm32-for-vscode/@xpack-dev-tools/arm-none-eabi-gcc/13.2.1-1.1.1/.content/bin/../lib/gcc/arm-none-eabi/13.2.1/thumb/v7-m/nofp/crtbegin.o
                0x08005c20                        PROVIDE (__fini_array_end = .)
                0x08005c20                        _sidata = LOADADDR (.data)

.data           0x20000000       0x64 load address 0x08005c20
                0x20000000                        . = ALIGN (0x4)
                0x20000000                        _sdata = .
 *(.data)
 *(.data*)
 .data.LSM6DSO_CTRL1XL_DATA
                0x20000000        0x1 build/lsm6dso_accelerometer.o
                0x20000000                LSM6DSO_CTRL1XL_DATA
 *fill*         0x20000001        0x3 
 .data.SystemCoreClock
                0x20000004        0x4 build/system_stm32f1xx.o
                0x20000004                SystemCoreClock
 .data.uwTickFreq
                0x20000008        0x1 build/stm32f1xx_hal.o
                0x20000008                uwTickFreq
 *fill*         0x20000009        0x3 
 .data.uwTickPrio
                0x2000000c        0x4 build/stm32f1xx_hal.o
                0x2000000c                uwTickPrio
 .data.uxCriticalNesting
                0x20000010        0x4 build/port.o
 .data._impure_ptr
                0x20000014        0x4 C:/Users/vegmi/AppData/Roaming/Code/User/globalStorage/bmd.stm32-for-vscode/@xpack-dev-tools/arm-none-eabi-gcc/13.2.1-1.1.1/.content/bin/../lib/gcc/arm-none-eabi/13.2.1/../../../../arm-none-eabi/lib/thumb/v7-m/nofp\libc_nano.a(libc_a-impure.o)
                0x20000014                _impure_ptr
 .data._impure_data
                0x20000018       0x4c C:/Users/vegmi/AppData/Roaming/Code/User/globalStorage/bmd.stm32-for-vscode/@xpack-dev-tools/arm-none-eabi-gcc/13.2.1-1.1.1/.content/bin/../lib/gcc/arm-none-eabi/13.2.1/../../../../arm-none-eabi/lib/thumb/v7-m/nofp\libc_nano.a(libc_a-impure.o)
                0x20000018                _impure_data
                0x20000064                        . = ALIGN (0x4)
                0x20000064                        _edata = .

.igot.plt       0x20000064        0x0 load address 0x08005c84
 .igot.plt      0x20000064        0x0 C:/Users/vegmi/AppData/Roaming/Code/User/globalStorage/bmd.stm32-for-vscode/@xpack-dev-tools/arm-none-eabi-gcc/13.2.1-1.1.1/.content/bin/../lib/gcc/arm-none-eabi/13.2.1/thumb/v7-m/nofp/crtbegin.o
                0x20000064                        . = ALIGN (0x4)

.bss            0x20000064     0x1bcc load address 0x08005c84
                0x20000064                        _sbss = .
                0x20000064                        __bss_start__ = _sbss
 *(.bss)
 *(.bss*)
 .bss.completed.1
                0x20000064        0x1 C:/Users/vegmi/AppData/Roaming/Code/User/globalStorage/bmd.stm32-for-vscode/@xpack-dev-tools/arm-none-eabi-gcc/13.2.1-1.1.1/.content/bin/../lib/gcc/arm-none-eabi/13.2.1/thumb/v7-m/nofp/crtbegin.o
 *fill*         0x20000065        0x3 
 .bss.object.0  0x20000068       0x18 C:/Users/vegmi/AppData/Roaming/Code/User/globalStorage/bmd.stm32-for-vscode/@xpack-dev-tools/arm-none-eabi-gcc/13.2.1-1.1.1/.content/bin/../lib/gcc/arm-none-eabi/13.2.1/thumb/v7-m/nofp/crtbegin.o
 .bss.accZ_offset
                0x20000080        0x4 build/lsm6dso_accelerometer.o
                0x20000080                accZ_offset
 .bss.accY_offset
                0x20000084        0x4 build/lsm6dso_accelerometer.o
                0x20000084                accY_offset
 .bss.accX_offset
                0x20000088        0x4 build/lsm6dso_accelerometer.o
                0x20000088                accX_offset
 .bss.myTask04Handle
                0x2000008c        0x4 build/main.o
                0x2000008c                myTask04Handle
 .bss.GyroReadHandle
                0x20000090        0x4 build/main.o
                0x20000090                GyroReadHandle
 .bss.TempReadHandle
                0x20000094        0x4 build/main.o
                0x20000094                TempReadHandle
 .bss.PresentDataHandle
                0x20000098        0x4 build/main.o
                0x20000098                PresentDataHandle
 .bss.huart2    0x2000009c       0x48 build/main.o
                0x2000009c                huart2
 .bss.hi2c1     0x200000e4       0x54 build/main.o
                0x200000e4                hi2c1
 .bss.htim4     0x20000138       0x48 build/stm32f1xx_hal_timebase_tim.o
                0x20000138                htim4
 .bss.uwTick    0x20000180        0x4 build/stm32f1xx_hal.o
                0x20000180                uwTick
 .bss.Timer_Stack
                0x20000184      0x400 build/cmsis_os2.o
 .bss.Timer_TCB
                0x20000584       0x64 build/cmsis_os2.o
 .bss.Idle_Stack
                0x200005e8      0x200 build/cmsis_os2.o
 .bss.Idle_TCB  0x200007e8       0x64 build/cmsis_os2.o
 .bss.KernelState
                0x2000084c        0x4 build/cmsis_os2.o
 .bss.ulMaxPRIGROUPValue
                0x20000850        0x4 build/port.o
 .bss.ucMaxSysCallPriority
                0x20000854        0x1 build/port.o
 *fill*         0x20000855        0x3 
 .bss.xBlockAllocatedBit
                0x20000858        0x4 build/heap_4.o
 .bss.xMinimumEverFreeBytesRemaining
                0x2000085c        0x4 build/heap_4.o
 .bss.xFreeBytesRemaining
                0x20000860        0x4 build/heap_4.o
 .bss.pxEnd     0x20000864        0x4 build/heap_4.o
 .bss.xStart    0x20000868        0x8 build/heap_4.o
 .bss.ucHeap    0x20000870      0xc00 build/heap_4.o
 .bss.xQueueRegistry
                0x20001470       0x40 build/queue.o
                0x20001470                xQueueRegistry
 .bss.ulTotalRunTime
                0x200014b0        0x4 build/tasks.o
 .bss.ulTaskSwitchedInTime
                0x200014b4        0x4 build/tasks.o
 .bss.uxSchedulerSuspended
                0x200014b8        0x4 build/tasks.o
 .bss.xIdleTaskHandle
                0x200014bc        0x4 build/tasks.o
 .bss.xNextTaskUnblockTime
                0x200014c0        0x4 build/tasks.o
 .bss.uxTaskNumber
                0x200014c4        0x4 build/tasks.o
 .bss.xNumOfOverflows
                0x200014c8        0x4 build/tasks.o
 .bss.xYieldPending
                0x200014cc        0x4 build/tasks.o
 .bss.uxPendedTicks
                0x200014d0        0x4 build/tasks.o
 .bss.xSchedulerRunning
                0x200014d4        0x4 build/tasks.o
 .bss.uxTopReadyPriority
                0x200014d8        0x4 build/tasks.o
 .bss.xTickCount
                0x200014dc        0x4 build/tasks.o
 .bss.uxCurrentNumberOfTasks
                0x200014e0        0x4 build/tasks.o
 .bss.xSuspendedTaskList
                0x200014e4       0x14 build/tasks.o
 .bss.uxDeletedTasksWaitingCleanUp
                0x200014f8        0x4 build/tasks.o
 .bss.xTasksWaitingTermination
                0x200014fc       0x14 build/tasks.o
 .bss.xPendingReadyList
                0x20001510       0x14 build/tasks.o
 .bss.pxOverflowDelayedTaskList
                0x20001524        0x4 build/tasks.o
 .bss.pxDelayedTaskList
                0x20001528        0x4 build/tasks.o
 .bss.xDelayedTaskList2
                0x2000152c       0x14 build/tasks.o
 .bss.xDelayedTaskList1
                0x20001540       0x14 build/tasks.o
 .bss.pxReadyTasksLists
                0x20001554      0x460 build/tasks.o
 .bss.pxCurrentTCB
                0x200019b4        0x4 build/tasks.o
                0x200019b4                pxCurrentTCB
 .bss.xStaticTimerQueue.0
                0x200019b8       0x50 build/timers.o
 .bss.ucStaticTimerQueueStorage.1
                0x20001a08       0xa0 build/timers.o
 .bss.xLastTime.2
                0x20001aa8        0x4 build/timers.o
 .bss.xTimerTaskHandle
                0x20001aac        0x4 build/timers.o
 .bss.xTimerQueue
                0x20001ab0        0x4 build/timers.o
 .bss.pxOverflowTimerList
                0x20001ab4        0x4 build/timers.o
 .bss.pxCurrentTimerList
                0x20001ab8        0x4 build/timers.o
 .bss.xActiveTimerList2
                0x20001abc       0x14 build/timers.o
 .bss.xActiveTimerList1
                0x20001ad0       0x14 build/timers.o
 .bss.__sf      0x20001ae4      0x138 C:/Users/vegmi/AppData/Roaming/Code/User/globalStorage/bmd.stm32-for-vscode/@xpack-dev-tools/arm-none-eabi-gcc/13.2.1-1.1.1/.content/bin/../lib/gcc/arm-none-eabi/13.2.1/../../../../arm-none-eabi/lib/thumb/v7-m/nofp\libc_nano.a(libc_a-findfp.o)
                0x20001ae4                __sf
 .bss.errno     0x20001c1c        0x4 C:/Users/vegmi/AppData/Roaming/Code/User/globalStorage/bmd.stm32-for-vscode/@xpack-dev-tools/arm-none-eabi-gcc/13.2.1-1.1.1/.content/bin/../lib/gcc/arm-none-eabi/13.2.1/../../../../arm-none-eabi/lib/thumb/v7-m/nofp\libc_nano.a(libc_a-reent.o)
                0x20001c1c                errno
 .bss.__lock___malloc_recursive_mutex
                0x20001c20        0x1 C:/Users/vegmi/AppData/Roaming/Code/User/globalStorage/bmd.stm32-for-vscode/@xpack-dev-tools/arm-none-eabi-gcc/13.2.1-1.1.1/.content/bin/../lib/gcc/arm-none-eabi/13.2.1/../../../../arm-none-eabi/lib/thumb/v7-m/nofp\libc_nano.a(libc_a-lock.o)
                0x20001c20                __lock___malloc_recursive_mutex
 *fill*         0x20001c21        0x3 
 .bss.__malloc_sbrk_start
                0x20001c24        0x4 C:/Users/vegmi/AppData/Roaming/Code/User/globalStorage/bmd.stm32-for-vscode/@xpack-dev-tools/arm-none-eabi-gcc/13.2.1-1.1.1/.content/bin/../lib/gcc/arm-none-eabi/13.2.1/../../../../arm-none-eabi/lib/thumb/v7-m/nofp\libc_nano.a(libc_a-mallocr.o)
                0x20001c24                __malloc_sbrk_start
 .bss.__malloc_free_list
                0x20001c28        0x4 C:/Users/vegmi/AppData/Roaming/Code/User/globalStorage/bmd.stm32-for-vscode/@xpack-dev-tools/arm-none-eabi-gcc/13.2.1-1.1.1/.content/bin/../lib/gcc/arm-none-eabi/13.2.1/../../../../arm-none-eabi/lib/thumb/v7-m/nofp\libc_nano.a(libc_a-mallocr.o)
                0x20001c28                __malloc_free_list
 .bss.heap_end.0
                0x20001c2c        0x4 C:/Users/vegmi/AppData/Roaming/Code/User/globalStorage/bmd.stm32-for-vscode/@xpack-dev-tools/arm-none-eabi-gcc/13.2.1-1.1.1/.content/bin/../lib/gcc/arm-none-eabi/13.2.1/../../../../arm-none-eabi/lib/thumb/v7-m/nofp\libnosys.a(sbrk.o)
 *(COMMON)
                0x20001c30                        . = ALIGN (0x4)
                0x20001c30                        _ebss = .
                0x20001c30                        __bss_end__ = _ebss

._user_heap_stack
                0x20001c30      0x600 load address 0x08005c84
                0x20001c30                        . = ALIGN (0x8)
                0x20001c30                        PROVIDE (end = .)
                [!provide]                        PROVIDE (_end = .)
                0x20001e30                        . = (. + _Min_Heap_Size)
 *fill*         0x20001c30      0x200 
                0x20002230                        . = (. + _Min_Stack_Size)
 *fill*         0x20001e30      0x400 
                0x20002230                        . = ALIGN (0x8)

/DISCARD/
 libc.a(*)
 libm.a(*)
 libgcc.a(*)

.ARM.attributes
                0x00000000       0x29
 *(.ARM.attributes)
 .ARM.attributes
                0x00000000       0x1d C:/Users/vegmi/AppData/Roaming/Code/User/globalStorage/bmd.stm32-for-vscode/@xpack-dev-tools/arm-none-eabi-gcc/13.2.1-1.1.1/.content/bin/../lib/gcc/arm-none-eabi/13.2.1/thumb/v7-m/nofp/crti.o
 .ARM.attributes
                0x0000001d       0x2d C:/Users/vegmi/AppData/Roaming/Code/User/globalStorage/bmd.stm32-for-vscode/@xpack-dev-tools/arm-none-eabi-gcc/13.2.1-1.1.1/.content/bin/../lib/gcc/arm-none-eabi/13.2.1/thumb/v7-m/nofp/crtbegin.o
 .ARM.attributes
                0x0000004a       0x2d build/freertos.o
 .ARM.attributes
                0x00000077       0x2d build/lsm6dso_accelerometer.o
 .ARM.attributes
                0x000000a4       0x2d build/lsm6dso_gyroscope.o
 .ARM.attributes
                0x000000d1       0x2d build/main.o
 .ARM.attributes
                0x000000fe       0x2d build/stm32f1xx_hal_msp.o
 .ARM.attributes
                0x0000012b       0x2d build/stm32f1xx_hal_timebase_tim.o
 .ARM.attributes
                0x00000158       0x2d build/stm32f1xx_it.o
 .ARM.attributes
                0x00000185       0x2d build/stts751_temperature_sensor.o
 .ARM.attributes
                0x000001b2       0x2d build/system_stm32f1xx.o
 .ARM.attributes
                0x000001df       0x2d build/stm32f1xx_hal.o
 .ARM.attributes
                0x0000020c       0x2d build/stm32f1xx_hal_cortex.o
 .ARM.attributes
                0x00000239       0x2d build/stm32f1xx_hal_gpio.o
 .ARM.attributes
                0x00000266       0x2d build/stm32f1xx_hal_i2c.o
 .ARM.attributes
                0x00000293       0x2d build/stm32f1xx_hal_rcc.o
 .ARM.attributes
                0x000002c0       0x2d build/stm32f1xx_hal_tim.o
 .ARM.attributes
                0x000002ed       0x2d build/stm32f1xx_hal_tim_ex.o
 .ARM.attributes
                0x0000031a       0x2d build/stm32f1xx_hal_uart.o
 .ARM.attributes
                0x00000347       0x2d build/cmsis_os2.o
 .ARM.attributes
                0x00000374       0x2d build/list.o
 .ARM.attributes
                0x000003a1       0x2d build/port.o
 .ARM.attributes
                0x000003ce       0x2d build/heap_4.o
 .ARM.attributes
                0x000003fb       0x2d build/queue.o
 .ARM.attributes
                0x00000428       0x2d build/tasks.o
 .ARM.attributes
                0x00000455       0x2d build/timers.o
 .ARM.attributes
                0x00000482       0x21 build/startup_stm32f103xb.o
 .ARM.attributes
                0x000004a3       0x2d C:/Users/vegmi/AppData/Roaming/Code/User/globalStorage/bmd.stm32-for-vscode/@xpack-dev-tools/arm-none-eabi-gcc/13.2.1-1.1.1/.content/bin/../lib/gcc/arm-none-eabi/13.2.1/../../../../arm-none-eabi/lib/thumb/v7-m/nofp\libc_nano.a(libc_a-findfp.o)
 .ARM.attributes
                0x000004d0       0x2d C:/Users/vegmi/AppData/Roaming/Code/User/globalStorage/bmd.stm32-for-vscode/@xpack-dev-tools/arm-none-eabi-gcc/13.2.1-1.1.1/.content/bin/../lib/gcc/arm-none-eabi/13.2.1/../../../../arm-none-eabi/lib/thumb/v7-m/nofp\libc_nano.a(libc_a-sprintf.o)
 .ARM.attributes
                0x000004fd       0x2d C:/Users/vegmi/AppData/Roaming/Code/User/globalStorage/bmd.stm32-for-vscode/@xpack-dev-tools/arm-none-eabi-gcc/13.2.1-1.1.1/.content/bin/../lib/gcc/arm-none-eabi/13.2.1/../../../../arm-none-eabi/lib/thumb/v7-m/nofp\libc_nano.a(libc_a-memset.o)
 .ARM.attributes
                0x0000052a       0x2d C:/Users/vegmi/AppData/Roaming/Code/User/globalStorage/bmd.stm32-for-vscode/@xpack-dev-tools/arm-none-eabi-gcc/13.2.1-1.1.1/.content/bin/../lib/gcc/arm-none-eabi/13.2.1/../../../../arm-none-eabi/lib/thumb/v7-m/nofp\libc_nano.a(libc_a-reent.o)
 .ARM.attributes
                0x00000557       0x2d C:/Users/vegmi/AppData/Roaming/Code/User/globalStorage/bmd.stm32-for-vscode/@xpack-dev-tools/arm-none-eabi-gcc/13.2.1-1.1.1/.content/bin/../lib/gcc/arm-none-eabi/13.2.1/../../../../arm-none-eabi/lib/thumb/v7-m/nofp\libc_nano.a(libc_a-impure.o)
 .ARM.attributes
                0x00000584       0x2d C:/Users/vegmi/AppData/Roaming/Code/User/globalStorage/bmd.stm32-for-vscode/@xpack-dev-tools/arm-none-eabi-gcc/13.2.1-1.1.1/.content/bin/../lib/gcc/arm-none-eabi/13.2.1/../../../../arm-none-eabi/lib/thumb/v7-m/nofp\libc_nano.a(libc_a-init.o)
 .ARM.attributes
                0x000005b1       0x2d C:/Users/vegmi/AppData/Roaming/Code/User/globalStorage/bmd.stm32-for-vscode/@xpack-dev-tools/arm-none-eabi-gcc/13.2.1-1.1.1/.content/bin/../lib/gcc/arm-none-eabi/13.2.1/../../../../arm-none-eabi/lib/thumb/v7-m/nofp\libc_nano.a(libc_a-lock.o)
 .ARM.attributes
                0x000005de       0x2d C:/Users/vegmi/AppData/Roaming/Code/User/globalStorage/bmd.stm32-for-vscode/@xpack-dev-tools/arm-none-eabi-gcc/13.2.1-1.1.1/.content/bin/../lib/gcc/arm-none-eabi/13.2.1/../../../../arm-none-eabi/lib/thumb/v7-m/nofp\libc_nano.a(libc_a-memcpy-stub.o)
 .ARM.attributes
                0x0000060b       0x17 C:/Users/vegmi/AppData/Roaming/Code/User/globalStorage/bmd.stm32-for-vscode/@xpack-dev-tools/arm-none-eabi-gcc/13.2.1-1.1.1/.content/bin/../lib/gcc/arm-none-eabi/13.2.1/../../../../arm-none-eabi/lib/thumb/v7-m/nofp\libc_nano.a(libc_a-strlen.o)
 .ARM.attributes
                0x00000622       0x2d C:/Users/vegmi/AppData/Roaming/Code/User/globalStorage/bmd.stm32-for-vscode/@xpack-dev-tools/arm-none-eabi-gcc/13.2.1-1.1.1/.content/bin/../lib/gcc/arm-none-eabi/13.2.1/../../../../arm-none-eabi/lib/thumb/v7-m/nofp\libc_nano.a(libc_a-freer.o)
 .ARM.attributes
                0x0000064f       0x2d C:/Users/vegmi/AppData/Roaming/Code/User/globalStorage/bmd.stm32-for-vscode/@xpack-dev-tools/arm-none-eabi-gcc/13.2.1-1.1.1/.content/bin/../lib/gcc/arm-none-eabi/13.2.1/../../../../arm-none-eabi/lib/thumb/v7-m/nofp\libc_nano.a(libc_a-mallocr.o)
 .ARM.attributes
                0x0000067c       0x2d C:/Users/vegmi/AppData/Roaming/Code/User/globalStorage/bmd.stm32-for-vscode/@xpack-dev-tools/arm-none-eabi-gcc/13.2.1-1.1.1/.content/bin/../lib/gcc/arm-none-eabi/13.2.1/../../../../arm-none-eabi/lib/thumb/v7-m/nofp\libc_nano.a(libc_a-mlock.o)
 .ARM.attributes
                0x000006a9       0x2d C:/Users/vegmi/AppData/Roaming/Code/User/globalStorage/bmd.stm32-for-vscode/@xpack-dev-tools/arm-none-eabi-gcc/13.2.1-1.1.1/.content/bin/../lib/gcc/arm-none-eabi/13.2.1/../../../../arm-none-eabi/lib/thumb/v7-m/nofp\libc_nano.a(libc_a-nano-svfprintf.o)
 .ARM.attributes
                0x000006d6       0x2d C:/Users/vegmi/AppData/Roaming/Code/User/globalStorage/bmd.stm32-for-vscode/@xpack-dev-tools/arm-none-eabi-gcc/13.2.1-1.1.1/.content/bin/../lib/gcc/arm-none-eabi/13.2.1/../../../../arm-none-eabi/lib/thumb/v7-m/nofp\libc_nano.a(libc_a-nano-vfprintf_i.o)
 .ARM.attributes
                0x00000703       0x2d C:/Users/vegmi/AppData/Roaming/Code/User/globalStorage/bmd.stm32-for-vscode/@xpack-dev-tools/arm-none-eabi-gcc/13.2.1-1.1.1/.content/bin/../lib/gcc/arm-none-eabi/13.2.1/../../../../arm-none-eabi/lib/thumb/v7-m/nofp\libc_nano.a(libc_a-memmove.o)
 .ARM.attributes
                0x00000730       0x2d C:/Users/vegmi/AppData/Roaming/Code/User/globalStorage/bmd.stm32-for-vscode/@xpack-dev-tools/arm-none-eabi-gcc/13.2.1-1.1.1/.content/bin/../lib/gcc/arm-none-eabi/13.2.1/../../../../arm-none-eabi/lib/thumb/v7-m/nofp\libc_nano.a(libc_a-sbrkr.o)
 .ARM.attributes
                0x0000075d       0x2d C:/Users/vegmi/AppData/Roaming/Code/User/globalStorage/bmd.stm32-for-vscode/@xpack-dev-tools/arm-none-eabi-gcc/13.2.1-1.1.1/.content/bin/../lib/gcc/arm-none-eabi/13.2.1/../../../../arm-none-eabi/lib/thumb/v7-m/nofp\libc_nano.a(libc_a-memchr-stub.o)
 .ARM.attributes
                0x0000078a       0x2d C:/Users/vegmi/AppData/Roaming/Code/User/globalStorage/bmd.stm32-for-vscode/@xpack-dev-tools/arm-none-eabi-gcc/13.2.1-1.1.1/.content/bin/../lib/gcc/arm-none-eabi/13.2.1/../../../../arm-none-eabi/lib/thumb/v7-m/nofp\libc_nano.a(libc_a-reallocr.o)
 .ARM.attributes
                0x000007b7       0x2d C:/Users/vegmi/AppData/Roaming/Code/User/globalStorage/bmd.stm32-for-vscode/@xpack-dev-tools/arm-none-eabi-gcc/13.2.1-1.1.1/.content/bin/../lib/gcc/arm-none-eabi/13.2.1/../../../../arm-none-eabi/lib/thumb/v7-m/nofp\libc_nano.a(libc_a-msizer.o)
 .ARM.attributes
                0x000007e4       0x2d C:/Users/vegmi/AppData/Roaming/Code/User/globalStorage/bmd.stm32-for-vscode/@xpack-dev-tools/arm-none-eabi-gcc/13.2.1-1.1.1/.content/bin/../lib/gcc/arm-none-eabi/13.2.1/../../../../arm-none-eabi/lib/thumb/v7-m/nofp\libm.a(libm_a-w_sqrt.o)
 .ARM.attributes
                0x00000811       0x2d C:/Users/vegmi/AppData/Roaming/Code/User/globalStorage/bmd.stm32-for-vscode/@xpack-dev-tools/arm-none-eabi-gcc/13.2.1-1.1.1/.content/bin/../lib/gcc/arm-none-eabi/13.2.1/../../../../arm-none-eabi/lib/thumb/v7-m/nofp\libm.a(libm_a-e_sqrt.o)
 .ARM.attributes
                0x0000083e       0x2d C:/Users/vegmi/AppData/Roaming/Code/User/globalStorage/bmd.stm32-for-vscode/@xpack-dev-tools/arm-none-eabi-gcc/13.2.1-1.1.1/.content/bin/../lib/gcc/arm-none-eabi/13.2.1/../../../../arm-none-eabi/lib/thumb/v7-m/nofp\libnosys.a(sbrk.o)
 .ARM.attributes
                0x0000086b       0x1d C:/Users/vegmi/AppData/Roaming/Code/User/globalStorage/bmd.stm32-for-vscode/@xpack-dev-tools/arm-none-eabi-gcc/13.2.1-1.1.1/.content/bin/../lib/gcc/arm-none-eabi/13.2.1/thumb/v7-m/nofp\libgcc.a(_arm_addsubdf3.o)
 .ARM.attributes
                0x00000888       0x1d C:/Users/vegmi/AppData/Roaming/Code/User/globalStorage/bmd.stm32-for-vscode/@xpack-dev-tools/arm-none-eabi-gcc/13.2.1-1.1.1/.content/bin/../lib/gcc/arm-none-eabi/13.2.1/thumb/v7-m/nofp\libgcc.a(_arm_muldivdf3.o)
 .ARM.attributes
                0x000008a5       0x1d C:/Users/vegmi/AppData/Roaming/Code/User/globalStorage/bmd.stm32-for-vscode/@xpack-dev-tools/arm-none-eabi-gcc/13.2.1-1.1.1/.content/bin/../lib/gcc/arm-none-eabi/13.2.1/thumb/v7-m/nofp\libgcc.a(_arm_cmpdf2.o)
 .ARM.attributes
                0x000008c2       0x1d C:/Users/vegmi/AppData/Roaming/Code/User/globalStorage/bmd.stm32-for-vscode/@xpack-dev-tools/arm-none-eabi-gcc/13.2.1-1.1.1/.content/bin/../lib/gcc/arm-none-eabi/13.2.1/thumb/v7-m/nofp\libgcc.a(_arm_unorddf2.o)
 .ARM.attributes
                0x000008df       0x1d C:/Users/vegmi/AppData/Roaming/Code/User/globalStorage/bmd.stm32-for-vscode/@xpack-dev-tools/arm-none-eabi-gcc/13.2.1-1.1.1/.content/bin/../lib/gcc/arm-none-eabi/13.2.1/thumb/v7-m/nofp\libgcc.a(_arm_truncdfsf2.o)
 .ARM.attributes
                0x000008fc       0x1d C:/Users/vegmi/AppData/Roaming/Code/User/globalStorage/bmd.stm32-for-vscode/@xpack-dev-tools/arm-none-eabi-gcc/13.2.1-1.1.1/.content/bin/../lib/gcc/arm-none-eabi/13.2.1/thumb/v7-m/nofp\libgcc.a(_arm_addsubsf3.o)
 .ARM.attributes
                0x00000919       0x1d C:/Users/vegmi/AppData/Roaming/Code/User/globalStorage/bmd.stm32-for-vscode/@xpack-dev-tools/arm-none-eabi-gcc/13.2.1-1.1.1/.content/bin/../lib/gcc/arm-none-eabi/13.2.1/thumb/v7-m/nofp\libgcc.a(_arm_muldivsf3.o)
 .ARM.attributes
                0x00000936       0x1d C:/Users/vegmi/AppData/Roaming/Code/User/globalStorage/bmd.stm32-for-vscode/@xpack-dev-tools/arm-none-eabi-gcc/13.2.1-1.1.1/.content/bin/../lib/gcc/arm-none-eabi/13.2.1/thumb/v7-m/nofp\libgcc.a(_arm_fixsfsi.o)
 .ARM.attributes
                0x00000953       0x2d C:/Users/vegmi/AppData/Roaming/Code/User/globalStorage/bmd.stm32-for-vscode/@xpack-dev-tools/arm-none-eabi-gcc/13.2.1-1.1.1/.content/bin/../lib/gcc/arm-none-eabi/13.2.1/../../../../arm-none-eabi/lib/thumb/v7-m/nofp\libc_nano.a(libc_a-errno.o)
 .ARM.attributes
                0x00000980       0x1d C:/Users/vegmi/AppData/Roaming/Code/User/globalStorage/bmd.stm32-for-vscode/@xpack-dev-tools/arm-none-eabi-gcc/13.2.1-1.1.1/.content/bin/../lib/gcc/arm-none-eabi/13.2.1/thumb/v7-m/nofp/crtn.o
OUTPUT(build/Test_IMU_threads.elf elf32-littlearm)
LOAD linker stubs
LOAD C:/Users/vegmi/AppData/Roaming/Code/User/globalStorage/bmd.stm32-for-vscode/@xpack-dev-tools/arm-none-eabi-gcc/13.2.1-1.1.1/.content/bin/../lib/gcc/arm-none-eabi/13.2.1/../../../../arm-none-eabi/lib/thumb/v7-m/nofp\libc.a
LOAD C:/Users/vegmi/AppData/Roaming/Code/User/globalStorage/bmd.stm32-for-vscode/@xpack-dev-tools/arm-none-eabi-gcc/13.2.1-1.1.1/.content/bin/../lib/gcc/arm-none-eabi/13.2.1/../../../../arm-none-eabi/lib/thumb/v7-m/nofp\libm.a
LOAD C:/Users/vegmi/AppData/Roaming/Code/User/globalStorage/bmd.stm32-for-vscode/@xpack-dev-tools/arm-none-eabi-gcc/13.2.1-1.1.1/.content/bin/../lib/gcc/arm-none-eabi/13.2.1/thumb/v7-m/nofp\libgcc.a

.comment        0x00000000       0x39
 .comment       0x00000000       0x39 C:/Users/vegmi/AppData/Roaming/Code/User/globalStorage/bmd.stm32-for-vscode/@xpack-dev-tools/arm-none-eabi-gcc/13.2.1-1.1.1/.content/bin/../lib/gcc/arm-none-eabi/13.2.1/thumb/v7-m/nofp/crtbegin.o
                                 0x3a (size before relaxing)
 .comment       0x00000039       0x3a build/freertos.o
 .comment       0x00000039       0x3a build/lsm6dso_accelerometer.o
 .comment       0x00000039       0x3a build/lsm6dso_gyroscope.o
 .comment       0x00000039       0x3a build/main.o
 .comment       0x00000039       0x3a build/stm32f1xx_hal_msp.o
 .comment       0x00000039       0x3a build/stm32f1xx_hal_timebase_tim.o
 .comment       0x00000039       0x3a build/stm32f1xx_it.o
 .comment       0x00000039       0x3a build/stts751_temperature_sensor.o
 .comment       0x00000039       0x3a build/system_stm32f1xx.o
 .comment       0x00000039       0x3a build/stm32f1xx_hal.o
 .comment       0x00000039       0x3a build/stm32f1xx_hal_cortex.o
 .comment       0x00000039       0x3a build/stm32f1xx_hal_gpio.o
 .comment       0x00000039       0x3a build/stm32f1xx_hal_i2c.o
 .comment       0x00000039       0x3a build/stm32f1xx_hal_rcc.o
 .comment       0x00000039       0x3a build/stm32f1xx_hal_tim.o
 .comment       0x00000039       0x3a build/stm32f1xx_hal_tim_ex.o
 .comment       0x00000039       0x3a build/stm32f1xx_hal_uart.o
 .comment       0x00000039       0x3a build/cmsis_os2.o
 .comment       0x00000039       0x3a build/list.o
 .comment       0x00000039       0x3a build/port.o
 .comment       0x00000039       0x3a build/heap_4.o
 .comment       0x00000039       0x3a build/queue.o
 .comment       0x00000039       0x3a build/tasks.o
 .comment       0x00000039       0x3a build/timers.o
 .comment       0x00000039       0x3a C:/Users/vegmi/AppData/Roaming/Code/User/globalStorage/bmd.stm32-for-vscode/@xpack-dev-tools/arm-none-eabi-gcc/13.2.1-1.1.1/.content/bin/../lib/gcc/arm-none-eabi/13.2.1/../../../../arm-none-eabi/lib/thumb/v7-m/nofp\libc_nano.a(libc_a-findfp.o)
 .comment       0x00000039       0x3a C:/Users/vegmi/AppData/Roaming/Code/User/globalStorage/bmd.stm32-for-vscode/@xpack-dev-tools/arm-none-eabi-gcc/13.2.1-1.1.1/.content/bin/../lib/gcc/arm-none-eabi/13.2.1/../../../../arm-none-eabi/lib/thumb/v7-m/nofp\libc_nano.a(libc_a-sprintf.o)
 .comment       0x00000039       0x3a C:/Users/vegmi/AppData/Roaming/Code/User/globalStorage/bmd.stm32-for-vscode/@xpack-dev-tools/arm-none-eabi-gcc/13.2.1-1.1.1/.content/bin/../lib/gcc/arm-none-eabi/13.2.1/../../../../arm-none-eabi/lib/thumb/v7-m/nofp\libc_nano.a(libc_a-memset.o)
 .comment       0x00000039       0x3a C:/Users/vegmi/AppData/Roaming/Code/User/globalStorage/bmd.stm32-for-vscode/@xpack-dev-tools/arm-none-eabi-gcc/13.2.1-1.1.1/.content/bin/../lib/gcc/arm-none-eabi/13.2.1/../../../../arm-none-eabi/lib/thumb/v7-m/nofp\libc_nano.a(libc_a-reent.o)
 .comment       0x00000039       0x3a C:/Users/vegmi/AppData/Roaming/Code/User/globalStorage/bmd.stm32-for-vscode/@xpack-dev-tools/arm-none-eabi-gcc/13.2.1-1.1.1/.content/bin/../lib/gcc/arm-none-eabi/13.2.1/../../../../arm-none-eabi/lib/thumb/v7-m/nofp\libc_nano.a(libc_a-impure.o)
 .comment       0x00000039       0x3a C:/Users/vegmi/AppData/Roaming/Code/User/globalStorage/bmd.stm32-for-vscode/@xpack-dev-tools/arm-none-eabi-gcc/13.2.1-1.1.1/.content/bin/../lib/gcc/arm-none-eabi/13.2.1/../../../../arm-none-eabi/lib/thumb/v7-m/nofp\libc_nano.a(libc_a-init.o)
 .comment       0x00000039       0x3a C:/Users/vegmi/AppData/Roaming/Code/User/globalStorage/bmd.stm32-for-vscode/@xpack-dev-tools/arm-none-eabi-gcc/13.2.1-1.1.1/.content/bin/../lib/gcc/arm-none-eabi/13.2.1/../../../../arm-none-eabi/lib/thumb/v7-m/nofp\libc_nano.a(libc_a-lock.o)
 .comment       0x00000039       0x3a C:/Users/vegmi/AppData/Roaming/Code/User/globalStorage/bmd.stm32-for-vscode/@xpack-dev-tools/arm-none-eabi-gcc/13.2.1-1.1.1/.content/bin/../lib/gcc/arm-none-eabi/13.2.1/../../../../arm-none-eabi/lib/thumb/v7-m/nofp\libc_nano.a(libc_a-memcpy-stub.o)
 .comment       0x00000039       0x3a C:/Users/vegmi/AppData/Roaming/Code/User/globalStorage/bmd.stm32-for-vscode/@xpack-dev-tools/arm-none-eabi-gcc/13.2.1-1.1.1/.content/bin/../lib/gcc/arm-none-eabi/13.2.1/../../../../arm-none-eabi/lib/thumb/v7-m/nofp\libc_nano.a(libc_a-freer.o)
 .comment       0x00000039       0x3a C:/Users/vegmi/AppData/Roaming/Code/User/globalStorage/bmd.stm32-for-vscode/@xpack-dev-tools/arm-none-eabi-gcc/13.2.1-1.1.1/.content/bin/../lib/gcc/arm-none-eabi/13.2.1/../../../../arm-none-eabi/lib/thumb/v7-m/nofp\libc_nano.a(libc_a-mallocr.o)
 .comment       0x00000039       0x3a C:/Users/vegmi/AppData/Roaming/Code/User/globalStorage/bmd.stm32-for-vscode/@xpack-dev-tools/arm-none-eabi-gcc/13.2.1-1.1.1/.content/bin/../lib/gcc/arm-none-eabi/13.2.1/../../../../arm-none-eabi/lib/thumb/v7-m/nofp\libc_nano.a(libc_a-mlock.o)
 .comment       0x00000039       0x3a C:/Users/vegmi/AppData/Roaming/Code/User/globalStorage/bmd.stm32-for-vscode/@xpack-dev-tools/arm-none-eabi-gcc/13.2.1-1.1.1/.content/bin/../lib/gcc/arm-none-eabi/13.2.1/../../../../arm-none-eabi/lib/thumb/v7-m/nofp\libc_nano.a(libc_a-nano-svfprintf.o)
 .comment       0x00000039       0x3a C:/Users/vegmi/AppData/Roaming/Code/User/globalStorage/bmd.stm32-for-vscode/@xpack-dev-tools/arm-none-eabi-gcc/13.2.1-1.1.1/.content/bin/../lib/gcc/arm-none-eabi/13.2.1/../../../../arm-none-eabi/lib/thumb/v7-m/nofp\libc_nano.a(libc_a-nano-vfprintf_i.o)
 .comment       0x00000039       0x3a C:/Users/vegmi/AppData/Roaming/Code/User/globalStorage/bmd.stm32-for-vscode/@xpack-dev-tools/arm-none-eabi-gcc/13.2.1-1.1.1/.content/bin/../lib/gcc/arm-none-eabi/13.2.1/../../../../arm-none-eabi/lib/thumb/v7-m/nofp\libc_nano.a(libc_a-memmove.o)
 .comment       0x00000039       0x3a C:/Users/vegmi/AppData/Roaming/Code/User/globalStorage/bmd.stm32-for-vscode/@xpack-dev-tools/arm-none-eabi-gcc/13.2.1-1.1.1/.content/bin/../lib/gcc/arm-none-eabi/13.2.1/../../../../arm-none-eabi/lib/thumb/v7-m/nofp\libc_nano.a(libc_a-sbrkr.o)
 .comment       0x00000039       0x3a C:/Users/vegmi/AppData/Roaming/Code/User/globalStorage/bmd.stm32-for-vscode/@xpack-dev-tools/arm-none-eabi-gcc/13.2.1-1.1.1/.content/bin/../lib/gcc/arm-none-eabi/13.2.1/../../../../arm-none-eabi/lib/thumb/v7-m/nofp\libc_nano.a(libc_a-memchr-stub.o)
 .comment       0x00000039       0x3a C:/Users/vegmi/AppData/Roaming/Code/User/globalStorage/bmd.stm32-for-vscode/@xpack-dev-tools/arm-none-eabi-gcc/13.2.1-1.1.1/.content/bin/../lib/gcc/arm-none-eabi/13.2.1/../../../../arm-none-eabi/lib/thumb/v7-m/nofp\libc_nano.a(libc_a-reallocr.o)
 .comment       0x00000039       0x3a C:/Users/vegmi/AppData/Roaming/Code/User/globalStorage/bmd.stm32-for-vscode/@xpack-dev-tools/arm-none-eabi-gcc/13.2.1-1.1.1/.content/bin/../lib/gcc/arm-none-eabi/13.2.1/../../../../arm-none-eabi/lib/thumb/v7-m/nofp\libc_nano.a(libc_a-msizer.o)
 .comment       0x00000039       0x3a C:/Users/vegmi/AppData/Roaming/Code/User/globalStorage/bmd.stm32-for-vscode/@xpack-dev-tools/arm-none-eabi-gcc/13.2.1-1.1.1/.content/bin/../lib/gcc/arm-none-eabi/13.2.1/../../../../arm-none-eabi/lib/thumb/v7-m/nofp\libm.a(libm_a-w_sqrt.o)
 .comment       0x00000039       0x3a C:/Users/vegmi/AppData/Roaming/Code/User/globalStorage/bmd.stm32-for-vscode/@xpack-dev-tools/arm-none-eabi-gcc/13.2.1-1.1.1/.content/bin/../lib/gcc/arm-none-eabi/13.2.1/../../../../arm-none-eabi/lib/thumb/v7-m/nofp\libm.a(libm_a-e_sqrt.o)
 .comment       0x00000039       0x3a C:/Users/vegmi/AppData/Roaming/Code/User/globalStorage/bmd.stm32-for-vscode/@xpack-dev-tools/arm-none-eabi-gcc/13.2.1-1.1.1/.content/bin/../lib/gcc/arm-none-eabi/13.2.1/../../../../arm-none-eabi/lib/thumb/v7-m/nofp\libnosys.a(sbrk.o)
 .comment       0x00000039       0x3a C:/Users/vegmi/AppData/Roaming/Code/User/globalStorage/bmd.stm32-for-vscode/@xpack-dev-tools/arm-none-eabi-gcc/13.2.1-1.1.1/.content/bin/../lib/gcc/arm-none-eabi/13.2.1/../../../../arm-none-eabi/lib/thumb/v7-m/nofp\libc_nano.a(libc_a-errno.o)

.debug_info     0x00000000    0x21b1b
 .debug_info    0x00000000       0xa3 build/freertos.o
 .debug_info    0x000000a3      0xc7b build/lsm6dso_accelerometer.o
 .debug_info    0x00000d1e      0x717 build/lsm6dso_gyroscope.o
 .debug_info    0x00001435     0x1af8 build/main.o
 .debug_info    0x00002f2d      0xd5a build/stm32f1xx_hal_msp.o
 .debug_info    0x00003c87      0xa48 build/stm32f1xx_hal_timebase_tim.o
 .debug_info    0x000046cf      0x6c2 build/stm32f1xx_it.o
 .debug_info    0x00004d91      0x878 build/stts751_temperature_sensor.o
 .debug_info    0x00005609      0x22d build/system_stm32f1xx.o
 .debug_info    0x00005836      0x7a2 build/stm32f1xx_hal.o
 .debug_info    0x00005fd8      0xcd9 build/stm32f1xx_hal_cortex.o
 .debug_info    0x00006cb1      0x604 build/stm32f1xx_hal_gpio.o
 .debug_info    0x000072b5     0x3905 build/stm32f1xx_hal_i2c.o
 .debug_info    0x0000abba      0x9c7 build/stm32f1xx_hal_rcc.o
 .debug_info    0x0000b581     0x3be7 build/stm32f1xx_hal_tim.o
 .debug_info    0x0000f168     0x1aac build/stm32f1xx_hal_tim_ex.o
 .debug_info    0x00010c14     0x407d build/stm32f1xx_hal_uart.o
 .debug_info    0x00014c91     0x4e0a build/cmsis_os2.o
 .debug_info    0x00019a9b      0x2ba build/list.o
 .debug_info    0x00019d55      0x505 build/port.o
 .debug_info    0x0001a25a      0x444 build/heap_4.o
 .debug_info    0x0001a69e     0x26cd build/queue.o
 .debug_info    0x0001cd6b     0x2fa2 build/tasks.o
 .debug_info    0x0001fd0d     0x19fd build/timers.o
 .debug_info    0x0002170a       0x30 build/startup_stm32f103xb.o
 .debug_info    0x0002173a       0xd3 C:/Users/vegmi/AppData/Roaming/Code/User/globalStorage/bmd.stm32-for-vscode/@xpack-dev-tools/arm-none-eabi-gcc/13.2.1-1.1.1/.content/bin/../lib/gcc/arm-none-eabi/13.2.1/thumb/v7-m/nofp\libgcc.a(_arm_addsubdf3.o)
 .debug_info    0x0002180d       0x57 C:/Users/vegmi/AppData/Roaming/Code/User/globalStorage/bmd.stm32-for-vscode/@xpack-dev-tools/arm-none-eabi-gcc/13.2.1-1.1.1/.content/bin/../lib/gcc/arm-none-eabi/13.2.1/thumb/v7-m/nofp\libgcc.a(_arm_muldivdf3.o)
 .debug_info    0x00021864       0xdf C:/Users/vegmi/AppData/Roaming/Code/User/globalStorage/bmd.stm32-for-vscode/@xpack-dev-tools/arm-none-eabi-gcc/13.2.1-1.1.1/.content/bin/../lib/gcc/arm-none-eabi/13.2.1/thumb/v7-m/nofp\libgcc.a(_arm_cmpdf2.o)
 .debug_info    0x00021943       0x3c C:/Users/vegmi/AppData/Roaming/Code/User/globalStorage/bmd.stm32-for-vscode/@xpack-dev-tools/arm-none-eabi-gcc/13.2.1-1.1.1/.content/bin/../lib/gcc/arm-none-eabi/13.2.1/thumb/v7-m/nofp\libgcc.a(_arm_unorddf2.o)
 .debug_info    0x0002197f       0x3f C:/Users/vegmi/AppData/Roaming/Code/User/globalStorage/bmd.stm32-for-vscode/@xpack-dev-tools/arm-none-eabi-gcc/13.2.1-1.1.1/.content/bin/../lib/gcc/arm-none-eabi/13.2.1/thumb/v7-m/nofp\libgcc.a(_arm_truncdfsf2.o)
 .debug_info    0x000219be       0xca C:/Users/vegmi/AppData/Roaming/Code/User/globalStorage/bmd.stm32-for-vscode/@xpack-dev-tools/arm-none-eabi-gcc/13.2.1-1.1.1/.content/bin/../lib/gcc/arm-none-eabi/13.2.1/thumb/v7-m/nofp\libgcc.a(_arm_addsubsf3.o)
 .debug_info    0x00021a88       0x57 C:/Users/vegmi/AppData/Roaming/Code/User/globalStorage/bmd.stm32-for-vscode/@xpack-dev-tools/arm-none-eabi-gcc/13.2.1-1.1.1/.content/bin/../lib/gcc/arm-none-eabi/13.2.1/thumb/v7-m/nofp\libgcc.a(_arm_muldivsf3.o)
 .debug_info    0x00021adf       0x3c C:/Users/vegmi/AppData/Roaming/Code/User/globalStorage/bmd.stm32-for-vscode/@xpack-dev-tools/arm-none-eabi-gcc/13.2.1-1.1.1/.content/bin/../lib/gcc/arm-none-eabi/13.2.1/thumb/v7-m/nofp\libgcc.a(_arm_fixsfsi.o)

.debug_abbrev   0x00000000     0x3c4b
 .debug_abbrev  0x00000000       0x5e build/freertos.o
 .debug_abbrev  0x0000005e      0x245 build/lsm6dso_accelerometer.o
 .debug_abbrev  0x000002a3      0x181 build/lsm6dso_gyroscope.o
 .debug_abbrev  0x00000424      0x34a build/main.o
 .debug_abbrev  0x0000076e      0x1f2 build/stm32f1xx_hal_msp.o
 .debug_abbrev  0x00000960      0x231 build/stm32f1xx_hal_timebase_tim.o
 .debug_abbrev  0x00000b91      0x1ae build/stm32f1xx_it.o
 .debug_abbrev  0x00000d3f      0x1cc build/stts751_temperature_sensor.o
 .debug_abbrev  0x00000f0b      0x143 build/system_stm32f1xx.o
 .debug_abbrev  0x0000104e      0x22d build/stm32f1xx_hal.o
 .debug_abbrev  0x0000127b      0x36d build/stm32f1xx_hal_cortex.o
 .debug_abbrev  0x000015e8      0x1f7 build/stm32f1xx_hal_gpio.o
 .debug_abbrev  0x000017df      0x2be build/stm32f1xx_hal_i2c.o
 .debug_abbrev  0x00001a9d      0x2a0 build/stm32f1xx_hal_rcc.o
 .debug_abbrev  0x00001d3d      0x270 build/stm32f1xx_hal_tim.o
 .debug_abbrev  0x00001fad      0x26e build/stm32f1xx_hal_tim_ex.o
 .debug_abbrev  0x0000221b      0x31c build/stm32f1xx_hal_uart.o
 .debug_abbrev  0x00002537      0x49f build/cmsis_os2.o
 .debug_abbrev  0x000029d6      0x10a build/list.o
 .debug_abbrev  0x00002ae0      0x2a4 build/port.o
 .debug_abbrev  0x00002d84      0x24b build/heap_4.o
 .debug_abbrev  0x00002fcf      0x40c build/queue.o
 .debug_abbrev  0x000033db      0x393 build/tasks.o
 .debug_abbrev  0x0000376e      0x379 build/timers.o
 .debug_abbrev  0x00003ae7       0x24 build/startup_stm32f103xb.o
 .debug_abbrev  0x00003b0b       0x28 C:/Users/vegmi/AppData/Roaming/Code/User/globalStorage/bmd.stm32-for-vscode/@xpack-dev-tools/arm-none-eabi-gcc/13.2.1-1.1.1/.content/bin/../lib/gcc/arm-none-eabi/13.2.1/thumb/v7-m/nofp\libgcc.a(_arm_addsubdf3.o)
 .debug_abbrev  0x00003b33       0x28 C:/Users/vegmi/AppData/Roaming/Code/User/globalStorage/bmd.stm32-for-vscode/@xpack-dev-tools/arm-none-eabi-gcc/13.2.1-1.1.1/.content/bin/../lib/gcc/arm-none-eabi/13.2.1/thumb/v7-m/nofp\libgcc.a(_arm_muldivdf3.o)
 .debug_abbrev  0x00003b5b       0x28 C:/Users/vegmi/AppData/Roaming/Code/User/globalStorage/bmd.stm32-for-vscode/@xpack-dev-tools/arm-none-eabi-gcc/13.2.1-1.1.1/.content/bin/../lib/gcc/arm-none-eabi/13.2.1/thumb/v7-m/nofp\libgcc.a(_arm_cmpdf2.o)
 .debug_abbrev  0x00003b83       0x28 C:/Users/vegmi/AppData/Roaming/Code/User/globalStorage/bmd.stm32-for-vscode/@xpack-dev-tools/arm-none-eabi-gcc/13.2.1-1.1.1/.content/bin/../lib/gcc/arm-none-eabi/13.2.1/thumb/v7-m/nofp\libgcc.a(_arm_unorddf2.o)
 .debug_abbrev  0x00003bab       0x28 C:/Users/vegmi/AppData/Roaming/Code/User/globalStorage/bmd.stm32-for-vscode/@xpack-dev-tools/arm-none-eabi-gcc/13.2.1-1.1.1/.content/bin/../lib/gcc/arm-none-eabi/13.2.1/thumb/v7-m/nofp\libgcc.a(_arm_truncdfsf2.o)
 .debug_abbrev  0x00003bd3       0x28 C:/Users/vegmi/AppData/Roaming/Code/User/globalStorage/bmd.stm32-for-vscode/@xpack-dev-tools/arm-none-eabi-gcc/13.2.1-1.1.1/.content/bin/../lib/gcc/arm-none-eabi/13.2.1/thumb/v7-m/nofp\libgcc.a(_arm_addsubsf3.o)
 .debug_abbrev  0x00003bfb       0x28 C:/Users/vegmi/AppData/Roaming/Code/User/globalStorage/bmd.stm32-for-vscode/@xpack-dev-tools/arm-none-eabi-gcc/13.2.1-1.1.1/.content/bin/../lib/gcc/arm-none-eabi/13.2.1/thumb/v7-m/nofp\libgcc.a(_arm_muldivsf3.o)
 .debug_abbrev  0x00003c23       0x28 C:/Users/vegmi/AppData/Roaming/Code/User/globalStorage/bmd.stm32-for-vscode/@xpack-dev-tools/arm-none-eabi-gcc/13.2.1-1.1.1/.content/bin/../lib/gcc/arm-none-eabi/13.2.1/thumb/v7-m/nofp\libgcc.a(_arm_fixsfsi.o)

.debug_aranges  0x00000000     0x1700
 .debug_aranges
                0x00000000       0x28 build/freertos.o
 .debug_aranges
                0x00000028       0x38 build/lsm6dso_accelerometer.o
 .debug_aranges
                0x00000060       0x20 build/lsm6dso_gyroscope.o
 .debug_aranges
                0x00000080       0x70 build/main.o
 .debug_aranges
                0x000000f0       0x40 build/stm32f1xx_hal_msp.o
 .debug_aranges
                0x00000130       0x30 build/stm32f1xx_hal_timebase_tim.o
 .debug_aranges
                0x00000160       0x58 build/stm32f1xx_it.o
 .debug_aranges
                0x000001b8       0x28 build/stts751_temperature_sensor.o
 .debug_aranges
                0x000001e0       0x28 build/system_stm32f1xx.o
 .debug_aranges
                0x00000208       0xe0 build/stm32f1xx_hal.o
 .debug_aranges
                0x000002e8       0xc0 build/stm32f1xx_hal_cortex.o
 .debug_aranges
                0x000003a8       0x58 build/stm32f1xx_hal_gpio.o
 .debug_aranges
                0x00000400      0x2a8 build/stm32f1xx_hal_i2c.o
 .debug_aranges
                0x000006a8       0x90 build/stm32f1xx_hal_rcc.o
 .debug_aranges
                0x00000738      0x3d0 build/stm32f1xx_hal_tim.o
 .debug_aranges
                0x00000b08      0x168 build/stm32f1xx_hal_tim_ex.o
 .debug_aranges
                0x00000c70      0x208 build/stm32f1xx_hal_uart.o
 .debug_aranges
                0x00000e78      0x228 build/cmsis_os2.o
 .debug_aranges
                0x000010a0       0x40 build/list.o
 .debug_aranges
                0x000010e0       0x78 build/port.o
 .debug_aranges
                0x00001158       0x50 build/heap_4.o
 .debug_aranges
                0x000011a8      0x158 build/queue.o
 .debug_aranges
                0x00001300      0x1f8 build/tasks.o
 .debug_aranges
                0x000014f8       0xe0 build/timers.o
 .debug_aranges
                0x000015d8       0x28 build/startup_stm32f103xb.o
 .debug_aranges
                0x00001600       0x20 C:/Users/vegmi/AppData/Roaming/Code/User/globalStorage/bmd.stm32-for-vscode/@xpack-dev-tools/arm-none-eabi-gcc/13.2.1-1.1.1/.content/bin/../lib/gcc/arm-none-eabi/13.2.1/thumb/v7-m/nofp\libgcc.a(_arm_addsubdf3.o)
 .debug_aranges
                0x00001620       0x20 C:/Users/vegmi/AppData/Roaming/Code/User/globalStorage/bmd.stm32-for-vscode/@xpack-dev-tools/arm-none-eabi-gcc/13.2.1-1.1.1/.content/bin/../lib/gcc/arm-none-eabi/13.2.1/thumb/v7-m/nofp\libgcc.a(_arm_muldivdf3.o)
 .debug_aranges
                0x00001640       0x20 C:/Users/vegmi/AppData/Roaming/Code/User/globalStorage/bmd.stm32-for-vscode/@xpack-dev-tools/arm-none-eabi-gcc/13.2.1-1.1.1/.content/bin/../lib/gcc/arm-none-eabi/13.2.1/thumb/v7-m/nofp\libgcc.a(_arm_cmpdf2.o)
 .debug_aranges
                0x00001660       0x20 C:/Users/vegmi/AppData/Roaming/Code/User/globalStorage/bmd.stm32-for-vscode/@xpack-dev-tools/arm-none-eabi-gcc/13.2.1-1.1.1/.content/bin/../lib/gcc/arm-none-eabi/13.2.1/thumb/v7-m/nofp\libgcc.a(_arm_unorddf2.o)
 .debug_aranges
                0x00001680       0x20 C:/Users/vegmi/AppData/Roaming/Code/User/globalStorage/bmd.stm32-for-vscode/@xpack-dev-tools/arm-none-eabi-gcc/13.2.1-1.1.1/.content/bin/../lib/gcc/arm-none-eabi/13.2.1/thumb/v7-m/nofp\libgcc.a(_arm_truncdfsf2.o)
 .debug_aranges
                0x000016a0       0x20 C:/Users/vegmi/AppData/Roaming/Code/User/globalStorage/bmd.stm32-for-vscode/@xpack-dev-tools/arm-none-eabi-gcc/13.2.1-1.1.1/.content/bin/../lib/gcc/arm-none-eabi/13.2.1/thumb/v7-m/nofp\libgcc.a(_arm_addsubsf3.o)
 .debug_aranges
                0x000016c0       0x20 C:/Users/vegmi/AppData/Roaming/Code/User/globalStorage/bmd.stm32-for-vscode/@xpack-dev-tools/arm-none-eabi-gcc/13.2.1-1.1.1/.content/bin/../lib/gcc/arm-none-eabi/13.2.1/thumb/v7-m/nofp\libgcc.a(_arm_muldivsf3.o)
 .debug_aranges
                0x000016e0       0x20 C:/Users/vegmi/AppData/Roaming/Code/User/globalStorage/bmd.stm32-for-vscode/@xpack-dev-tools/arm-none-eabi-gcc/13.2.1-1.1.1/.content/bin/../lib/gcc/arm-none-eabi/13.2.1/thumb/v7-m/nofp\libgcc.a(_arm_fixsfsi.o)

.debug_rnglists
                0x00000000     0x11fb
 .debug_rnglists
                0x00000000       0x19 build/freertos.o
 .debug_rnglists
                0x00000019       0x33 build/lsm6dso_accelerometer.o
 .debug_rnglists
                0x0000004c       0x13 build/lsm6dso_gyroscope.o
 .debug_rnglists
                0x0000005f       0x52 build/main.o
 .debug_rnglists
                0x000000b1       0x2b build/stm32f1xx_hal_msp.o
 .debug_rnglists
                0x000000dc       0x20 build/stm32f1xx_hal_timebase_tim.o
 .debug_rnglists
                0x000000fc       0x3d build/stm32f1xx_it.o
 .debug_rnglists
                0x00000139       0x19 build/stts751_temperature_sensor.o
 .debug_rnglists
                0x00000152       0x1a build/system_stm32f1xx.o
 .debug_rnglists
                0x0000016c       0xa3 build/stm32f1xx_hal.o
 .debug_rnglists
                0x0000020f       0x8b build/stm32f1xx_hal_cortex.o
 .debug_rnglists
                0x0000029a       0x3f build/stm32f1xx_hal_gpio.o
 .debug_rnglists
                0x000002d9      0x236 build/stm32f1xx_hal_i2c.o
 .debug_rnglists
                0x0000050f       0x7d build/stm32f1xx_hal_rcc.o
 .debug_rnglists
                0x0000058c      0x2fe build/stm32f1xx_hal_tim.o
 .debug_rnglists
                0x0000088a      0x11a build/stm32f1xx_hal_tim_ex.o
 .debug_rnglists
                0x000009a4      0x1a1 build/stm32f1xx_hal_uart.o
 .debug_rnglists
                0x00000b45      0x1a6 build/cmsis_os2.o
 .debug_rnglists
                0x00000ceb       0x2b build/list.o
 .debug_rnglists
                0x00000d16       0x56 build/port.o
 .debug_rnglists
                0x00000d6c       0x38 build/heap_4.o
 .debug_rnglists
                0x00000da4      0x170 build/queue.o
 .debug_rnglists
                0x00000f14      0x22a build/tasks.o
 .debug_rnglists
                0x0000113e       0xa4 build/timers.o
 .debug_rnglists
                0x000011e2       0x19 build/startup_stm32f103xb.o

.debug_line     0x00000000    0x1cca5
 .debug_line    0x00000000       0x5b build/freertos.o
 .debug_line    0x0000005b      0x4c3 build/lsm6dso_accelerometer.o
 .debug_line    0x0000051e      0x264 build/lsm6dso_gyroscope.o
 .debug_line    0x00000782      0x8c1 build/main.o
 .debug_line    0x00001043      0x3da build/stm32f1xx_hal_msp.o
 .debug_line    0x0000141d      0x398 build/stm32f1xx_hal_timebase_tim.o
 .debug_line    0x000017b5      0x318 build/stm32f1xx_it.o
 .debug_line    0x00001acd      0x2fc build/stts751_temperature_sensor.o
 .debug_line    0x00001dc9      0x2cd build/system_stm32f1xx.o
 .debug_line    0x00002096      0x5b6 build/stm32f1xx_hal.o
 .debug_line    0x0000264c      0x72f build/stm32f1xx_hal_cortex.o
 .debug_line    0x00002d7b      0x658 build/stm32f1xx_hal_gpio.o
 .debug_line    0x000033d3     0x5669 build/stm32f1xx_hal_i2c.o
 .debug_line    0x00008a3c      0xd32 build/stm32f1xx_hal_rcc.o
 .debug_line    0x0000976e     0x4684 build/stm32f1xx_hal_tim.o